09-22 07:09:36.788  1975  1975 I GCoreUlr: DispatchingService.onDestroy()
09-22 07:09:36.790  1975  1975 I GCoreUlr: Stopping handler for UlrDispSvcFast
09-22 07:09:36.791  2182  2576 I MS_RegisterService: Throttling registration.
09-22 07:09:36.795  2182  2815 E ActivityThread: Failed to find provider info for com.google.android.wearable.settings
09-22 07:09:36.795  1975  1975 I GCoreUlr: Unbound from all location providers
09-22 07:09:36.795  1975  1975 I GCoreUlr: Place inference reporting - stop
09-22 07:09:36.826  2182  2682 I Icing   : updateResources: need to parse snt{com.google.android.gms}
09-22 07:09:36.833  2456  2456 W System  : ClassLoader referenced unknown path: /system/priv-app/PrebuiltGmsCore/lib/x86
09-22 07:09:36.834  2456  2456 D ApplicationLoaders: ignored Vulkan layer search path /system/priv-app/PrebuiltGmsCore/lib/x86:/system/fake-libs:/system/priv-app/PrebuiltGmsCore/PrebuiltGmsCore.apk!/lib/x86:/system/lib:/vendor/lib for namespace 0xada85090
09-22 07:09:36.845  2456  2456 W linker  : /system/priv-app/PrebuiltGmsCore/PrebuiltGmsCore.apk!/lib/x86/libgmscore.so: unused DT entry: type 0x7ffffffd arg 0x754
09-22 07:09:36.849  2456  2456 W linker  : /system/priv-app/PrebuiltGmsCore/PrebuiltGmsCore.apk!/lib/x86/libconscrypt_gmscore_jni.so: unused DT entry: type 0x7ffffffd arg 0x174
09-22 07:09:36.849  2456  2456 V JNIHelp : Registering com/google/android/gms/org/conscrypt/NativeCrypto's 242 native methods...
09-22 07:09:36.857  2456  2456 D NetworkSecurityConfig: No Network Security Config specified, using platform default
09-22 07:09:36.859  2456  2456 I ProviderInstaller: Installed default security provider GmsCore_OpenSSL
09-22 07:09:36.969  2456  2476 W System  : ClassLoader referenced unknown path: 
09-22 07:09:36.969  2456  2476 W System  : ClassLoader referenced unknown path: /system/priv-app/PrebuiltGmsCore/lib/x86
09-22 07:09:36.971  2456  2476 D ApplicationLoaders: ignored Vulkan layer search path /system/priv-app/PrebuiltGmsCore/lib/x86:/system/fake-libs:/system/priv-app/PrebuiltGmsCore/PrebuiltGmsCore.apk!/lib/x86:/system/lib:/vendor/lib for namespace 0xada850d0
09-22 07:09:37.043  1975  2276 W GeofencerStateMachine: Ignoring removeGeofence because network location is disabled.
09-22 07:09:37.203  1350  1388 D WVCdm   : Instantiating CDM.
09-22 07:09:37.205  1350  2845 I WVCdm   : CdmEngine::OpenSession
09-22 07:09:37.205  2182  2682 I Icing   : Internal init done: storage state 0
09-22 07:09:37.205  1350  2845 I WVCdm   : Level3 Library 4464 Sep 10 2016 21:49:53
09-22 07:09:37.209  1350  2845 W WVCdm   : Could not load liboemcrypto.so. Falling back to L3.  dlopen failed: library "liboemcrypto.so" not found
09-22 07:09:37.213  1350  2845 I WVCdm   : CdmEngine::QueryKeyControlInfo
09-22 07:09:37.213  1350  1388 I WVCdm   : CdmEngine::GenerateKeyRequest
09-22 07:09:37.214  1350  1388 D WVCdm   : PrepareKeyRequest: nonce=3626922995
09-22 07:09:37.227  2655  2655 W Binder:2655_1: type=1400 audit(0.0:11): avc: denied { read } for name="/" dev="tmpfs" ino=4099 scontext=u:r:priv_app:s0:c512,c768 tcontext=u:object_r:device:s0 tclass=dir permissive=0
09-22 07:09:37.253  2182  2682 I Icing   : Post-init done
09-22 07:09:37.280  1350  1350 I WVCdm   : CdmEngine::CloseSession
09-22 07:09:37.281  1350  1388 I WVCdm   : CdmEngine::OpenSession
09-22 07:09:37.281  1350  1388 I WVCdm   : Level3 Library 4464 Sep 10 2016 21:49:53
09-22 07:09:37.282  1350  1388 W WVCdm   : Could not load liboemcrypto.so. Falling back to L3.  dlopen failed: library "liboemcrypto.so" not found
09-22 07:09:37.283  1350  1388 I WVCdm   : CdmEngine::QueryKeyControlInfo
09-22 07:09:37.284  1350  1388 I WVCdm   : CdmEngine::GenerateKeyRequest
09-22 07:09:37.285  1350  1388 D WVCdm   : PrepareKeyRequest: nonce=3626922995
09-22 07:09:37.290  2182  2682 I Icing   : App usage reports: 1
09-22 07:09:37.290  2182  2682 I Icing   : Usage reports 1 indexed 0 rejected 0 imm upload false
09-22 07:09:37.297  2182  2682 I Icing   : Usage reports 0 indexed 0 rejected 0 imm upload false
09-22 07:09:37.304  2182  2682 I Icing   : Usage reports 0 indexed 0 rejected 0 imm upload false
09-22 07:09:37.309  2182  2682 I Icing   : Usage reports 0 indexed 0 rejected 0 imm upload false
09-22 07:09:37.315  2182  2682 I Icing   : Usage reports 0 indexed 0 rejected 0 imm upload false
09-22 07:09:37.322  2182  2682 I Icing   : Usage reports 0 indexed 0 rejected 0 imm upload false
09-22 07:09:37.327  2182  2682 I Icing   : Usage reports 0 indexed 0 rejected 0 imm upload false
09-22 07:09:37.332  2798  2798 E uncrypt : failed to clear bootloader message: failed to find /misc partition
09-22 07:09:37.332  1601  2044 E RecoverySystemService: uncrypt failed with status: -1
09-22 07:09:37.332  2798  2798 I uncrypt :   received 0, exiting now
09-22 07:09:37.334  2182  2783 E SystemUpdateService: Failed to call RecoverySystem.cancelScheduledUpdate
09-22 07:09:37.334  2182  2783 E SystemUpdateService: java.lang.reflect.InvocationTargetException
09-22 07:09:37.334  2182  2783 E SystemUpdateService: 	at java.lang.reflect.Method.invoke(Native Method)
09-22 07:09:37.334  2182  2783 E SystemUpdateService: 	at xae.c(:com.google.android.gms:134)
09-22 07:09:37.334  2182  2783 E SystemUpdateService: 	at afuw.d(:com.google.android.gms:195)
09-22 07:09:37.334  2182  2783 E SystemUpdateService: 	at afuw.p(:com.google.android.gms:2178)
09-22 07:09:37.334  2182  2783 E SystemUpdateService: 	at afuw.a(:com.google.android.gms:448)
09-22 07:09:37.334  2182  2783 E SystemUpdateService: 	at afuw.doInBackground(:com.google.android.gms:50475)
09-22 07:09:37.334  2182  2783 E SystemUpdateService: 	at android.os.AsyncTask$2.call(AsyncTask.java:305)
09-22 07:09:37.334  2182  2783 E SystemUpdateService: 	at java.util.concurrent.FutureTask.run(FutureTask.java:237)
09-22 07:09:37.334  2182  2783 E SystemUpdateService: 	at java.lang.Thread.run(Thread.java:761)
09-22 07:09:37.334  2182  2783 E SystemUpdateService: Caused by: java.io.IOException: cancel scheduled update failed
09-22 07:09:37.334  2182  2783 E SystemUpdateService: 	at android.os.RecoverySystem.cancelScheduledUpdate(RecoverySystem.java:563)
09-22 07:09:37.334  2182  2783 E SystemUpdateService: 	... 9 more
09-22 07:09:37.335  2182  2783 E SystemUpdateTask: exception trying to cancel scheduled update
09-22 07:09:37.335  2182  2783 E SystemUpdateTask: java.io.IOException: Failed to invoke RecoverySystem.cancelScheduledUpdate
09-22 07:09:37.335  2182  2783 E SystemUpdateTask: 	at xae.c(:com.google.android.gms:140)
09-22 07:09:37.335  2182  2783 E SystemUpdateTask: 	at afuw.d(:com.google.android.gms:195)
09-22 07:09:37.335  2182  2783 E SystemUpdateTask: 	at afuw.p(:com.google.android.gms:2178)
09-22 07:09:37.335  2182  2783 E SystemUpdateTask: 	at afuw.a(:com.google.android.gms:448)
09-22 07:09:37.335  2182  2783 E SystemUpdateTask: 	at afuw.doInBackground(:com.google.android.gms:50475)
09-22 07:09:37.335  2182  2783 E SystemUpdateTask: 	at android.os.AsyncTask$2.call(AsyncTask.java:305)
09-22 07:09:37.335  2182  2783 E SystemUpdateTask: 	at java.util.concurrent.FutureTask.run(FutureTask.java:237)
09-22 07:09:37.335  2182  2783 E SystemUpdateTask: 	at java.lang.Thread.run(Thread.java:761)
09-22 07:09:37.337  1350  2845 I WVCdm   : CdmEngine::CloseSession
09-22 07:09:37.340  2182  2852 I SystemUpdateTask: cancelUpdate (empty URL)
09-22 07:09:37.340  2182  2852 I CmaSystemUpdateService: active receiver: disabled
09-22 07:09:37.359  2854  2854 W dex2oat : Unexpected CPU variant for X86 using defaults: x86
09-22 07:09:37.359  2854  2854 W dex2oat : Mismatch between dex2oat instruction set features (ISA: X86 Feature string: smp,-ssse3,-sse4.1,-sse4.2,-avx,-avx2,-lock_add,-popcnt) and those of dex2oat executable (ISA: X86 Feature string: smp,ssse3,-sse4.1,-sse4.2,-avx,-avx2,-lock_add,-popcnt) for the command line:
09-22 07:09:37.359  2854  2854 W dex2oat : /system/bin/dex2oat --runtime-arg -classpath --runtime-arg & --instruction-set=x86 --instruction-set-features=smp,ssse3,-sse4.1,-sse4.2,-avx,-avx2,-lock_add,-popcnt --runtime-arg -Xrelocate --boot-image=/system/framework/boot.art --runtime-arg -Xms64m --runtime-arg -Xmx512m --instruction-set-variant=x86 --instruction-set-features=default --dex-file=/data/user/0/com.google.android.gms/app_fb/f.apk --oat-fd=53 --oat-location=/data/user/0/com.google.android.gms/app_fb/f.dex --compiler-filter=speed
09-22 07:09:37.360  2854  2854 I dex2oat : /system/bin/dex2oat --dex-file=/data/user/0/com.google.android.gms/app_fb/f.apk --oat-fd=53 --oat-location=/data/user/0/com.google.android.gms/app_fb/f.dex --compiler-filter=speed
09-22 07:09:37.361  2854  2854 E cutils-trace: Error opening trace file: Permission denied (13)
09-22 07:09:37.402  2854  2854 I dex2oat : dex2oat took 42.669ms (threads: 4) arena alloc=217KB (222464B) java alloc=96KB (98696B) native alloc=976KB (999944B) free=2MB (2145784B)
09-22 07:09:37.404  2655  2668 W System  : ClassLoader referenced unknown path: 
09-22 07:09:37.408  2655  2668 D         : HostConnection::get() New Host Connection established 0x9ffab9c0, tid 2668
09-22 07:09:37.558  2182  2815 I CheckinUtil: Classify the device as Phone.
09-22 07:09:37.577  2182  2815 I CheckinTask: set cookie as: NID=112=2N18P0_cFcTvV7yxX8bvvNBmilOlnbJE66YE6OMofWUp55Afqd3O4nwrQyN8vBFEfx5mdb2e8UReiL0J6h2R2GW9D1eQZH0c_4h-X60pkD3QvcR1YYTrlnrHvBwIX4bq
09-22 07:09:37.628  2182  2815 W Conscrypt: Could not set socket write timeout: null
09-22 07:09:37.646  2182  2815 W Conscrypt: Could not set socket write timeout: null
09-22 07:09:37.656  2182  2815 I CheckinTask: Sending checkin request (14222 bytes)
09-22 07:09:37.742  2182  2815 I CheckinRequestBuilder: Checkin reason type: 18 attempt count: 1
09-22 07:09:37.743  2182  2815 E ActivityThread: Failed to find provider info for com.google.android.wearable.settings
09-22 07:09:37.771  2182  2815 I CheckinUtil: Classify the device as Phone.
09-22 07:09:37.779  2182  2815 I CheckinTask: Checkin success: https://android.clients.google.com/checkin (1 requests sent)
09-22 07:09:37.783  2182  2815 I CheckinChimeraService: Checking schedule, now: 1506064177783 next: 1506659432779
09-22 07:09:37.783  2182  2815 I CheckinChimeraService: active receiver: disabled
09-22 07:09:38.343  2853  2853 E uncrypt : failed to clear bootloader message: failed to find /misc partition
09-22 07:09:38.343  1601  2061 E RecoverySystemService: uncrypt failed with status: -1
09-22 07:09:38.343  2853  2853 I uncrypt :   received 0, exiting now
09-22 07:09:38.343  2182  2852 E SystemUpdateService: Failed to call RecoverySystem.cancelScheduledUpdate
09-22 07:09:38.343  2182  2852 E SystemUpdateService: java.lang.reflect.InvocationTargetException
09-22 07:09:38.343  2182  2852 E SystemUpdateService: 	at java.lang.reflect.Method.invoke(Native Method)
09-22 07:09:38.343  2182  2852 E SystemUpdateService: 	at xae.c(:com.google.android.gms:134)
09-22 07:09:38.343  2182  2852 E SystemUpdateService: 	at afuw.d(:com.google.android.gms:195)
09-22 07:09:38.343  2182  2852 E SystemUpdateService: 	at afuw.p(:com.google.android.gms:2178)
09-22 07:09:38.343  2182  2852 E SystemUpdateService: 	at afuw.a(:com.google.android.gms:448)
09-22 07:09:38.343  2182  2852 E SystemUpdateService: 	at afuw.doInBackground(:com.google.android.gms:50475)
09-22 07:09:38.343  2182  2852 E SystemUpdateService: 	at android.os.AsyncTask$2.call(AsyncTask.java:305)
09-22 07:09:38.343  2182  2852 E SystemUpdateService: 	at java.util.concurrent.FutureTask.run(FutureTask.java:237)
09-22 07:09:38.343  2182  2852 E SystemUpdateService: 	at java.lang.Thread.run(Thread.java:761)
09-22 07:09:38.343  2182  2852 E SystemUpdateService: Caused by: java.io.IOException: cancel scheduled update failed
09-22 07:09:38.343  2182  2852 E SystemUpdateService: 	at android.os.RecoverySystem.cancelScheduledUpdate(RecoverySystem.java:563)
09-22 07:09:38.343  2182  2852 E SystemUpdateService: 	... 9 more
09-22 07:09:38.343  2182  2852 E SystemUpdateTask: exception trying to cancel scheduled update
09-22 07:09:38.343  2182  2852 E SystemUpdateTask: java.io.IOException: Failed to invoke RecoverySystem.cancelScheduledUpdate
09-22 07:09:38.343  2182  2852 E SystemUpdateTask: 	at xae.c(:com.google.android.gms:140)
09-22 07:09:38.343  2182  2852 E SystemUpdateTask: 	at afuw.d(:com.google.android.gms:195)
09-22 07:09:38.343  2182  2852 E SystemUpdateTask: 	at afuw.p(:com.google.android.gms:2178)
09-22 07:09:38.343  2182  2852 E SystemUpdateTask: 	at afuw.a(:com.google.android.gms:448)
09-22 07:09:38.343  2182  2852 E SystemUpdateTask: 	at afuw.doInBackground(:com.google.android.gms:50475)
09-22 07:09:38.343  2182  2852 E SystemUpdateTask: 	at android.os.AsyncTask$2.call(AsyncTask.java:305)
09-22 07:09:38.343  2182  2852 E SystemUpdateTask: 	at java.util.concurrent.FutureTask.run(FutureTask.java:237)
09-22 07:09:38.343  2182  2852 E SystemUpdateTask: 	at java.lang.Thread.run(Thread.java:761)
09-22 07:09:39.263  2141  2141 I MicroDetectionWorker: Micro detection mode: [mDetectionMode: [1]].
09-22 07:09:39.263  2141  2141 I AudioController: Using mInputStreamFactoryBuilder
09-22 07:09:39.265  2141  2870 I MicroRecognitionRunner: Starting detection.
09-22 07:09:39.266  2141  2240 I MicrophoneInputStream: mic_starting com.google.android.apps.gsa.staticplugins.z.c@826c8bb
09-22 07:09:39.266  1344  1669 W APM_AudioPolicyManager: getInputForAttr() failed opening input: samplingRate 16000, format 1, channelMask 10
09-22 07:09:39.266  2141  2240 E AudioRecord: Could not get audio input for session 65, record source 1999, sample rate 16000, format 0x1, channel mask 0x10, flags 0
09-22 07:09:39.268  2141  2240 E AudioRecord-JNI: Error creating AudioRecord instance: initialization check failed with status -22.
09-22 07:09:39.268  2141  2240 E android.media.AudioRecord: Error code -20 when initializing native AudioRecord object.
09-22 07:09:39.268  2141  2240 I MicrophoneInputStream: mic_started com.google.android.apps.gsa.staticplugins.z.c@826c8bb
09-22 07:09:39.269  2141  2240 E ActivityThread: Failed to find provider info for com.google.android.apps.gsa.testing.ui.audio.recorded
09-22 07:09:39.269  2141  2141 I MicroDetectionWorker: onReady
09-22 07:09:39.273  2141  2240 I MicrophoneInputStream: mic_close com.google.android.apps.gsa.staticplugins.z.c@826c8bb
09-22 07:09:39.274  2141  2870 I MicroRecognitionRunner: Detection finished
09-22 07:09:39.274  2141  2870 W ErrorReporter: reportError [type: 211, code: 524300]: Error reading from input stream
09-22 07:09:39.275  2141  2363 I MicroRecognitionRunner: Stopping hotword detection.
09-22 07:09:39.276  2141  2870 W ErrorProcessor: onFatalError, processing error from engine(4)
09-22 07:09:39.276  2141  2870 W ErrorProcessor: com.google.android.apps.gsa.shared.speech.a.g: Error reading from input stream
09-22 07:09:39.276  2141  2870 W ErrorProcessor: 	at com.google.android.apps.gsa.staticplugins.recognizer.i.a.a(SourceFile:342)
09-22 07:09:39.276  2141  2870 W ErrorProcessor: 	at com.google.android.apps.gsa.staticplugins.recognizer.i.a$1.run(SourceFile:1367)
09-22 07:09:39.276  2141  2870 W ErrorProcessor: 	at java.util.concurrent.Executors$RunnableAdapter.call(Executors.java:428)
09-22 07:09:39.276  2141  2870 W ErrorProcessor: 	at java.util.concurrent.FutureTask.run(FutureTask.java:237)
09-22 07:09:39.276  2141  2870 W ErrorProcessor: 	at com.google.android.apps.gsa.shared.util.concurrent.a.ak.run(SourceFile:66)
09-22 07:09:39.276  2141  2870 W ErrorProcessor: 	at java.util.concurrent.ThreadPoolExecutor.runWorker(ThreadPoolExecutor.java:1133)
09-22 07:09:39.276  2141  2870 W ErrorProcessor: 	at java.util.concurrent.ThreadPoolExecutor$Worker.run(ThreadPoolExecutor.java:607)
09-22 07:09:39.276  2141  2870 W ErrorProcessor: 	at java.lang.Thread.run(Thread.java:761)
09-22 07:09:39.276  2141  2870 W ErrorProcessor: 	at com.google.android.apps.gsa.shared.util.concurrent.a.ad$1.run(SourceFile:85)
09-22 07:09:39.276  2141  2870 W ErrorProcessor: Caused by: com.google.android.apps.gsa.shared.exception.GsaIOException: Error code: 393238 | Buffer overflow, no available space.
09-22 07:09:39.276  2141  2870 W ErrorProcessor: 	at com.google.android.apps.gsa.speech.audio.Tee.g(SourceFile:2531)
09-22 07:09:39.276  2141  2870 W ErrorProcessor: 	at com.google.android.apps.gsa.speech.audio.ap.read(SourceFile:555)
09-22 07:09:39.276  2141  2870 W ErrorProcessor: 	at java.io.InputStream.read(InputStream.java:101)
09-22 07:09:39.276  2141  2870 W ErrorProcessor: 	at com.google.android.apps.gsa.speech.audio.al.run(SourceFile:362)
09-22 07:09:39.276  2141  2870 W ErrorProcessor: 	at com.google.android.apps.gsa.speech.audio.ak$1.run(SourceFile:471)
09-22 07:09:39.276  2141  2870 W ErrorProcessor: 	at java.util.concurrent.Executors$RunnableAdapter.call(Executors.java:428)
09-22 07:09:39.276  2141  2870 W ErrorProcessor: 	at java.util.concurrent.FutureTask.run(FutureTask.java:237)
09-22 07:09:39.276  2141  2870 W ErrorProcessor: 	at com.google.android.apps.gsa.shared.util.concurrent.a.ak.run(SourceFile:66)
09-22 07:09:39.276  2141  2870 W ErrorProcessor: 	at com.google.android.apps.gsa.shared.util.concurrent.a.ax.run(SourceFile:139)
09-22 07:09:39.276  2141  2870 W ErrorProcessor: 	at com.google.android.apps.gsa.shared.util.concurrent.a.ax.run(SourceFile:139)
09-22 07:09:39.276  2141  2870 W ErrorProcessor: 	... 4 more
09-22 07:09:39.276  2141  2870 I AudioController: internalShutdown
09-22 07:09:39.277  2141  2141 I MicroDetector: Keeping mic open: false
09-22 07:09:39.277  2141  2141 I MicroDetectionWorker: #onError(false)
09-22 07:09:39.277  2141  2869 I DeviceStateChecker: DeviceStateChecker cancelled
09-22 07:09:41.151  2182  2741 W PlatformStatsUtil: Could not retrieve Usage & Diagnostics setting. Giving up.
09-22 07:09:41.741  2387  2816 I GlobalDismissManager: no sender configured
09-22 07:09:41.741  2387  2816 D AlertService: Beginning updateAlertNotification
09-22 07:09:41.745  2387  2816 D AlertService: No fired or scheduled alerts
09-22 07:09:41.749  2387  2816 D AlertService: Scheduling next alarm with AlarmScheduler. sEventReminderReceived: null
09-22 07:09:41.752  2387  2816 D AlarmScheduler: No events found starting within 1 week.
09-22 07:09:44.281  2141  2141 I MicroDetectionWorker: Micro detection mode: [mDetectionMode: [1]].
09-22 07:09:44.281  2141  2141 I AudioController: Using mInputStreamFactoryBuilder
09-22 07:09:44.284  2141  2874 I MicroRecognitionRunner: Starting detection.
09-22 07:09:44.284  2141  2240 I MicrophoneInputStream: mic_starting com.google.android.apps.gsa.staticplugins.z.c@c4780a1
09-22 07:09:44.285  1344  1669 W APM_AudioPolicyManager: getInputForAttr() failed opening input: samplingRate 16000, format 1, channelMask 10
09-22 07:09:44.285  2141  2240 E AudioRecord: Could not get audio input for session 73, record source 1999, sample rate 16000, format 0x1, channel mask 0x10, flags 0
09-22 07:09:44.285  2141  2240 E AudioRecord-JNI: Error creating AudioRecord instance: initialization check failed with status -22.
09-22 07:09:44.285  2141  2240 E android.media.AudioRecord: Error code -20 when initializing native AudioRecord object.
09-22 07:09:44.285  2141  2240 I MicrophoneInputStream: mic_started com.google.android.apps.gsa.staticplugins.z.c@c4780a1
09-22 07:09:44.286  2141  2240 E ActivityThread: Failed to find provider info for com.google.android.apps.gsa.testing.ui.audio.recorded
09-22 07:09:44.286  2141  2141 I MicroDetectionWorker: onReady
09-22 07:09:44.292  2141  2240 I MicrophoneInputStream: mic_close com.google.android.apps.gsa.staticplugins.z.c@c4780a1
09-22 07:09:44.292  2141  2874 I MicroRecognitionRunner: Detection finished
09-22 07:09:44.292  2141  2874 W ErrorReporter: reportError [type: 211, code: 524300]: Error reading from input stream
09-22 07:09:44.292  2141  2363 I MicroRecognitionRunner: Stopping hotword detection.
09-22 07:09:44.292  2141  2874 W ErrorProcessor: onFatalError, processing error from engine(4)
09-22 07:09:44.292  2141  2874 W ErrorProcessor: com.google.android.apps.gsa.shared.speech.a.g: Error reading from input stream
09-22 07:09:44.292  2141  2874 W ErrorProcessor: 	at com.google.android.apps.gsa.staticplugins.recognizer.i.a.a(SourceFile:342)
09-22 07:09:44.292  2141  2874 W ErrorProcessor: 	at com.google.android.apps.gsa.staticplugins.recognizer.i.a$1.run(SourceFile:1367)
09-22 07:09:44.292  2141  2874 W ErrorProcessor: 	at java.util.concurrent.Executors$RunnableAdapter.call(Executors.java:428)
09-22 07:09:44.292  2141  2874 W ErrorProcessor: 	at java.util.concurrent.FutureTask.run(FutureTask.java:237)
09-22 07:09:44.292  2141  2874 W ErrorProcessor: 	at com.google.android.apps.gsa.shared.util.concurrent.a.ak.run(SourceFile:66)
09-22 07:09:44.292  2141  2874 W ErrorProcessor: 	at java.util.concurrent.ThreadPoolExecutor.runWorker(ThreadPoolExecutor.java:1133)
09-22 07:09:44.292  2141  2874 W ErrorProcessor: 	at java.util.concurrent.ThreadPoolExecutor$Worker.run(ThreadPoolExecutor.java:607)
09-22 07:09:44.292  2141  2874 W ErrorProcessor: 	at java.lang.Thread.run(Thread.java:761)
09-22 07:09:44.292  2141  2874 W ErrorProcessor: 	at com.google.android.apps.gsa.shared.util.concurrent.a.ad$1.run(SourceFile:85)
09-22 07:09:44.292  2141  2874 W ErrorProcessor: Caused by: com.google.android.apps.gsa.shared.exception.GsaIOException: Error code: 393238 | Buffer overflow, no available space.
09-22 07:09:44.292  2141  2874 W ErrorProcessor: 	at com.google.android.apps.gsa.speech.audio.Tee.g(SourceFile:2531)
09-22 07:09:44.292  2141  2874 W ErrorProcessor: 	at com.google.android.apps.gsa.speech.audio.ap.read(SourceFile:555)
09-22 07:09:44.292  2141  2874 W ErrorProcessor: 	at java.io.InputStream.read(InputStream.java:101)
09-22 07:09:44.292  2141  2874 W ErrorProcessor: 	at com.google.android.apps.gsa.speech.audio.al.run(SourceFile:362)
09-22 07:09:44.292  2141  2874 W ErrorProcessor: 	at com.google.android.apps.gsa.speech.audio.ak$1.run(SourceFile:471)
09-22 07:09:44.292  2141  2874 W ErrorProcessor: 	at java.util.concurrent.Executors$RunnableAdapter.call(Executors.java:428)
09-22 07:09:44.292  2141  2874 W ErrorProcessor: 	at java.util.concurrent.FutureTask.run(FutureTask.java:237)
09-22 07:09:44.292  2141  2874 W ErrorProcessor: 	at com.google.android.apps.gsa.shared.util.concurrent.a.ak.run(SourceFile:66)
09-22 07:09:44.292  2141  2874 W ErrorProcessor: 	at com.google.android.apps.gsa.shared.util.concurrent.a.ax.run(SourceFile:139)
09-22 07:09:44.292  2141  2874 W ErrorProcessor: 	at com.google.android.apps.gsa.shared.util.concurrent.a.ax.run(SourceFile:139)
09-22 07:09:44.292  2141  2874 W ErrorProcessor: 	... 4 more
09-22 07:09:44.292  2141  2874 I AudioController: internalShutdown
09-22 07:09:44.294  2141  2141 I MicroDetector: Keeping mic open: false
09-22 07:09:44.294  2141  2141 I MicroDetectionWorker: #onError(false)
09-22 07:09:44.294  2141  2873 I DeviceStateChecker: DeviceStateChecker cancelled
09-22 07:09:45.652  2182  2651 I art     : Waiting for a blocking GC DisableMovingGc
09-22 07:09:45.653  2182  2651 I art     : Starting a blocking GC DisableMovingGc
09-22 07:09:45.944  2182  2192 W SQLiteConnectionPool: A SQLiteConnection object for database '/data/user/0/com.google.android.gms/databases/networkstatistics.sqlite' was leaked!  Please fix your application to end transactions in progress properly and to close the database when it is no longer needed.
09-22 07:09:46.087  1601  1642 I InputReader: Reconfiguring input devices.  changes=0x00000010
09-22 07:09:46.092  1810  1810 D CarrierSvcBindHelper: No carrier app for: 0
09-22 07:09:46.108  1975  1975 I GCoreNlp: shouldConfirmNlp, NLP off. Ensuring opt-in disabled
09-22 07:09:46.191  2182  2741 W PlatformStatsUtil: Could not retrieve Usage & Diagnostics setting. Giving up.
