09-22 07:09:30.401  1343  1343 E Hyphenator: 	at android.text.Hyphenator.loadHyphenator(Hyphenator.java:118)
09-22 07:09:30.401  1343  1343 E Hyphenator: 	at android.text.Hyphenator.init(Hyphenator.java:224)
09-22 07:09:30.401  1343  1343 E Hyphenator: 	at com.android.internal.os.ZygoteInit.preloadTextResources(ZygoteInit.java:252)
09-22 07:09:30.401  1343  1343 E Hyphenator: 	at com.android.internal.os.ZygoteInit.preload(ZygoteInit.java:206)
09-22 07:09:30.401  1343  1343 E Hyphenator: 	at com.android.internal.os.ZygoteInit.main(ZygoteInit.java:743)
09-22 07:09:30.401  1343  1343 E Hyphenator: Caused by: android.system.ErrnoException: open failed: ENOENT (No such file or directory)
09-22 07:09:30.401  1343  1343 E Hyphenator: 	at libcore.io.Posix.open(Native Method)
09-22 07:09:30.401  1343  1343 E Hyphenator: 	at libcore.io.BlockGuardOs.open(BlockGuardOs.java:187)
09-22 07:09:30.401  1343  1343 E Hyphenator: 	at libcore.io.IoBridge.open(IoBridge.java:441)
09-22 07:09:30.401  1343  1343 E Hyphenator: 	... 6 more
09-22 07:09:30.401  1343  1343 E Hyphenator: error loading hyphenation /system/usr/hyphen-data/hyph-ga.hyb
09-22 07:09:30.401  1343  1343 E Hyphenator: java.io.FileNotFoundException: /system/usr/hyphen-data/hyph-ga.hyb: open failed: ENOENT (No such file or directory)
09-22 07:09:30.401  1343  1343 E Hyphenator: 	at libcore.io.IoBridge.open(IoBridge.java:455)
09-22 07:09:30.401  1343  1343 E Hyphenator: 	at java.io.RandomAccessFile.<init>(RandomAccessFile.java:247)
09-22 07:09:30.401  1343  1343 E Hyphenator: 	at android.text.Hyphenator.loadHyphenator(Hyphenator.java:118)
09-22 07:09:30.401  1343  1343 E Hyphenator: 	at android.text.Hyphenator.init(Hyphenator.java:224)
09-22 07:09:30.401  1343  1343 E Hyphenator: 	at com.android.internal.os.ZygoteInit.preloadTextResources(ZygoteInit.java:252)
09-22 07:09:30.401  1343  1343 E Hyphenator: 	at com.android.internal.os.ZygoteInit.preload(ZygoteInit.java:206)
09-22 07:09:30.401  1343  1343 E Hyphenator: 	at com.android.internal.os.ZygoteInit.main(ZygoteInit.java:743)
09-22 07:09:30.401  1343  1343 E Hyphenator: Caused by: android.system.ErrnoException: open failed: ENOENT (No such file or directory)
09-22 07:09:30.401  1343  1343 E Hyphenator: 	at libcore.io.Posix.open(Native Method)
09-22 07:09:30.401  1343  1343 E Hyphenator: 	at libcore.io.BlockGuardOs.open(BlockGuardOs.java:187)
09-22 07:09:30.401  1343  1343 E Hyphenator: 	at libcore.io.IoBridge.open(IoBridge.java:441)
09-22 07:09:30.401  1343  1343 E Hyphenator: 	... 6 more
09-22 07:09:30.402  1343  1343 E Hyphenator: error loading hyphenation /system/usr/hyphen-data/hyph-gu.hyb
09-22 07:09:30.402  1343  1343 E Hyphenator: java.io.FileNotFoundException: /system/usr/hyphen-data/hyph-gu.hyb: open failed: ENOENT (No such file or directory)
09-22 07:09:30.402  1343  1343 E Hyphenator: 	at libcore.io.IoBridge.open(IoBridge.java:455)
09-22 07:09:30.402  1343  1343 E Hyphenator: 	at java.io.RandomAccessFile.<init>(RandomAccessFile.java:247)
09-22 07:09:30.402  1343  1343 E Hyphenator: 	at android.text.Hyphenator.loadHyphenator(Hyphenator.java:118)
09-22 07:09:30.402  1343  1343 E Hyphenator: 	at android.text.Hyphenator.init(Hyphenator.java:224)
09-22 07:09:30.402  1343  1343 E Hyphenator: 	at com.android.internal.os.ZygoteInit.preloadTextResources(ZygoteInit.java:252)
09-22 07:09:30.402  1343  1343 E Hyphenator: 	at com.android.internal.os.ZygoteInit.preload(ZygoteInit.java:206)
09-22 07:09:30.402  1343  1343 E Hyphenator: 	at com.android.internal.os.ZygoteInit.main(ZygoteInit.java:743)
09-22 07:09:30.402  1343  1343 E Hyphenator: Caused by: android.system.ErrnoException: open failed: ENOENT (No such file or directory)
09-22 07:09:30.402  1343  1343 E Hyphenator: 	at libcore.io.Posix.open(Native Method)
09-22 07:09:30.402  1343  1343 E Hyphenator: 	at libcore.io.BlockGuardOs.open(BlockGuardOs.java:187)
09-22 07:09:30.402  1343  1343 E Hyphenator: 	at libcore.io.IoBridge.open(IoBridge.java:441)
09-22 07:09:30.402  1343  1343 E Hyphenator: 	... 6 more
09-22 07:09:30.402  1343  1343 E Hyphenator: error loading hyphenation /system/usr/hyphen-data/hyph-hi.hyb
09-22 07:09:30.402  1343  1343 E Hyphenator: java.io.FileNotFoundException: /system/usr/hyphen-data/hyph-hi.hyb: open failed: ENOENT (No such file or directory)
09-22 07:09:30.402  1343  1343 E Hyphenator: 	at libcore.io.IoBridge.open(IoBridge.java:455)
09-22 07:09:30.402  1343  1343 E Hyphenator: 	at java.io.RandomAccessFile.<init>(RandomAccessFile.java:247)
09-22 07:09:30.402  1343  1343 E Hyphenator: 	at android.text.Hyphenator.loadHyphenator(Hyphenator.java:118)
09-22 07:09:30.402  1343  1343 E Hyphenator: 	at android.text.Hyphenator.init(Hyphenator.java:224)
09-22 07:09:30.402  1343  1343 E Hyphenator: 	at com.android.internal.os.ZygoteInit.preloadTextResources(ZygoteInit.java:252)
09-22 07:09:30.402  1343  1343 E Hyphenator: 	at com.android.internal.os.ZygoteInit.preload(ZygoteInit.java:206)
09-22 07:09:30.402  1343  1343 E Hyphenator: 	at com.android.internal.os.ZygoteInit.main(ZygoteInit.java:743)
09-22 07:09:30.402  1343  1343 E Hyphenator: Caused by: android.system.ErrnoException: open failed: ENOENT (No such file or directory)
09-22 07:09:30.402  1343  1343 E Hyphenator: 	at libcore.io.Posix.open(Native Method)
09-22 07:09:30.402  1343  1343 E Hyphenator: 	at libcore.io.BlockGuardOs.open(BlockGuardOs.java:187)
09-22 07:09:30.402  1343  1343 E Hyphenator: 	at libcore.io.IoBridge.open(IoBridge.java:441)
09-22 07:09:30.402  1343  1343 E Hyphenator: 	... 6 more
09-22 07:09:30.402  1343  1343 E Hyphenator: error loading hyphenation /system/usr/hyphen-data/hyph-hr.hyb
09-22 07:09:30.402  1343  1343 E Hyphenator: java.io.FileNotFoundException: /system/usr/hyphen-data/hyph-hr.hyb: open failed: ENOENT (No such file or directory)
09-22 07:09:30.402  1343  1343 E Hyphenator: 	at libcore.io.IoBridge.open(IoBridge.java:455)
09-22 07:09:30.402  1343  1343 E Hyphenator: 	at java.io.RandomAccessFile.<init>(RandomAccessFile.java:247)
09-22 07:09:30.402  1343  1343 E Hyphenator: 	at android.text.Hyphenator.loadHyphenator(Hyphenator.java:118)
09-22 07:09:30.402  1343  1343 E Hyphenator: 	at android.text.Hyphenator.init(Hyphenator.java:224)
09-22 07:09:30.402  1343  1343 E Hyphenator: 	at com.android.internal.os.ZygoteInit.preloadTextResources(ZygoteInit.java:252)
09-22 07:09:30.402  1343  1343 E Hyphenator: 	at com.android.internal.os.ZygoteInit.preload(ZygoteInit.java:206)
09-22 07:09:30.402  1343  1343 E Hyphenator: 	at com.android.internal.os.ZygoteInit.main(ZygoteInit.java:743)
09-22 07:09:30.402  1343  1343 E Hyphenator: Caused by: android.system.ErrnoException: open failed: ENOENT (No such file or directory)
09-22 07:09:30.402  1343  1343 E Hyphenator: 	at libcore.io.Posix.open(Native Method)
09-22 07:09:30.402  1343  1343 E Hyphenator: 	at libcore.io.BlockGuardOs.open(BlockGuardOs.java:187)
09-22 07:09:30.402  1343  1343 E Hyphenator: 	at libcore.io.IoBridge.open(IoBridge.java:441)
09-22 07:09:30.402  1343  1343 E Hyphenator: 	... 6 more
09-22 07:09:30.402  1343  1343 E Hyphenator: error loading hyphenation /system/usr/hyphen-data/hyph-hu.hyb
09-22 07:09:30.402  1343  1343 E Hyphenator: java.io.FileNotFoundException: /system/usr/hyphen-data/hyph-hu.hyb: open failed: ENOENT (No such file or directory)
09-22 07:09:30.402  1343  1343 E Hyphenator: 	at libcore.io.IoBridge.open(IoBridge.java:455)
09-22 07:09:30.402  1343  1343 E Hyphenator: 	at java.io.RandomAccessFile.<init>(RandomAccessFile.java:247)
09-22 07:09:30.402  1343  1343 E Hyphenator: 	at android.text.Hyphenator.loadHyphenator(Hyphenator.java:118)
09-22 07:09:30.402  1343  1343 E Hyphenator: 	at android.text.Hyphenator.init(Hyphenator.java:224)
09-22 07:09:30.402  1343  1343 E Hyphenator: 	at com.android.internal.os.ZygoteInit.preloadTextResources(ZygoteInit.java:252)
09-22 07:09:30.402  1343  1343 E Hyphenator: 	at com.android.internal.os.ZygoteInit.preload(ZygoteInit.java:206)
09-22 07:09:30.402  1343  1343 E Hyphenator: 	at com.android.internal.os.ZygoteInit.main(ZygoteInit.java:743)
09-22 07:09:30.402  1343  1343 E Hyphenator: Caused by: android.system.ErrnoException: open failed: ENOENT (No such file or directory)
09-22 07:09:30.402  1343  1343 E Hyphenator: 	at libcore.io.Posix.open(Native Method)
09-22 07:09:30.402  1343  1343 E Hyphenator: 	at libcore.io.BlockGuardOs.open(BlockGuardOs.java:187)
09-22 07:09:30.402  1343  1343 E Hyphenator: 	at libcore.io.IoBridge.open(IoBridge.java:441)
09-22 07:09:30.402  1343  1343 E Hyphenator: 	... 6 more
09-22 07:09:30.402  1343  1343 E Hyphenator: error loading hyphenation /system/usr/hyphen-data/hyph-hy.hyb
09-22 07:09:30.402  1343  1343 E Hyphenator: java.io.FileNotFoundException: /system/usr/hyphen-data/hyph-hy.hyb: open failed: ENOENT (No such file or directory)
09-22 07:09:30.402  1343  1343 E Hyphenator: 	at libcore.io.IoBridge.open(IoBridge.java:455)
09-22 07:09:30.402  1343  1343 E Hyphenator: 	at java.io.RandomAccessFile.<init>(RandomAccessFile.java:247)
09-22 07:09:30.402  1343  1343 E Hyphenator: 	at android.text.Hyphenator.loadHyphenator(Hyphenator.java:118)
09-22 07:09:30.402  1343  1343 E Hyphenator: 	at android.text.Hyphenator.init(Hyphenator.java:224)
09-22 07:09:30.402  1343  1343 E Hyphenator: 	at com.android.internal.os.ZygoteInit.preloadTextResources(ZygoteInit.java:252)
09-22 07:09:30.402  1343  1343 E Hyphenator: 	at com.android.internal.os.ZygoteInit.preload(ZygoteInit.java:206)
09-22 07:09:30.402  1343  1343 E Hyphenator: 	at com.android.internal.os.ZygoteInit.main(ZygoteInit.java:743)
09-22 07:09:30.402  1343  1343 E Hyphenator: Caused by: android.system.ErrnoException: open failed: ENOENT (No such file or directory)
09-22 07:09:30.402  1343  1343 E Hyphenator: 	at libcore.io.Posix.open(Native Method)
09-22 07:09:30.402  1343  1343 E Hyphenator: 	at libcore.io.BlockGuardOs.open(BlockGuardOs.java:187)
09-22 07:09:30.402  1343  1343 E Hyphenator: 	at libcore.io.IoBridge.open(IoBridge.java:441)
09-22 07:09:30.402  1343  1343 E Hyphenator: 	... 6 more
09-22 07:09:30.402  1343  1343 E Hyphenator: error loading hyphenation /system/usr/hyphen-data/hyph-kn.hyb
09-22 07:09:30.402  1343  1343 E Hyphenator: java.io.FileNotFoundException: /system/usr/hyphen-data/hyph-kn.hyb: open failed: ENOENT (No such file or directory)
09-22 07:09:30.402  1343  1343 E Hyphenator: 	at libcore.io.IoBridge.open(IoBridge.java:455)
09-22 07:09:30.402  1343  1343 E Hyphenator: 	at java.io.RandomAccessFile.<init>(RandomAccessFile.java:247)
09-22 07:09:30.402  1343  1343 E Hyphenator: 	at android.text.Hyphenator.loadHyphenator(Hyphenator.java:118)
09-22 07:09:30.402  1343  1343 E Hyphenator: 	at android.text.Hyphenator.init(Hyphenator.java:224)
09-22 07:09:30.402  1343  1343 E Hyphenator: 	at com.android.internal.os.ZygoteInit.preloadTextResources(ZygoteInit.java:252)
09-22 07:09:30.402  1343  1343 E Hyphenator: 	at com.android.internal.os.ZygoteInit.preload(ZygoteInit.java:206)
09-22 07:09:30.402  1343  1343 E Hyphenator: 	at com.android.internal.os.ZygoteInit.main(ZygoteInit.java:743)
09-22 07:09:30.402  1343  1343 E Hyphenator: Caused by: android.system.ErrnoException: open failed: ENOENT (No such file or directory)
09-22 07:09:30.402  1343  1343 E Hyphenator: 	at libcore.io.Posix.open(Native Method)
09-22 07:09:30.402  1343  1343 E Hyphenator: 	at libcore.io.BlockGuardOs.open(BlockGuardOs.java:187)
09-22 07:09:30.402  1343  1343 E Hyphenator: 	at libcore.io.IoBridge.open(IoBridge.java:441)
09-22 07:09:30.402  1343  1343 E Hyphenator: 	... 6 more
09-22 07:09:30.402  1343  1343 E Hyphenator: error loading hyphenation /system/usr/hyphen-data/hyph-ml.hyb
09-22 07:09:30.402  1343  1343 E Hyphenator: java.io.FileNotFoundException: /system/usr/hyphen-data/hyph-ml.hyb: open failed: ENOENT (No such file or directory)
09-22 07:09:30.402  1343  1343 E Hyphenator: 	at libcore.io.IoBridge.open(IoBridge.java:455)
09-22 07:09:30.402  1343  1343 E Hyphenator: 	at java.io.RandomAccessFile.<init>(RandomAccessFile.java:247)
09-22 07:09:30.402  1343  1343 E Hyphenator: 	at android.text.Hyphenator.loadHyphenator(Hyphenator.java:118)
09-22 07:09:30.402  1343  1343 E Hyphenator: 	at android.text.Hyphenator.init(Hyphenator.java:224)
09-22 07:09:30.402  1343  1343 E Hyphenator: 	at com.android.internal.os.ZygoteInit.preloadTextResources(ZygoteInit.java:252)
09-22 07:09:30.402  1343  1343 E Hyphenator: 	at com.android.internal.os.ZygoteInit.preload(ZygoteInit.java:206)
09-22 07:09:30.402  1343  1343 E Hyphenator: 	at com.android.internal.os.ZygoteInit.main(ZygoteInit.java:743)
09-22 07:09:30.402  1343  1343 E Hyphenator: Caused by: android.system.ErrnoException: open failed: ENOENT (No such file or directory)
09-22 07:09:30.402  1343  1343 E Hyphenator: 	at libcore.io.Posix.open(Native Method)
09-22 07:09:30.402  1343  1343 E Hyphenator: 	at libcore.io.BlockGuardOs.open(BlockGuardOs.java:187)
09-22 07:09:30.402  1343  1343 E Hyphenator: 	at libcore.io.IoBridge.open(IoBridge.java:441)
09-22 07:09:30.402  1343  1343 E Hyphenator: 	... 6 more
09-22 07:09:30.402  1343  1343 E Hyphenator: error loading hyphenation /system/usr/hyphen-data/hyph-mn-cyrl.hyb
09-22 07:09:30.402  1343  1343 E Hyphenator: java.io.FileNotFoundException: /system/usr/hyphen-data/hyph-mn-cyrl.hyb: open failed: ENOENT (No such file or directory)
09-22 07:09:30.402  1343  1343 E Hyphenator: 	at libcore.io.IoBridge.open(IoBridge.java:455)
09-22 07:09:30.402  1343  1343 E Hyphenator: 	at java.io.RandomAccessFile.<init>(RandomAccessFile.java:247)
09-22 07:09:30.402  1343  1343 E Hyphenator: 	at android.text.Hyphenator.loadHyphenator(Hyphenator.java:118)
09-22 07:09:30.402  1343  1343 E Hyphenator: 	at android.text.Hyphenator.init(Hyphenator.java:224)
09-22 07:09:30.402  1343  1343 E Hyphenator: 	at com.android.internal.os.ZygoteInit.preloadTextResources(ZygoteInit.java:252)
09-22 07:09:30.402  1343  1343 E Hyphenator: 	at com.android.internal.os.ZygoteInit.preload(ZygoteInit.java:206)
09-22 07:09:30.402  1343  1343 E Hyphenator: 	at com.android.internal.os.ZygoteInit.main(ZygoteInit.java:743)
09-22 07:09:30.402  1343  1343 E Hyphenator: Caused by: android.system.ErrnoException: open failed: ENOENT (No such file or directory)
09-22 07:09:30.402  1343  1343 E Hyphenator: 	at libcore.io.Posix.open(Native Method)
09-22 07:09:30.402  1343  1343 E Hyphenator: 	at libcore.io.BlockGuardOs.open(BlockGuardOs.java:187)
09-22 07:09:30.402  1343  1343 E Hyphenator: 	at libcore.io.IoBridge.open(IoBridge.java:441)
09-22 07:09:30.402  1343  1343 E Hyphenator: 	... 6 more
09-22 07:09:30.402  1343  1343 E Hyphenator: error loading hyphenation /system/usr/hyphen-data/hyph-mr.hyb
09-22 07:09:30.402  1343  1343 E Hyphenator: java.io.FileNotFoundException: /system/usr/hyphen-data/hyph-mr.hyb: open failed: ENOENT (No such file or directory)
09-22 07:09:30.402  1343  1343 E Hyphenator: 	at libcore.io.IoBridge.open(IoBridge.java:455)
09-22 07:09:30.402  1343  1343 E Hyphenator: 	at java.io.RandomAccessFile.<init>(RandomAccessFile.java:247)
09-22 07:09:30.402  1343  1343 E Hyphenator: 	at android.text.Hyphenator.loadHyphenator(Hyphenator.java:118)
09-22 07:09:30.402  1343  1343 E Hyphenator: 	at android.text.Hyphenator.init(Hyphenator.java:224)
09-22 07:09:30.402  1343  1343 E Hyphenator: 	at com.android.internal.os.ZygoteInit.preloadTextResources(ZygoteInit.java:252)
09-22 07:09:30.402  1343  1343 E Hyphenator: 	at com.android.internal.os.ZygoteInit.preload(ZygoteInit.java:206)
09-22 07:09:30.402  1343  1343 E Hyphenator: 	at com.android.internal.os.ZygoteInit.main(ZygoteInit.java:743)
09-22 07:09:30.402  1343  1343 E Hyphenator: Caused by: android.system.ErrnoException: open failed: ENOENT (No such file or directory)
09-22 07:09:30.402  1343  1343 E Hyphenator: 	at libcore.io.Posix.open(Native Method)
09-22 07:09:30.402  1343  1343 E Hyphenator: 	at libcore.io.BlockGuardOs.open(BlockGuardOs.java:187)
09-22 07:09:30.402  1343  1343 E Hyphenator: 	at libcore.io.IoBridge.open(IoBridge.java:441)
09-22 07:09:30.402  1343  1343 E Hyphenator: 	... 6 more
09-22 07:09:30.402  1343  1343 E Hyphenator: error loading hyphenation /system/usr/hyphen-data/hyph-nb.hyb
09-22 07:09:30.402  1343  1343 E Hyphenator: java.io.FileNotFoundException: /system/usr/hyphen-data/hyph-nb.hyb: open failed: ENOENT (No such file or directory)
09-22 07:09:30.402  1343  1343 E Hyphenator: 	at libcore.io.IoBridge.open(IoBridge.java:455)
09-22 07:09:30.402  1343  1343 E Hyphenator: 	at java.io.RandomAccessFile.<init>(RandomAccessFile.java:247)
09-22 07:09:30.402  1343  1343 E Hyphenator: 	at android.text.Hyphenator.loadHyphenator(Hyphenator.java:118)
09-22 07:09:30.402  1343  1343 E Hyphenator: 	at android.text.Hyphenator.init(Hyphenator.java:224)
09-22 07:09:30.402  1343  1343 E Hyphenator: 	at com.android.internal.os.ZygoteInit.preloadTextResources(ZygoteInit.java:252)
09-22 07:09:30.402  1343  1343 E Hyphenator: 	at com.android.internal.os.ZygoteInit.preload(ZygoteInit.java:206)
09-22 07:09:30.402  1343  1343 E Hyphenator: 	at com.android.internal.os.ZygoteInit.main(ZygoteInit.java:743)
09-22 07:09:30.402  1343  1343 E Hyphenator: Caused by: android.system.ErrnoException: open failed: ENOENT (No such file or directory)
09-22 07:09:30.402  1343  1343 E Hyphenator: 	at libcore.io.Posix.open(Native Method)
09-22 07:09:30.402  1343  1343 E Hyphenator: 	at libcore.io.BlockGuardOs.open(BlockGuardOs.java:187)
09-22 07:09:30.402  1343  1343 E Hyphenator: 	at libcore.io.IoBridge.open(IoBridge.java:441)
09-22 07:09:30.402  1343  1343 E Hyphenator: 	... 6 more
09-22 07:09:30.403  1343  1343 E Hyphenator: error loading hyphenation /system/usr/hyphen-data/hyph-nn.hyb
09-22 07:09:30.403  1343  1343 E Hyphenator: java.io.FileNotFoundException: /system/usr/hyphen-data/hyph-nn.hyb: open failed: ENOENT (No such file or directory)
09-22 07:09:30.403  1343  1343 E Hyphenator: 	at libcore.io.IoBridge.open(IoBridge.java:455)
09-22 07:09:30.403  1343  1343 E Hyphenator: 	at java.io.RandomAccessFile.<init>(RandomAccessFile.java:247)
09-22 07:09:30.403  1343  1343 E Hyphenator: 	at android.text.Hyphenator.loadHyphenator(Hyphenator.java:118)
09-22 07:09:30.403  1343  1343 E Hyphenator: 	at android.text.Hyphenator.init(Hyphenator.java:224)
09-22 07:09:30.403  1343  1343 E Hyphenator: 	at com.android.internal.os.ZygoteInit.preloadTextResources(ZygoteInit.java:252)
09-22 07:09:30.403  1343  1343 E Hyphenator: 	at com.android.internal.os.ZygoteInit.preload(ZygoteInit.java:206)
09-22 07:09:30.403  1343  1343 E Hyphenator: 	at com.android.internal.os.ZygoteInit.main(ZygoteInit.java:743)
09-22 07:09:30.403  1343  1343 E Hyphenator: Caused by: android.system.ErrnoException: open failed: ENOENT (No such file or directory)
09-22 07:09:30.403  1343  1343 E Hyphenator: 	at libcore.io.Posix.open(Native Method)
09-22 07:09:30.403  1343  1343 E Hyphenator: 	at libcore.io.BlockGuardOs.open(BlockGuardOs.java:187)
09-22 07:09:30.403  1343  1343 E Hyphenator: 	at libcore.io.IoBridge.open(IoBridge.java:441)
09-22 07:09:30.403  1343  1343 E Hyphenator: 	... 6 more
09-22 07:09:30.403  1343  1343 E Hyphenator: error loading hyphenation /system/usr/hyphen-data/hyph-or.hyb
09-22 07:09:30.403  1343  1343 E Hyphenator: java.io.FileNotFoundException: /system/usr/hyphen-data/hyph-or.hyb: open failed: ENOENT (No such file or directory)
09-22 07:09:30.403  1343  1343 E Hyphenator: 	at libcore.io.IoBridge.open(IoBridge.java:455)
09-22 07:09:30.403  1343  1343 E Hyphenator: 	at java.io.RandomAccessFile.<init>(RandomAccessFile.java:247)
09-22 07:09:30.403  1343  1343 E Hyphenator: 	at android.text.Hyphenator.loadHyphenator(Hyphenator.java:118)
09-22 07:09:30.403  1343  1343 E Hyphenator: 	at android.text.Hyphenator.init(Hyphenator.java:224)
09-22 07:09:30.403  1343  1343 E Hyphenator: 	at com.android.internal.os.ZygoteInit.preloadTextResources(ZygoteInit.java:252)
09-22 07:09:30.403  1343  1343 E Hyphenator: 	at com.android.internal.os.ZygoteInit.preload(ZygoteInit.java:206)
09-22 07:09:30.403  1343  1343 E Hyphenator: 	at com.android.internal.os.ZygoteInit.main(ZygoteInit.java:743)
09-22 07:09:30.403  1343  1343 E Hyphenator: Caused by: android.system.ErrnoException: open failed: ENOENT (No such file or directory)
09-22 07:09:30.403  1343  1343 E Hyphenator: 	at libcore.io.Posix.open(Native Method)
09-22 07:09:30.403  1343  1343 E Hyphenator: 	at libcore.io.BlockGuardOs.open(BlockGuardOs.java:187)
09-22 07:09:30.403  1343  1343 E Hyphenator: 	at libcore.io.IoBridge.open(IoBridge.java:441)
09-22 07:09:30.403  1343  1343 E Hyphenator: 	... 6 more
09-22 07:09:30.403  1343  1343 E Hyphenator: error loading hyphenation /system/usr/hyphen-data/hyph-pa.hyb
09-22 07:09:30.403  1343  1343 E Hyphenator: java.io.FileNotFoundException: /system/usr/hyphen-data/hyph-pa.hyb: open failed: ENOENT (No such file or directory)
09-22 07:09:30.403  1343  1343 E Hyphenator: 	at libcore.io.IoBridge.open(IoBridge.java:455)
09-22 07:09:30.403  1343  1343 E Hyphenator: 	at java.io.RandomAccessFile.<init>(RandomAccessFile.java:247)
09-22 07:09:30.403  1343  1343 E Hyphenator: 	at android.text.Hyphenator.loadHyphenator(Hyphenator.java:118)
09-22 07:09:30.403  1343  1343 E Hyphenator: 	at android.text.Hyphenator.init(Hyphenator.java:224)
09-22 07:09:30.403  1343  1343 E Hyphenator: 	at com.android.internal.os.ZygoteInit.preloadTextResources(ZygoteInit.java:252)
09-22 07:09:30.403  1343  1343 E Hyphenator: 	at com.android.internal.os.ZygoteInit.preload(ZygoteInit.java:206)
09-22 07:09:30.403  1343  1343 E Hyphenator: 	at com.android.internal.os.ZygoteInit.main(ZygoteInit.java:743)
09-22 07:09:30.403  1343  1343 E Hyphenator: Caused by: android.system.ErrnoException: open failed: ENOENT (No such file or directory)
09-22 07:09:30.403  1343  1343 E Hyphenator: 	at libcore.io.Posix.open(Native Method)
09-22 07:09:30.403  1343  1343 E Hyphenator: 	at libcore.io.BlockGuardOs.open(BlockGuardOs.java:187)
09-22 07:09:30.403  1343  1343 E Hyphenator: 	at libcore.io.IoBridge.open(IoBridge.java:441)
09-22 07:09:30.403  1343  1343 E Hyphenator: 	... 6 more
09-22 07:09:30.403  1343  1343 E Hyphenator: error loading hyphenation /system/usr/hyphen-data/hyph-pt.hyb
09-22 07:09:30.403  1343  1343 E Hyphenator: java.io.FileNotFoundException: /system/usr/hyphen-data/hyph-pt.hyb: open failed: ENOENT (No such file or directory)
09-22 07:09:30.403  1343  1343 E Hyphenator: 	at libcore.io.IoBridge.open(IoBridge.java:455)
09-22 07:09:30.403  1343  1343 E Hyphenator: 	at java.io.RandomAccessFile.<init>(RandomAccessFile.java:247)
09-22 07:09:30.403  1343  1343 E Hyphenator: 	at android.text.Hyphenator.loadHyphenator(Hyphenator.java:118)
09-22 07:09:30.403  1343  1343 E Hyphenator: 	at android.text.Hyphenator.init(Hyphenator.java:224)
09-22 07:09:30.403  1343  1343 E Hyphenator: 	at com.android.internal.os.ZygoteInit.preloadTextResources(ZygoteInit.java:252)
09-22 07:09:30.403  1343  1343 E Hyphenator: 	at com.android.internal.os.ZygoteInit.preload(ZygoteInit.java:206)
09-22 07:09:30.403  1343  1343 E Hyphenator: 	at com.android.internal.os.ZygoteInit.main(ZygoteInit.java:743)
09-22 07:09:30.403  1343  1343 E Hyphenator: Caused by: android.system.ErrnoException: open failed: ENOENT (No such file or directory)
09-22 07:09:30.403  1343  1343 E Hyphenator: 	at libcore.io.Posix.open(Native Method)
09-22 07:09:30.403  1343  1343 E Hyphenator: 	at libcore.io.BlockGuardOs.open(BlockGuardOs.java:187)
09-22 07:09:30.403  1343  1343 E Hyphenator: 	at libcore.io.IoBridge.open(IoBridge.java:441)
09-22 07:09:30.403  1343  1343 E Hyphenator: 	... 6 more
09-22 07:09:30.403  1343  1343 E Hyphenator: error loading hyphenation /system/usr/hyphen-data/hyph-sl.hyb
09-22 07:09:30.403  1343  1343 E Hyphenator: java.io.FileNotFoundException: /system/usr/hyphen-data/hyph-sl.hyb: open failed: ENOENT (No such file or directory)
09-22 07:09:30.403  1343  1343 E Hyphenator: 	at libcore.io.IoBridge.open(IoBridge.java:455)
09-22 07:09:30.403  1343  1343 E Hyphenator: 	at java.io.RandomAccessFile.<init>(RandomAccessFile.java:247)
09-22 07:09:30.403  1343  1343 E Hyphenator: 	at android.text.Hyphenator.loadHyphenator(Hyphenator.java:118)
09-22 07:09:30.403  1343  1343 E Hyphenator: 	at android.text.Hyphenator.init(Hyphenator.java:224)
09-22 07:09:30.403  1343  1343 E Hyphenator: 	at com.android.internal.os.ZygoteInit.preloadTextResources(ZygoteInit.java:252)
09-22 07:09:30.403  1343  1343 E Hyphenator: 	at com.android.internal.os.ZygoteInit.preload(ZygoteInit.java:206)
09-22 07:09:30.403  1343  1343 E Hyphenator: 	at com.android.internal.os.ZygoteInit.main(ZygoteInit.java:743)
09-22 07:09:30.403  1343  1343 E Hyphenator: Caused by: android.system.ErrnoException: open failed: ENOENT (No such file or directory)
09-22 07:09:30.403  1343  1343 E Hyphenator: 	at libcore.io.Posix.open(Native Method)
09-22 07:09:30.403  1343  1343 E Hyphenator: 	at libcore.io.BlockGuardOs.open(BlockGuardOs.java:187)
09-22 07:09:30.403  1343  1343 E Hyphenator: 	at libcore.io.IoBridge.open(IoBridge.java:441)
09-22 07:09:30.403  1343  1343 E Hyphenator: 	... 6 more
09-22 07:09:30.403  1343  1343 E Hyphenator: error loading hyphenation /system/usr/hyphen-data/hyph-ta.hyb
09-22 07:09:30.403  1343  1343 E Hyphenator: java.io.FileNotFoundException: /system/usr/hyphen-data/hyph-ta.hyb: open failed: ENOENT (No such file or directory)
09-22 07:09:30.403  1343  1343 E Hyphenator: 	at libcore.io.IoBridge.open(IoBridge.java:455)
09-22 07:09:30.403  1343  1343 E Hyphenator: 	at java.io.RandomAccessFile.<init>(RandomAccessFile.java:247)
09-22 07:09:30.403  1343  1343 E Hyphenator: 	at android.text.Hyphenator.loadHyphenator(Hyphenator.java:118)
09-22 07:09:30.403  1343  1343 E Hyphenator: 	at android.text.Hyphenator.init(Hyphenator.java:224)
09-22 07:09:30.403  1343  1343 E Hyphenator: 	at com.android.internal.os.ZygoteInit.preloadTextResources(ZygoteInit.java:252)
09-22 07:09:30.403  1343  1343 E Hyphenator: 	at com.android.internal.os.ZygoteInit.preload(ZygoteInit.java:206)
09-22 07:09:30.403  1343  1343 E Hyphenator: 	at com.android.internal.os.ZygoteInit.main(ZygoteInit.java:743)
09-22 07:09:30.403  1343  1343 E Hyphenator: Caused by: android.system.ErrnoException: open failed: ENOENT (No such file or directory)
09-22 07:09:30.403  1343  1343 E Hyphenator: 	at libcore.io.Posix.open(Native Method)
09-22 07:09:30.403  1343  1343 E Hyphenator: 	at libcore.io.BlockGuardOs.open(BlockGuardOs.java:187)
09-22 07:09:30.403  1343  1343 E Hyphenator: 	at libcore.io.IoBridge.open(IoBridge.java:441)
09-22 07:09:30.403  1343  1343 E Hyphenator: 	... 6 more
09-22 07:09:30.403  1343  1343 E Hyphenator: error loading hyphenation /system/usr/hyphen-data/hyph-te.hyb
09-22 07:09:30.403  1343  1343 E Hyphenator: java.io.FileNotFoundException: /system/usr/hyphen-data/hyph-te.hyb: open failed: ENOENT (No such file or directory)
09-22 07:09:30.403  1343  1343 E Hyphenator: 	at libcore.io.IoBridge.open(IoBridge.java:455)
09-22 07:09:30.403  1343  1343 E Hyphenator: 	at java.io.RandomAccessFile.<init>(RandomAccessFile.java:247)
09-22 07:09:30.403  1343  1343 E Hyphenator: 	at android.text.Hyphenator.loadHyphenator(Hyphenator.java:118)
09-22 07:09:30.403  1343  1343 E Hyphenator: 	at android.text.Hyphenator.init(Hyphenator.java:224)
09-22 07:09:30.403  1343  1343 E Hyphenator: 	at com.android.internal.os.ZygoteInit.preloadTextResources(ZygoteInit.java:252)
09-22 07:09:30.403  1343  1343 E Hyphenator: 	at com.android.internal.os.ZygoteInit.preload(ZygoteInit.java:206)
09-22 07:09:30.403  1343  1343 E Hyphenator: 	at com.android.internal.os.ZygoteInit.main(ZygoteInit.java:743)
09-22 07:09:30.403  1343  1343 E Hyphenator: Caused by: android.system.ErrnoException: open failed: ENOENT (No such file or directory)
09-22 07:09:30.403  1343  1343 E Hyphenator: 	at libcore.io.Posix.open(Native Method)
09-22 07:09:30.403  1343  1343 E Hyphenator: 	at libcore.io.BlockGuardOs.open(BlockGuardOs.java:187)
09-22 07:09:30.403  1343  1343 E Hyphenator: 	at libcore.io.IoBridge.open(IoBridge.java:441)
09-22 07:09:30.403  1343  1343 E Hyphenator: 	... 6 more
09-22 07:09:30.403  1343  1343 E Hyphenator: error loading hyphenation /system/usr/hyphen-data/hyph-tk.hyb
09-22 07:09:30.403  1343  1343 E Hyphenator: java.io.FileNotFoundException: /system/usr/hyphen-data/hyph-tk.hyb: open failed: ENOENT (No such file or directory)
09-22 07:09:30.403  1343  1343 E Hyphenator: 	at libcore.io.IoBridge.open(IoBridge.java:455)
09-22 07:09:30.403  1343  1343 E Hyphenator: 	at java.io.RandomAccessFile.<init>(RandomAccessFile.java:247)
09-22 07:09:30.403  1343  1343 E Hyphenator: 	at android.text.Hyphenator.loadHyphenator(Hyphenator.java:118)
09-22 07:09:30.403  1343  1343 E Hyphenator: 	at android.text.Hyphenator.init(Hyphenator.java:224)
09-22 07:09:30.403  1343  1343 E Hyphenator: 	at com.android.internal.os.ZygoteInit.preloadTextResources(ZygoteInit.java:252)
09-22 07:09:30.403  1343  1343 E Hyphenator: 	at com.android.internal.os.ZygoteInit.preload(ZygoteInit.java:206)
09-22 07:09:30.403  1343  1343 E Hyphenator: 	at com.android.internal.os.ZygoteInit.main(ZygoteInit.java:743)
09-22 07:09:30.403  1343  1343 E Hyphenator: Caused by: android.system.ErrnoException: open failed: ENOENT (No such file or directory)
09-22 07:09:30.403  1343  1343 E Hyphenator: 	at libcore.io.Posix.open(Native Method)
09-22 07:09:30.403  1343  1343 E Hyphenator: 	at libcore.io.BlockGuardOs.open(BlockGuardOs.java:187)
09-22 07:09:30.403  1343  1343 E Hyphenator: 	at libcore.io.IoBridge.open(IoBridge.java:441)
09-22 07:09:30.403  1343  1343 E Hyphenator: 	... 6 more
09-22 07:09:30.403  1343  1343 E Hyphenator: error loading hyphenation /system/usr/hyphen-data/hyph-und-ethi.hyb
09-22 07:09:30.403  1343  1343 E Hyphenator: java.io.FileNotFoundException: /system/usr/hyphen-data/hyph-und-ethi.hyb: open failed: ENOENT (No such file or directory)
09-22 07:09:30.403  1343  1343 E Hyphenator: 	at libcore.io.IoBridge.open(IoBridge.java:455)
09-22 07:09:30.403  1343  1343 E Hyphenator: 	at java.io.RandomAccessFile.<init>(RandomAccessFile.java:247)
09-22 07:09:30.403  1343  1343 E Hyphenator: 	at android.text.Hyphenator.loadHyphenator(Hyphenator.java:118)
09-22 07:09:30.403  1343  1343 E Hyphenator: 	at android.text.Hyphenator.init(Hyphenator.java:224)
09-22 07:09:30.403  1343  1343 E Hyphenator: 	at com.android.internal.os.ZygoteInit.preloadTextResources(ZygoteInit.java:252)
09-22 07:09:30.403  1343  1343 E Hyphenator: 	at com.android.internal.os.ZygoteInit.preload(ZygoteInit.java:206)
09-22 07:09:30.403  1343  1343 E Hyphenator: 	at com.android.internal.os.ZygoteInit.main(ZygoteInit.java:743)
09-22 07:09:30.403  1343  1343 E Hyphenator: Caused by: android.system.ErrnoException: open failed: ENOENT (No such file or directory)
09-22 07:09:30.403  1343  1343 E Hyphenator: 	at libcore.io.Posix.open(Native Method)
09-22 07:09:30.403  1343  1343 E Hyphenator: 	at libcore.io.BlockGuardOs.open(BlockGuardOs.java:187)
09-22 07:09:30.403  1343  1343 E Hyphenator: 	at libcore.io.IoBridge.open(IoBridge.java:441)
09-22 07:09:30.403  1343  1343 E Hyphenator: 	... 6 more
09-22 07:09:30.411  1343  1343 I Zygote  : Uninstalled ICU cache reference pinning...
09-22 07:09:30.413  1343  1343 I Zygote  : Installed AndroidKeyStoreProvider in 2ms.
09-22 07:09:30.421  1343  1343 I Zygote  : Warmed up JCA providers in 8ms.
09-22 07:09:30.421  1343  1343 D Zygote  : end preload
09-22 07:09:30.421  1343  1343 I art     : Starting a blocking GC Explicit
09-22 07:09:30.428  1343  1343 I art     : Explicit concurrent mark sweep GC freed 9219(509KB) AllocSpace objects, 9(244KB) LOS objects, 39% free, 6MB/10MB, paused 480us total 6.561ms
09-22 07:09:30.428  1343  1343 I art     : Starting a blocking GC Explicit
09-22 07:09:30.434  1343  1343 I art     : Explicit concurrent mark sweep GC freed 89(3040B) AllocSpace objects, 0(0B) LOS objects, 39% free, 6MB/10MB, paused 457us total 5.944ms
09-22 07:09:30.435  1343  1465 I art     : Starting a blocking GC HeapTrim
09-22 07:09:30.437  1343  1343 I art     : Starting a blocking GC Background
09-22 07:09:30.450  1343  1343 I Zygote  : System server process 1601 has been created
09-22 07:09:30.453  1343  1343 I Zygote  : Accepting command socket connections
09-22 07:09:30.456  1601  1601 I InstallerConnection: connecting...
09-22 07:09:30.456  1347  1347 I         : new connection
09-22 07:09:30.460  1601  1601 I InstallerConnection: disconnecting...
09-22 07:09:30.460  1347  1347 E         : eof
09-22 07:09:30.460  1347  1347 E         : failed to read size
09-22 07:09:30.460  1347  1347 I         : closing connection
09-22 07:09:30.469  1601  1601 I SystemServer: Entered the Android system server!
09-22 07:09:30.490  1601  1601 I SystemServiceManager: Starting com.android.server.pm.Installer
09-22 07:09:30.491  1601  1601 I Installer: Waiting for installd to be ready.
09-22 07:09:30.491  1601  1601 I InstallerConnection: connecting...
09-22 07:09:30.491  1347  1347 I         : new connection
09-22 07:09:30.491  1601  1601 I SystemServiceManager: Starting com.android.server.am.ActivityManagerService$Lifecycle
09-22 07:09:30.500  1601  1601 I ActivityManager: Memory class: 384
09-22 07:09:30.511  1601  1615 I ServiceThread: Enabled StrictMode logging for ActivityManager looper.
09-22 07:09:30.521  1601  1616 I ServiceThread: Enabled StrictMode logging for android.ui looper.
09-22 07:09:30.528  1601  1601 D BatteryStatsImpl: Reading daily items from /data/system/batterystats-daily.xml
09-22 07:09:30.575  1601  1601 I IntentFirewall: Read new rules (A:0 B:0 S:0)
09-22 07:09:30.578  1601  1622 I ServiceThread: Enabled StrictMode logging for android.display looper.
09-22 07:09:30.581  1601  1601 D AppOps  : AppOpsService published
09-22 07:09:30.581  1601  1601 I SystemServiceManager: Starting com.android.server.power.PowerManagerService
09-22 07:09:30.582  1601  1624 I ServiceThread: Enabled StrictMode logging for PowerManagerService looper.
09-22 07:09:30.583  1601  1601 E PowerManagerService-JNI: Couldn't load power module (No such file or directory)
09-22 07:09:30.583  1601  1601 W libsuspend: Error writing 'on' to /sys/power/state: Invalid argument
09-22 07:09:30.583  1601  1601 I libsuspend: Selected wakeup count
09-22 07:09:30.584  1601  1601 I SystemServiceManager: Starting com.android.server.lights.LightsService
09-22 07:09:30.586  1601  1601 I SystemServiceManager: Starting com.android.server.display.DisplayManagerService
09-22 07:09:30.588  1601  1601 I SystemServiceManager: Starting phase 100
09-22 07:09:30.591  1327  1367 E SurfaceFlinger: ro.sf.lcd_density must be defined as a build property
09-22 07:09:30.592  1601  1622 I DisplayManagerService: Display device added: DisplayDeviceInfo{"Built-in Screen": uniqueId="local:0", 1080 x 1920, modeId 1, defaultModeId 1, supportedModes [{id=1, width=1080, height=1920, fps=60.000004}], colorMode 0, supportedColorModes [0], HdrCapabilities android.view.Display$HdrCapabilities@a69d6308, density 480, 480.0 x 480.0 dpi, appVsyncOff 1000000, presDeadline 16666666, touch INTERNAL, rotation 0, type BUILT_IN, state UNKNOWN, FLAG_DEFAULT_DISPLAY, FLAG_ROTATES_WITH_CONTENT, FLAG_SECURE, FLAG_SUPPORTS_PROTECTED_BUFFERS}
09-22 07:09:30.592  1327  1327 D SurfaceFlinger: Set power mode=2, type=0 flinger=0xb4230000
09-22 07:09:30.592  1327  1327 D SurfaceFlinger: Screen type=0 is already mode=2
09-22 07:09:30.593  1601  1622 I DisplayManagerService: Display device changed state: "Built-in Screen", ON
09-22 07:09:30.593  1601  1601 I SystemServer: StartPackageManagerService
09-22 07:09:30.618  1601  1601 D SELinuxMMAC: Using policy file /system/etc/security/mac_permissions.xml
09-22 07:09:30.627  1601  1601 D PackageSettings: Read domain verification for package: com.google.android.apps.maps
09-22 07:09:30.655  1601  1601 E art     : DexFile_getDexOptNeeded file '/system/framework/org.apache.http.legacy.jar' does not exist
09-22 07:09:30.655  1601  1601 W PackageManager: Library not found: /system/framework/org.apache.http.legacy.jar
09-22 07:09:30.657  1601  1601 D PackageManager: No files in app dir /vendor/overlay
09-22 07:09:30.667  1345  1345 I ServiceManager: Waiting for service media.camera.proxy...
09-22 07:09:30.671  1601  1601 W PackageManager: Failed to parse /system/framework/oat: Missing base APK in /system/framework/oat
09-22 07:09:30.671  1601  1601 W PackageManager: Failed to parse /system/framework/x86: Missing base APK in /system/framework/x86
09-22 07:09:30.685  1601  1601 W PackageParser: No actions in intent filter at /system/priv-app/Contacts/Contacts.apk Binary XML file line #409
09-22 07:09:30.700  1601  1601 W PackageParser: No actions in intent filter at /system/priv-app/Dialer/Dialer.apk Binary XML file line #186
09-22 07:09:30.708  1601  1601 W PackageManager: Permission android.permission.DOWNLOAD_WITHOUT_NOTIFICATION from package com.android.providers.downloads in an unknown group android.permission-group.NETWORK
09-22 07:09:30.727  1601  1601 W PackageManager: Permission com.google.android.googleapps.permission.GOOGLE_AUTH from package com.google.android.gsf in an unknown group android.permission-group.ACCOUNTS
09-22 07:09:30.727  1601  1601 W PackageManager: Permission com.google.android.googleapps.permission.GOOGLE_AUTH.ALL_SERVICES from package com.google.android.gsf in an unknown group android.permission-group.ACCOUNTS
09-22 07:09:30.727  1601  1601 W PackageManager: Permission com.google.android.googleapps.permission.GOOGLE_AUTH.OTHER_SERVICES from package com.google.android.gsf in an unknown group android.permission-group.ACCOUNTS
09-22 07:09:30.727  1601  1601 W PackageManager: Permission com.google.android.googleapps.permission.GOOGLE_AUTH.mail from package com.google.android.gsf in an unknown group android.permission-group.ACCOUNTS
09-22 07:09:30.727  1601  1601 W PackageManager: Permission com.google.android.googleapps.permission.GOOGLE_AUTH.cl from package com.google.android.gsf in an unknown group android.permission-group.ACCOUNTS
09-22 07:09:30.727  1601  1601 W PackageManager: Permission com.google.android.googleapps.permission.GOOGLE_AUTH.android from package com.google.android.gsf in an unknown group android.permission-group.ACCOUNTS
09-22 07:09:30.727  1601  1601 W PackageManager: Permission com.google.android.googleapps.permission.GOOGLE_AUTH.androidsecure from package com.google.android.gsf in an unknown group android.permission-group.ACCOUNTS
09-22 07:09:30.727  1601  1601 W PackageManager: Permission com.google.android.googleapps.permission.GOOGLE_AUTH.sierra from package com.google.android.gsf in an unknown group android.permission-group.ACCOUNTS
09-22 07:09:30.727  1601  1601 W PackageManager: Permission com.google.android.googleapps.permission.GOOGLE_AUTH.sierraqa from package com.google.android.gsf in an unknown group android.permission-group.ACCOUNTS
09-22 07:09:30.727  1601  1601 W PackageManager: Permission com.google.android.googleapps.permission.GOOGLE_AUTH.sierrasandbox from package com.google.android.gsf in an unknown group android.permission-group.ACCOUNTS
09-22 07:09:30.727  1601  1601 W PackageManager: Permission com.google.android.googleapps.permission.GOOGLE_AUTH.youtube from package com.google.android.gsf in an unknown group android.permission-group.ACCOUNTS
09-22 07:09:30.727  1601  1601 W PackageManager: Permission com.google.android.googleapps.permission.GOOGLE_AUTH.YouTubeUser from package com.google.android.gsf in an unknown group android.permission-group.ACCOUNTS
09-22 07:09:30.727  1601  1601 W PackageManager: Permission com.google.android.googleapps.permission.GOOGLE_AUTH.talk from package com.google.android.gsf in an unknown group android.permission-group.ACCOUNTS
09-22 07:09:30.727  1601  1601 W PackageManager: Permission com.google.android.googleapps.permission.GOOGLE_AUTH.ig from package com.google.android.gsf in an unknown group android.permission-group.ACCOUNTS
09-22 07:09:30.727  1601  1601 W PackageManager: Permission com.google.android.googleapps.permission.GOOGLE_AUTH.lh2 from package com.google.android.gsf in an unknown group android.permission-group.ACCOUNTS
09-22 07:09:30.727  1601  1601 W PackageManager: Permission com.google.android.googleapps.permission.GOOGLE_AUTH.mobile from package com.google.android.gsf in an unknown group android.permission-group.ACCOUNTS
09-22 07:09:30.727  1601  1601 W PackageManager: Permission com.google.android.googleapps.permission.GOOGLE_AUTH.cp from package com.google.android.gsf in an unknown group android.permission-group.ACCOUNTS
09-22 07:09:30.727  1601  1601 W PackageManager: Permission com.google.android.googleapps.permission.GOOGLE_AUTH.adsense from package com.google.android.gsf in an unknown group android.permission-group.ACCOUNTS
09-22 07:09:30.727  1601  1601 W PackageManager: Permission com.google.android.googleapps.permission.GOOGLE_AUTH.adwords from package com.google.android.gsf in an unknown group android.permission-group.ACCOUNTS
09-22 07:09:30.728  1601  1601 W PackageManager: Permission com.google.android.googleapps.permission.GOOGLE_AUTH.blogger from package com.google.android.gsf in an unknown group android.permission-group.ACCOUNTS
09-22 07:09:30.728  1601  1601 W PackageManager: Permission com.google.android.googleapps.permission.GOOGLE_AUTH.dodgeball from package com.google.android.gsf in an unknown group android.permission-group.ACCOUNTS
09-22 07:09:30.728  1601  1601 W PackageManager: Permission com.google.android.googleapps.permission.GOOGLE_AUTH.gbase from package com.google.android.gsf in an unknown group android.permission-group.ACCOUNTS
09-22 07:09:30.728  1601  1601 W PackageManager: Permission com.google.android.googleapps.permission.GOOGLE_AUTH.groups2 from package com.google.android.gsf in an unknown group android.permission-group.ACCOUNTS
09-22 07:09:30.728  1601  1601 W PackageManager: Permission com.google.android.googleapps.permission.GOOGLE_AUTH.health from package com.google.android.gsf in an unknown group android.permission-group.ACCOUNTS
09-22 07:09:30.728  1601  1601 W PackageManager: Permission com.google.android.googleapps.permission.GOOGLE_AUTH.jotspot from package com.google.android.gsf in an unknown group android.permission-group.ACCOUNTS
09-22 07:09:30.728  1601  1601 W PackageManager: Permission com.google.android.googleapps.permission.GOOGLE_AUTH.knol from package com.google.android.gsf in an unknown group android.permission-group.ACCOUNTS
09-22 07:09:30.728  1601  1601 W PackageManager: Permission com.google.android.googleapps.permission.GOOGLE_AUTH.news from package com.google.android.gsf in an unknown group android.permission-group.ACCOUNTS
09-22 07:09:30.728  1601  1601 W PackageManager: Permission com.google.android.googleapps.permission.GOOGLE_AUTH.orkut from package com.google.android.gsf in an unknown group android.permission-group.ACCOUNTS
09-22 07:09:30.728  1601  1601 W PackageManager: Permission com.google.android.googleapps.permission.GOOGLE_AUTH.print from package com.google.android.gsf in an unknown group android.permission-group.ACCOUNTS
09-22 07:09:30.728  1601  1601 W PackageManager: Permission com.google.android.googleapps.permission.GOOGLE_AUTH.sitemaps from package com.google.android.gsf in an unknown group android.permission-group.ACCOUNTS
09-22 07:09:30.728  1601  1601 W PackageManager: Permission com.google.android.googleapps.permission.GOOGLE_AUTH.wifi from package com.google.android.gsf in an unknown group android.permission-group.ACCOUNTS
09-22 07:09:30.728  1601  1601 W PackageManager: Permission com.google.android.googleapps.permission.GOOGLE_AUTH.finance from package com.google.android.gsf in an unknown group android.permission-group.ACCOUNTS
09-22 07:09:30.728  1601  1601 W PackageManager: Permission com.google.android.googleapps.permission.GOOGLE_AUTH.local from package com.google.android.gsf in an unknown group android.permission-group.ACCOUNTS
09-22 07:09:30.728  1601  1601 W PackageManager: Permission com.google.android.googleapps.permission.GOOGLE_AUTH.ah from package com.google.android.gsf in an unknown group android.permission-group.ACCOUNTS
09-22 07:09:30.729  1601  1601 W PackageManager: Permission com.google.android.googleapps.permission.GOOGLE_AUTH.notebook from package com.google.android.gsf in an unknown group android.permission-group.ACCOUNTS
09-22 07:09:30.729  1601  1601 W PackageManager: Permission com.google.android.googleapps.permission.GOOGLE_AUTH.writely from package com.google.android.gsf in an unknown group android.permission-group.ACCOUNTS
09-22 07:09:30.729  1601  1601 W PackageManager: Permission com.google.android.googleapps.permission.GOOGLE_AUTH.wise from package com.google.android.gsf in an unknown group android.permission-group.ACCOUNTS
09-22 07:09:30.729  1601  1601 W PackageManager: Permission com.google.android.googleapps.permission.GOOGLE_AUTH.grandcentral from package com.google.android.gsf in an unknown group android.permission-group.ACCOUNTS
09-22 07:09:30.729  1601  1601 W PackageManager: Permission com.google.android.googleapps.permission.GOOGLE_AUTH.speechpersonalization from package com.google.android.gsf in an unknown group android.permission-group.ACCOUNTS
09-22 07:09:30.729  1601  1601 W PackageManager: Permission com.google.android.googleapps.permission.GOOGLE_AUTH.speech from package com.google.android.gsf in an unknown group android.permission-group.ACCOUNTS
09-22 07:09:30.729  1601  1601 W PackageManager: Permission com.google.android.providers.talk.permission.READ_ONLY from package com.google.android.gsf in an unknown group android.permission-group.MESSAGES
09-22 07:09:30.729  1601  1601 W PackageManager: Permission com.google.android.providers.talk.permission.WRITE_ONLY from package com.google.android.gsf in an unknown group android.permission-group.MESSAGES
09-22 07:09:30.729  1601  1601 W PackageManager: Permission com.google.android.gtalkservice.permission.GTALK_SERVICE from package com.google.android.gsf in an unknown group android.permission-group.MESSAGES
09-22 07:09:30.729  1601  1601 W PackageManager: Permission com.google.android.gtalkservice.permission.SEND_HEARTBEAT from package com.google.android.gsf in an unknown group android.permission-group.NETWORK
09-22 07:09:30.729  1601  1601 W PackageManager: Permission com.google.android.permission.BROADCAST_DATA_MESSAGE from package com.google.android.gsf in an unknown group android.permission-group.NETWORK
09-22 07:09:30.729  1601  1601 W PackageManager: Permission com.google.android.c2dm.permission.SEND from package com.google.android.gsf in an unknown group android.permission-group.NETWORK
09-22 07:09:30.729  1601  1601 W PackageManager: Permission com.google.android.c2dm.permission.RECEIVE from package com.google.android.gsf in an unknown group android.permission-group.NETWORK
09-22 07:09:30.729  1601  1601 W PackageManager: Permission com.google.android.xmpp.permission.BROADCAST from package com.google.android.gsf in an unknown group android.permission-group.NETWORK
09-22 07:09:30.729  1601  1601 W PackageManager: Permission com.google.android.xmpp.permission.SEND_RECEIVE from package com.google.android.gsf in an unknown group android.permission-group.NETWORK
09-22 07:09:30.729  1601  1601 W PackageManager: Permission com.google.android.xmpp.permission.XMPP_ENDPOINT_BROADCAST from package com.google.android.gsf in an unknown group android.permission-group.NETWORK
09-22 07:09:30.729  1601  1601 W PackageManager: Permission com.google.android.xmpp.permission.USE_XMPP_ENDPOINT from package com.google.android.gsf in an unknown group android.permission-group.NETWORK
09-22 07:09:30.729  1601  1601 W PackageManager: Permission com.google.android.providers.gsf.permission.READ_GSERVICES from package com.google.android.gsf in an unknown group android.permission-group.ACCOUNTS
09-22 07:09:30.745  1601  1601 W PackageManager: Permission com.google.android.apps.nexuslauncher.permission.READ_SETTINGS from package com.google.android.apps.nexuslauncher in an unknown group android.permission-group.SYSTEM_TOOLS
09-22 07:09:30.745  1601  1601 W PackageManager: Permission com.google.android.apps.nexuslauncher.permission.WRITE_SETTINGS from package com.google.android.apps.nexuslauncher in an unknown group android.permission-group.SYSTEM_TOOLS
09-22 07:09:30.745  1601  1601 W PackageManager: Permission com.google.android.apps.nexuslauncher.permission.QSB from package com.google.android.apps.nexuslauncher in an unknown group android.permission-group.SYSTEM_TOOLS
09-22 07:09:30.745  1601  1601 W PackageManager: Permission com.android.launcher.permission.INSTALL_SHORTCUT from package com.google.android.apps.nexuslauncher in an unknown group android.permission-group.SYSTEM_TOOLS
09-22 07:09:30.797  1601  1601 W PackageManager: Permission com.google.android.gms.permission.ACTIVITY_RECOGNITION from package com.google.android.gms in an unknown group android.permission-group.PERSONAL_INFO
09-22 07:09:30.812  1601  1601 W PackageParser: Ignoring duplicate uses-permissions/uses-permissions-sdk-m: android.permission.USE_CREDENTIALS in package: com.android.settings at: Binary XML file line #53
09-22 07:09:30.812  1601  1601 W PackageParser: Ignoring duplicate uses-permissions/uses-permissions-sdk-m: android.permission.READ_SYNC_SETTINGS in package: com.android.settings at: Binary XML file line #58
09-22 07:09:30.812  1601  1601 W PackageParser: Ignoring duplicate uses-permissions/uses-permissions-sdk-m: android.permission.WRITE_SYNC_SETTINGS in package: com.android.settings at: Binary XML file line #59
09-22 07:09:30.827  1601  1601 W PackageParser: Ignoring duplicate uses-permissions/uses-permissions-sdk-m: android.permission.INSTALL_GRANT_RUNTIME_PERMISSIONS in package: com.android.shell at: Binary XML file line #102
09-22 07:09:30.840  1601  1601 W PackageParser: Ignoring duplicate uses-permissions/uses-permissions-sdk-m: android.permission.CONFIGURE_WIFI_DISPLAY in package: com.android.systemui at: Binary XML file line #117
