09-22 07:09:31.785  1601  1601 E LockSettingsStorage: Cannot read file java.io.FileNotFoundException: /data/system/gatekeeper.password.key: open failed: ENOENT (No such file or directory)
09-22 07:09:31.785  1601  1601 E LockSettingsStorage: Cannot read file java.io.FileNotFoundException: /data/system/password.key: open failed: ENOENT (No such file or directory)
09-22 07:09:31.785  1601  1601 E LockSettingsStorage: Cannot read file java.io.FileNotFoundException: /data/system/gatekeeper.pattern.key: open failed: ENOENT (No such file or directory)
09-22 07:09:31.785  1601  1601 E LockSettingsStorage: Cannot read file java.io.FileNotFoundException: /data/system/gatekeeper.gesture.key: open failed: ENOENT (No such file or directory)
09-22 07:09:31.786  1601  1601 E LockSettingsStorage: Cannot read file java.io.FileNotFoundException: /data/system/gesture.key: open failed: ENOENT (No such file or directory)
09-22 07:09:31.786  1601  1601 I SystemServiceManager: Starting phase 480
09-22 07:09:31.796  1601  1601 I DevicePolicyManagerService: Set ro.device_owner property to false
09-22 07:09:31.798  1601  1601 I SystemServiceManager: Starting phase 500
09-22 07:09:31.799  1601  1601 D ConnectivityMetricsLoggerService: onBootPhase: PHASE_SYSTEM_SERVICES_READY
09-22 07:09:31.804  1601  1601 I WifiService: WifiService starting up with Wi-Fi disabled
09-22 07:09:31.805  1601  1601 I WifiScanningService: Starting wifiscanner
09-22 07:09:31.808  1601  1601 I RttService: Registering rttmanager
09-22 07:09:31.810  1601  1601 D ZenLog  : config: cleanUpZenRules,ZenModeConfig[user=0,allowCalls=true,allowRepeatCallers=false,allowMessages=false,allowCallsFrom=contacts,allowMessagesFrom=contacts,allowReminders=true,allowEvents=true,allowWhenScreenOff=true,allowWhenScreenOn=true,automaticRules={0060aade01bd4da387203ec663f98311=ZenRule[enabled=false,snoozing=false,name=Weekend,zenMode=ZEN_MODE_ALARMS,conditionId=condition://android/schedule?days=6.7&start=23.30&end=10.0&exitAtAlarm=false,condition=Condition[id=condition://android/schedule?days=6.7&start=23.30&end=10.0&exitAtAlarm=false,summary=...,line1=...,line2=...,icon=0,state=STATE_FALSE,flags=2],component=ComponentInfo{android/com.android.server.notification.ScheduleConditionProvider},id=0060aade01bd4da387203ec663f98311,creationTime=1505382843933,enabler=null], 010fc124288d406f946114d5056d99a2=ZenRule[enabled=false,snoozing=false,name=Event,zenMode=ZEN_MODE_ALARMS,conditionId=condition://android/event?userId=-10000&calendar=&reply=1,condition=Condition[id=condition://android/event?userId=-10000&calendar=&reply=1,summary=...,line1=...,line2=...,icon=0,state=STATE_FALSE,flags=2],component=ComponentInfo{android/com.android.server.notification.EventConditionProvider},id=010fc124288d406f946114d5056d99a2,creationTime=1505382843933,enabler=null], b8f21720d2f447c59029a88464a2b6d8=ZenRule[enabled=false,snoozing=false,name=Weeknight,zenMode=ZEN_MODE_ALARMS,conditionId=condition://android/schedule?days=1.2.3.4.5&start=22.0&end=7.0&exitAtAlarm=false,condition=Condition[id=condition://android/schedule?days=1.2.3.4.5&start=22.0&end=7.0&exitAtAlarm=false,summary=...,line1=...,line2=...,icon=0,state=STATE_FALSE,flags=2],component=ComponentInfo{android/com.android.server.notification.ScheduleConditionProvider},id=b8f21720d2f447c59029a88464a2b6d8,creationTime=1505382843933,enabler=null]},manualRule=null],Diff[]
09-22 07:09:31.810  1601  1601 D ZenLog  : set_zen_mode: off,onSystemReady
09-22 07:09:31.811  1344  1669 D PermissionCache: checking android.permission.CAPTURE_AUDIO_HOTWORD for uid=1000 => granted (122 us)
09-22 07:09:31.811  1601  1601 W SoundTriggerHelper: listModules status=0, # of modules=0
09-22 07:09:31.811  1601  1601 D ContextHubSystemService: onBootPhase: PHASE_SYSTEM_SERVICES_READY
09-22 07:09:31.829  1601  1624 W KeyguardServiceDelegate: onScreenTurningOn(): no keyguard service!
09-22 07:09:31.833  1601  1601 V UserManagerService: Found /data/user_de/0 with serial number 0
09-22 07:09:31.833  1601  1601 V UserManagerService: Found /data/user/0 with serial number 0
09-22 07:09:31.833  1601  1601 V UserManagerService: Found /data/system_de/0 with serial number 0
09-22 07:09:31.833  1601  1601 V UserManagerService: Found /data/system_ce/0 with serial number 0
09-22 07:09:31.843  1601  1601 I ActivityManager: System now ready
09-22 07:09:31.854  1601  1601 I SystemServer: Making services ready
09-22 07:09:31.854  1601  1601 I SystemServiceManager: Starting phase 550
09-22 07:09:31.867  1601  1601 E InputMethodManagerService: Ignoring updateSystemUiLocked due to an invalid token. uid:1000 token:null
09-22 07:09:31.868  1327  1644 D gralloc_ranchu: gralloc_alloc: format 1 and usage 0x933 imply creation of host color buffer
09-22 07:09:31.869  1327  1644 D         : HostConnection::get() New Host Connection established 0xb421bd80, tid 1644
09-22 07:09:31.875  1601  1671 D AssetAtlas: Rendered atlas in 113.52ms (51.25+62.27ms)
09-22 07:09:31.876  1327  1367 D         : HostConnection::get() New Host Connection established 0xb421bc40, tid 1367
09-22 07:09:31.887  1601  1601 I Zygote  : Process: zygote socket opened, supported ABIS: x86
09-22 07:09:31.887  1343  1610 I art     : Starting a blocking GC HeapTrim
09-22 07:09:31.892  1676  1676 W art     : Unexpected CPU variant for X86 using defaults: x86
09-22 07:09:31.894  1601  1601 I ActivityManager: Start proc 1676:com.android.inputmethod.latin/u0a43 for service com.android.inputmethod.latin/.LatinIME
09-22 07:09:31.894  1601  1616 D         : HostConnection::get() New Host Connection established 0xad71d300, tid 1616
09-22 07:09:31.895  1601  1601 V InputMethodManagerService: Adding window token: android.os.Binder@c6ac66a
09-22 07:09:31.895  1601  1645 D MountService: Thinking about init, mSystemReady=true, mDaemonConnected=true
09-22 07:09:31.895  1601  1645 D MountService: Setting up emulation state, initlocked=false
09-22 07:09:31.896  1601  1645 D CryptdConnector: SND -> {2 cryptfs unlock_user_key 0 0 ! !}
09-22 07:09:31.896  1284  1320 D vold    : e4crypt_unlock_user_key 0 serial=0 token_present=0
09-22 07:09:31.896  1601  1647 D CryptdConnector: RCV <- {200 2 Command succeeded}
09-22 07:09:31.896  1601  1601 E BitmapFactory: Unable to decode stream: java.io.FileNotFoundException: /data/system/users/0/wallpaper_orig (No such file or directory)
09-22 07:09:31.897  1601  1601 E WallpaperManagerService: Invalid wallpaper data
09-22 07:09:31.897  1601  1601 E WallpaperManagerService: Unable to apply new wallpaper
09-22 07:09:31.897  1601  1645 D MountService: Thinking about reset, mSystemReady=true, mDaemonConnected=true
09-22 07:09:31.897  1601  1645 D VoldConnector: SND -> {3 volume reset}
09-22 07:09:31.897  1601  1615 I ActivityManager: Force stopping com.android.providers.media appid=10008 user=-1: vold reset
09-22 07:09:31.898  1284  1319 D vold    : Recognized experimental block major ID 253 as virtio-blk (emulator's virtual SD card device)
09-22 07:09:31.898  1284  1319 V vold    : /system/bin/sgdisk
09-22 07:09:31.898  1284  1319 V vold    :     --android-dump
09-22 07:09:31.898  1284  1319 V vold    :     /dev/block/vold/disk:253,48
09-22 07:09:31.898  1601  1646 D VoldConnector: RCV <- {651 emulated 7}
09-22 07:09:31.898  1601  1646 D VoldConnector: RCV <- {659 emulated}
09-22 07:09:31.898  1601  1646 D VoldConnector: RCV <- {650 emulated 2 "" ""}
09-22 07:09:31.898  1601  1646 D VoldConnector: RCV <- {651 emulated 0}
09-22 07:09:31.898  1601  1646 D VoldConnector: RCV <- {651 public:253,48 7}
09-22 07:09:31.899  1601  1646 D VoldConnector: RCV <- {659 public:253,48}
09-22 07:09:31.899  1601  1646 D VoldConnector: RCV <- {649 disk:253,48}
09-22 07:09:31.899  1601  1646 D VoldConnector: RCV <- {640 disk:253,48 5}
09-22 07:09:31.899  1601  1646 D VoldConnector: RCV <- {641 disk:253,48 104857600}
09-22 07:09:31.899  1601  1646 D VoldConnector: RCV <- {642 disk:253,48 Virtual}
09-22 07:09:31.899  1601  1646 D VoldConnector: RCV <- {644 disk:253,48 /sys//devices/pci0000:00/0000:00:06.0/virtio3/block/vdd}
09-22 07:09:31.900  1601  1620 V MountService: Found primary storage at VolumeInfo{emulated}:
09-22 07:09:31.900  1601  1620 V MountService:     type=EMULATED diskId=null partGuid=null mountFlags=0 mountUserId=-1 
09-22 07:09:31.900  1601  1620 V MountService:     state=UNMOUNTED 
09-22 07:09:31.900  1601  1620 V MountService:     fsType=null fsUuid=null fsLabel=null 
09-22 07:09:31.900  1601  1620 V MountService:     path=null internalPath=null 
09-22 07:09:31.904  1284  1319 V vold    : DISK mbr
09-22 07:09:31.904  1284  1319 V vold    : 
09-22 07:09:31.905  1284  1319 W vold    : disk:253,48 has unknown partition table; trying entire device
09-22 07:09:31.905  1284  1319 V vold    : /system/bin/blkid
09-22 07:09:31.905  1284  1319 V vold    :     -c
09-22 07:09:31.905  1284  1319 V vold    :     /dev/null
09-22 07:09:31.905  1284  1319 V vold    :     -s
09-22 07:09:31.905  1284  1319 V vold    :     TYPE
09-22 07:09:31.905  1284  1319 V vold    :     -s
09-22 07:09:31.905  1284  1319 V vold    :     UUID
09-22 07:09:31.905  1284  1319 V vold    :     -s
09-22 07:09:31.905  1284  1319 V vold    :     LABEL
09-22 07:09:31.905  1284  1319 V vold    :     /dev/block/vold/disk:253,48
09-22 07:09:31.905  1690  1690 W art     : Unexpected CPU variant for X86 using defaults: x86
09-22 07:09:31.913  1601  1601 I ActivityManager: Start proc 1690:com.android.systemui/u0a21 for service com.android.systemui/.ImageWallpaper
09-22 07:09:31.916  1601  1601 D UsbAlsaManager: Adding ALSA device AlsaDevice: [card: 0, device: 0, type: 1]
09-22 07:09:31.916  1601  1601 D UsbAlsaManager: Adding ALSA device AlsaDevice: [card: 0, device: 0, type: 2]
09-22 07:09:31.916  1601  1666 E BluetoothAdapter: Bluetooth binder is null
09-22 07:09:31.916  1601  1601 I SystemServer: WebViewFactory preparation
09-22 07:09:31.917  1284  1319 V vold    : /dev/block/vold/disk:253,48: LABEL="SDCARD" UUID="110A-3C16" TYPE="vfat" 
09-22 07:09:31.917  1284  1319 V vold    : 
09-22 07:09:31.917  1601  1646 D VoldConnector: RCV <- {650 public:253,48 0 "disk:253,48" ""}
09-22 07:09:31.917  1601  1646 D VoldConnector: RCV <- {651 public:253,48 0}
09-22 07:09:31.918  1601  1666 E BluetoothAdapter: Bluetooth binder is null
09-22 07:09:31.918  1601  1646 D VoldConnector: RCV <- {643 disk:253,48}
09-22 07:09:31.918  1601  1646 D VoldConnector: RCV <- {200 3 Command succeeded}
09-22 07:09:31.919  1601  1645 D VoldConnector: SND -> {4 volume user_added 0 0}
09-22 07:09:31.919  1344  1344 I AudioFlinger: systemReady
09-22 07:09:31.920  1601  1646 D VoldConnector: RCV <- {200 4 Command succeeded}
09-22 07:09:31.920  1601  1601 D WebViewFactory: Setting new address space to 110520408
09-22 07:09:31.922  1601  1645 D VoldConnector: SND -> {5 volume mount emulated 3 -1}
09-22 07:09:31.922  1284  1319 V vold    : Waiting for FUSE to spin up...
09-22 07:09:31.922  1601  1646 D VoldConnector: RCV <- {651 emulated 1}
09-22 07:09:31.922  1601  1646 D VoldConnector: RCV <- {656 emulated /data/media}
09-22 07:09:31.923  1601  1646 D VoldConnector: RCV <- {655 emulated /storage/emulated}
09-22 07:09:31.932  1709  1709 W art     : Unexpected CPU variant for X86 using defaults: x86
09-22 07:09:31.935  1601  1601 I ActivityManager: Start proc 1709:WebViewLoader-x86/1037 [android.webkit.WebViewFactory$RelroFileCreator] for 
09-22 07:09:31.942  1601  1715 E WVMExtractor: Failed to open libwvm.so: dlopen failed: library "libwvm.so" not found
09-22 07:09:31.942  1601  1601 D NetworkManagement: enabling bandwidth control
09-22 07:09:31.955  1707  1707 W sdcard  : Device explicitly disabled sdcardfs
09-22 07:09:31.956  1709  1709 V WebViewFactory: RelroFileCreator (64bit = false),  32-bit lib: /system/app/webview/webview.apk!/lib/x86/libwebviewchromium.so, 64-bit lib: 
09-22 07:09:31.958  1690  1690 W System  : ClassLoader referenced unknown path: /system/priv-app/SystemUIGoogle/lib/x86
09-22 07:09:31.960  1352  1352 I MediaPlayerService: MediaPlayerService::getOMX
09-22 07:09:31.960  1352  1352 I OMXClient: MuxOMX ctor
09-22 07:09:31.961  1352  1352 I MediaPlayerService: MediaPlayerService::getOMX
09-22 07:09:31.961  1352  1352 I OMXClient: MuxOMX ctor
09-22 07:09:31.962  1349  1349 I OMXMaster: makeComponentInstance(OMX.google.mp3.decoder) in mediacodec process
09-22 07:09:31.973  1601  1646 D VoldConnector: RCV <- {651 emulated 2}
09-22 07:09:31.974  1601  1646 D VoldConnector: RCV <- {200 5 Command succeeded}
09-22 07:09:31.974  1601  1645 D VoldConnector: SND -> {6 volume mount public:253,48 2 0}
09-22 07:09:31.975  1284  1319 V vold    : /system/bin/blkid
09-22 07:09:31.975  1284  1319 V vold    :     -c
09-22 07:09:31.975  1284  1319 V vold    :     /dev/null
09-22 07:09:31.975  1284  1319 V vold    :     -s
09-22 07:09:31.975  1284  1319 V vold    :     TYPE
09-22 07:09:31.975  1284  1319 V vold    :     -s
09-22 07:09:31.975  1284  1319 V vold    :     UUID
09-22 07:09:31.975  1284  1319 V vold    :     -s
09-22 07:09:31.975  1284  1319 V vold    :     LABEL
09-22 07:09:31.975  1284  1319 V vold    :     /dev/block/vold/public:253,48
09-22 07:09:31.975  1601  1646 D VoldConnector: RCV <- {651 public:253,48 1}
09-22 07:09:31.986  1352  1352 I MediaPlayerService: MediaPlayerService::getOMX
09-22 07:09:31.987  1352  1352 I OMXClient: MuxOMX ctor
09-22 07:09:31.987  1349  1740 I OMXMaster: makeComponentInstance(OMX.google.amrnb.decoder) in mediacodec process
09-22 07:09:31.994  1352  1352 I MediaPlayerService: MediaPlayerService::getOMX
09-22 07:09:31.994  1352  1352 I OMXClient: MuxOMX ctor
09-22 07:09:31.994  1349  1377 I OMXMaster: makeComponentInstance(OMX.google.amrwb.decoder) in mediacodec process
09-22 07:09:31.995  1284  1319 V vold    : /dev/block/vold/public:253,48: LABEL="SDCARD" UUID="110A-3C16" TYPE="vfat" 
09-22 07:09:31.995  1284  1319 V vold    : 
09-22 07:09:31.995  1284  1319 V vold    : /system/bin/fsck_msdos
09-22 07:09:31.995  1284  1319 V vold    :     -p
09-22 07:09:31.995  1284  1319 V vold    :     -f
09-22 07:09:31.995  1284  1319 V vold    :     /dev/block/vold/public:253,48
09-22 07:09:31.996  1601  1646 D VoldConnector: RCV <- {652 public:253,48 vfat}
09-22 07:09:31.996  1601  1646 D VoldConnector: RCV <- {653 public:253,48 110A-3C16}
09-22 07:09:31.996  1601  1646 D VoldConnector: RCV <- {654 public:253,48 SDCARD}
09-22 07:09:31.997  1352  1352 I MediaPlayerService: MediaPlayerService::getOMX
09-22 07:09:31.997  1352  1352 I OMXClient: MuxOMX ctor
09-22 07:09:31.997  1349  1349 I OMXMaster: makeComponentInstance(OMX.google.aac.decoder) in mediacodec process
09-22 07:09:32.001  1352  1352 I MediaPlayerService: MediaPlayerService::getOMX
09-22 07:09:32.002  1352  1352 I OMXClient: MuxOMX ctor
09-22 07:09:32.002  1349  1740 I OMXMaster: makeComponentInstance(OMX.google.g711.alaw.decoder) in mediacodec process
09-22 07:09:32.004  1601  1601 W NetworkManagement: setDataSaverMode(): already false
09-22 07:09:32.016  1352  1352 I MediaPlayerService: MediaPlayerService::getOMX
09-22 07:09:32.016  1352  1352 I OMXClient: MuxOMX ctor
09-22 07:09:32.016  1349  1377 I OMXMaster: makeComponentInstance(OMX.google.g711.mlaw.decoder) in mediacodec process
09-22 07:09:32.021  1690  1690 V SystemUIService: Starting SystemUI services for user 0.
09-22 07:09:32.022  1676  1676 I LatinIME: Hardware accelerated drawing: true
09-22 07:09:32.029  1352  1352 I MediaPlayerService: MediaPlayerService::getOMX
09-22 07:09:32.029  1352  1352 I OMXClient: MuxOMX ctor
09-22 07:09:32.031  1349  1740 I OMXMaster: makeComponentInstance(OMX.google.vorbis.decoder) in mediacodec process
09-22 07:09:32.033  1284  1319 I fsck_msdos: ** /dev/block/vold/public:253,48
09-22 07:09:32.033  1284  1319 I fsck_msdos: ** Phase 1 - Read and Compare FATs
09-22 07:09:32.033  1284  1319 I fsck_msdos: Attempting to allocate 794 KB for FAT
09-22 07:09:32.039  1284  1319 I fsck_msdos: Attempting to allocate 794 KB for FAT
09-22 07:09:32.042  1690  1690 V MediaRouter: Adding route: RouteInfo{ name=Phone, description=null, status=null, category=RouteCategory{ name=null types=ROUTE_TYPE_LIVE_AUDIO ROUTE_TYPE_LIVE_VIDEO  groupable=false }, supportedTypes=ROUTE_TYPE_LIVE_AUDIO ROUTE_TYPE_LIVE_VIDEO , presentationDisplay=null }
09-22 07:09:32.042  1601  1601 D NetworkPolicy: setRestrictBackgroundUL(): false
09-22 07:09:32.043  1601  1601 W NetworkManagement: setDataSaverMode(): already false
09-22 07:09:32.044  1690  1690 V MediaRouter: Updating audio routes: AudioRoutesInfo{ type=SPEAKER }
09-22 07:09:32.044  1352  1352 I MediaPlayerService: MediaPlayerService::getOMX
09-22 07:09:32.044  1352  1352 I OMXClient: MuxOMX ctor
09-22 07:09:32.044  1349  1349 I OMXMaster: makeComponentInstance(OMX.google.opus.decoder) in mediacodec process
09-22 07:09:32.045  1690  1690 V MediaRouter: Selecting route: RouteInfo{ name=Phone, description=null, status=null, category=RouteCategory{ name=null types=ROUTE_TYPE_LIVE_AUDIO ROUTE_TYPE_LIVE_VIDEO  groupable=false }, supportedTypes=ROUTE_TYPE_LIVE_AUDIO ROUTE_TYPE_LIVE_VIDEO , presentationDisplay=null }
09-22 07:09:32.047  1284  1319 I fsck_msdos: ** Phase 2 - Check Cluster Chains
09-22 07:09:32.047  1284  1319 I fsck_msdos: ** Phase 3 - Checking Directories
09-22 07:09:32.047  1284  1319 I fsck_msdos: ** Phase 4 - Checking for Lost Files
09-22 07:09:32.048  1284  1319 I fsck_msdos: 15 files, 100788 free (201577 clusters)
09-22 07:09:32.049  1284  1319 I Vold    : Filesystem check completed OK
09-22 07:09:32.049  1601  1646 D VoldConnector: RCV <- {656 public:253,48 /mnt/media_rw/110A-3C16}
09-22 07:09:32.049  1601  1646 D VoldConnector: RCV <- {655 public:253,48 /storage/110A-3C16}
09-22 07:09:32.052  1284  1319 V vold    : Waiting for FUSE to spin up...
09-22 07:09:32.054  1771  1771 W sdcard  : Device explicitly disabled sdcardfs
09-22 07:09:32.057  1709  1709 I art     : System.exit called, status: 0
09-22 07:09:32.057  1709  1709 I AndroidRuntime: VM exiting with result code 0, cleanup skipped.
09-22 07:09:32.058  1352  1352 I MediaPlayerService: MediaPlayerService::getOMX
09-22 07:09:32.059  1352  1352 I OMXClient: MuxOMX ctor
09-22 07:09:32.059  1349  1740 I OMXMaster: makeComponentInstance(OMX.google.raw.decoder) in mediacodec process
09-22 07:09:32.061  1352  1352 I MediaPlayerService: MediaPlayerService::getOMX
09-22 07:09:32.062  1352  1352 I OMXClient: MuxOMX ctor
09-22 07:09:32.062  1349  1377 I OMXMaster: makeComponentInstance(OMX.google.aac.encoder) in mediacodec process
09-22 07:09:32.067  1352  1352 I MediaPlayerService: MediaPlayerService::getOMX
09-22 07:09:32.067  1352  1352 I OMXClient: MuxOMX ctor
09-22 07:09:32.068  1349  1349 I OMXMaster: makeComponentInstance(OMX.google.amrnb.encoder) in mediacodec process
09-22 07:09:32.071  1352  1352 I MediaPlayerService: MediaPlayerService::getOMX
09-22 07:09:32.072  1352  1352 I OMXClient: MuxOMX ctor
09-22 07:09:32.072  1349  1740 I OMXMaster: makeComponentInstance(OMX.google.amrwb.encoder) in mediacodec process
09-22 07:09:32.073  1352  1352 I MediaPlayerService: MediaPlayerService::getOMX
09-22 07:09:32.074  1352  1352 I OMXClient: MuxOMX ctor
09-22 07:09:32.074  1349  1377 I OMXMaster: makeComponentInstance(OMX.google.flac.encoder) in mediacodec process
09-22 07:09:32.087  1352  1352 I MediaPlayerService: MediaPlayerService::getOMX
09-22 07:09:32.087  1676  1676 W InputAttributes: No editor info for this field. Bug?
09-22 07:09:32.087  1352  1352 I OMXClient: MuxOMX ctor
09-22 07:09:32.087  1349  1740 I OMXMaster: makeComponentInstance(OMX.google.gsm.decoder) in mediacodec process
09-22 07:09:32.090  1601  1601 I SystemServiceManager: Starting phase 600
09-22 07:09:32.094  1601  1601 D SensorNotificationService: Cannot obtain dynamic meta sensor, not supported.
09-22 07:09:32.102  1601  1601 I GnssLocationProvider: WakeLock acquired by sendMessage(13, 0, null)
09-22 07:09:32.102  1352  1352 I MediaPlayerService: MediaPlayerService::getOMX
09-22 07:09:32.102  1601  1614 W GnssLocationProvider: Could not open GPS configuration file /etc/gps.conf
09-22 07:09:32.102  1601  1614 E GnssLocationProvider: no AGPS interface in set_agps_server
09-22 07:09:32.102  1352  1352 I OMXClient: MuxOMX ctor
09-22 07:09:32.102  1349  1349 I OMXMaster: makeComponentInstance(OMX.google.mpeg4.decoder) in mediacodec process
09-22 07:09:32.103  1601  1646 D VoldConnector: RCV <- {651 public:253,48 2}
09-22 07:09:32.103  1601  1646 D VoldConnector: RCV <- {200 6 Command succeeded}
09-22 07:09:32.105  1601  1601 W LocationProviderProxy-network: Odd, no component found for service com.android.location.service.v3.NetworkLocationProvider
09-22 07:09:32.107  1601  1601 W GeocoderProxy: Odd, no component found for service com.android.location.service.GeocodeProvider
09-22 07:09:32.108  1601  1601 E FlpHardwareProvider: Error hw_get_module 'flp': -2
09-22 07:09:32.108  1601  1601 D LocationManagerService: FLP HAL not supported
09-22 07:09:32.108  1601  1601 W GeofenceProxy: Odd, no component found for service com.android.location.service.GeofenceProvider
09-22 07:09:32.109  1601  1601 E ActivityRecognitionHardware: Error hw_get_module: -2
09-22 07:09:32.109  1601  1601 D LocationManagerService: Hardware Activity-Recognition not supported.
09-22 07:09:32.110  1601  1601 W ActivityRecognitionProxy: Odd, no component found for service com.android.location.service.ActivityRecognitionProvider
09-22 07:09:32.111  1601  1601 I GnssLocationProvider: WakeLock acquired by sendMessage(2, 1, null)
09-22 07:09:32.112  1601  1614 I GnssLocationProvider: WakeLock released by handleMessage(13, 0, null)
09-22 07:09:32.113  1601  1614 E GnssLocationProvider: no AGPS interface in set_agps_server
09-22 07:09:32.113  1601  1614 I GnssLocationProvider: WakeLock released by handleMessage(2, 1, null)
09-22 07:09:32.115  1601  1601 I CommonTimeManagementService: No common time service detected on this platform.  Common time services will be unavailable.
09-22 07:09:32.117  1601  1642 I InputReader: Reconfiguring input devices.  changes=0x00000020
09-22 07:09:32.118  1601  1601 I MmsServiceBroker: Delay connecting to MmsService until an API is called
09-22 07:09:32.119  1349  1740 E OMXNodeInstance: getExtensionIndex(545000f:google.mpeg4.decoder, OMX.google.android.index.configureVideoTunnelMode) ERROR: UnsupportedIndex(0x8000101a)
09-22 07:09:32.119  1601  1642 I InputReader: Reconfiguring input devices.  changes=0x00000010
09-22 07:09:32.119  1349  1377 W OMXNodeInstance: [545000f:google.mpeg4.decoder] component does not support metadata mode; using fallback
09-22 07:09:32.120  1352  1352 I MediaPlayerService: MediaPlayerService::getOMX
09-22 07:09:32.120  1352  1352 I OMXClient: MuxOMX ctor
09-22 07:09:32.121  1349  1377 I OMXMaster: makeComponentInstance(OMX.google.h263.decoder) in mediacodec process
09-22 07:09:32.131  1349  1740 E OMXNodeInstance: getExtensionIndex(5450010:google.h263.decoder, OMX.google.android.index.configureVideoTunnelMode) ERROR: UnsupportedIndex(0x8000101a)
09-22 07:09:32.131  1349  1740 W OMXNodeInstance: [5450010:google.h263.decoder] component does not support metadata mode; using fallback
09-22 07:09:32.132  1352  1352 I MediaPlayerService: MediaPlayerService::getOMX
09-22 07:09:32.132  1352  1352 I OMXClient: MuxOMX ctor
09-22 07:09:32.132  1349  1377 I OMXMaster: makeComponentInstance(OMX.google.h264.decoder) in mediacodec process
09-22 07:09:32.144  1352  1352 W ACodec  : [OMX.google.h264.decoder] stopping checking profiles after 32: 2/8000
09-22 07:09:32.144  1349  1377 E OMXNodeInstance: getExtensionIndex(5450011:google.h264.decoder, OMX.google.android.index.configureVideoTunnelMode) ERROR: UnsupportedIndex(0x8000101a)
09-22 07:09:32.144  1349  1740 W OMXNodeInstance: [5450011:google.h264.decoder] component does not support metadata mode; using fallback
09-22 07:09:32.145  1352  1352 I MediaPlayerService: MediaPlayerService::getOMX
09-22 07:09:32.145  1352  1352 I OMXClient: MuxOMX ctor
09-22 07:09:32.145  1349  1349 I OMXMaster: makeComponentInstance(OMX.google.hevc.decoder) in mediacodec process
09-22 07:09:32.145  1810  1810 W art     : Unexpected CPU variant for X86 using defaults: x86
09-22 07:09:32.151  1676  1801 I LatinIME:LogUtils: Dictionary info: dictionary = userunigram.en_US ; version = 1506064172 ; date = ?
09-22 07:09:32.151  1601  1601 I ActivityManager: Start proc 1810:com.android.phone/1001 for added application com.android.phone
09-22 07:09:32.152  1601  1601 I ActivityManager: START u0 {act=android.intent.action.MAIN cat=[android.intent.category.HOME] flg=0x10000100 cmp=com.android.settings/.FallbackHome} from uid 0 on display 0
09-22 07:09:32.157  1349  1740 E OMXNodeInstance: getExtensionIndex(5450012:google.hevc.decoder, OMX.google.android.index.configureVideoTunnelMode) ERROR: UnsupportedIndex(0x8000101a)
09-22 07:09:32.157  1349  1377 W OMXNodeInstance: [5450012:google.hevc.decoder] component does not support metadata mode; using fallback
09-22 07:09:32.158  1352  1352 I MediaPlayerService: MediaPlayerService::getOMX
09-22 07:09:32.158  1352  1352 I OMXClient: MuxOMX ctor
09-22 07:09:32.158  1349  1349 I OMXMaster: makeComponentInstance(OMX.google.vp8.decoder) in mediacodec process
09-22 07:09:32.169  1349  1349 E OMXNodeInstance: getExtensionIndex(5450013:google.vp8.decoder, OMX.google.android.index.configureVideoTunnelMode) ERROR: UnsupportedIndex(0x8000101a)
09-22 07:09:32.169  1349  1349 W OMXNodeInstance: [5450013:google.vp8.decoder] component does not support metadata mode; using fallback
09-22 07:09:32.170  1352  1352 I MediaPlayerService: MediaPlayerService::getOMX
09-22 07:09:32.170  1352  1352 I OMXClient: MuxOMX ctor
09-22 07:09:32.170  1349  1740 I OMXMaster: makeComponentInstance(OMX.google.vp9.decoder) in mediacodec process
09-22 07:09:32.171  1601  1601 W System  : ClassLoader referenced unknown path: 
09-22 07:09:32.171  1601  1601 W System  : ClassLoader referenced unknown path: /system/priv-app/Settings/lib/x86
09-22 07:09:32.171  1601  1601 D ApplicationLoaders: ignored Vulkan layer search path /system/priv-app/Settings/lib/x86:/system/priv-app/Settings/Settings.apk!/lib/x86:/system/lib:/vendor/lib for namespace 0xadbbb0d0
09-22 07:09:32.173  1601  1601 I ActivityManager: Loaded persisted task ids for user 0
09-22 07:09:32.178  1828  1828 W art     : Unexpected CPU variant for X86 using defaults: x86
09-22 07:09:32.181  1349  1377 E OMXNodeInstance: getExtensionIndex(5450014:google.vp9.decoder, OMX.google.android.index.configureVideoTunnelMode) ERROR: UnsupportedIndex(0x8000101a)
09-22 07:09:32.181  1349  1740 W OMXNodeInstance: [5450014:google.vp9.decoder] component does not support metadata mode; using fallback
09-22 07:09:32.182  1352  1352 I MediaPlayerService: MediaPlayerService::getOMX
09-22 07:09:32.182  1352  1352 I OMXClient: MuxOMX ctor
09-22 07:09:32.182  1349  1740 I OMXMaster: makeComponentInstance(OMX.google.h263.encoder) in mediacodec process
09-22 07:09:32.185  1601  1601 I ActivityManager: Start proc 1828:com.android.settings/1000 for activity com.android.settings/.FallbackHome
09-22 07:09:32.187  1601  1601 I SystemServer: Enabled StrictMode for system server main thread.
09-22 07:09:32.194  1676  1801 E ActivityThread: Failed to find provider info for user_dictionary
09-22 07:09:32.195  1676  1801 I LatinIME:LogUtils: Dictionary info: dictionary = UserHistoryDictionary.en_US ; version = 1506064172 ; date = ?
09-22 07:09:32.195  1601  1614 W LocationProviderProxy-network: Odd, no component found for service com.android.location.service.v3.NetworkLocationProvider
09-22 07:09:32.195  1601  1614 W GeocoderProxy: Odd, no component found for service com.android.location.service.GeocodeProvider
09-22 07:09:32.195  1601  1614 W GeofenceProxy: Odd, no component found for service com.android.location.service.GeofenceProvider
09-22 07:09:32.195  1601  1614 W ActivityRecognitionProxy: Odd, no component found for service com.android.location.service.ActivityRecognitionProvider
09-22 07:09:32.199  1601  1601 D ConditionProviders.SCP: onConnected
09-22 07:09:32.199  1601  1601 D ZenLog  : set_zen_mode: off,readXml
09-22 07:09:32.199  1601  1601 D ConditionProviders: Subscribing to condition://android/schedule?days=6.7&start=23.30&end=10.0&exitAtAlarm=false with ComponentInfo{android/com.android.server.notification.ScheduleConditionProvider}
09-22 07:09:32.200  1601  1601 D ZenLog  : subscribe: condition://android/schedule?days=6.7&start=23.30&end=10.0&exitAtAlarm=false,ok
09-22 07:09:32.200  1601  1601 D ConditionProviders: Subscribing to condition://android/event?userId=-10000&calendar=&reply=1 with ComponentInfo{android/com.android.server.notification.EventConditionProvider}
09-22 07:09:32.200  1601  1601 D ZenLog  : subscribe: condition://android/event?userId=-10000&calendar=&reply=1,ok
09-22 07:09:32.200  1601  1601 D ConditionProviders: Subscribing to condition://android/schedule?days=1.2.3.4.5&start=22.0&end=7.0&exitAtAlarm=false with ComponentInfo{android/com.android.server.notification.ScheduleConditionProvider}
09-22 07:09:32.200  1601  1601 D ZenLog  : subscribe: condition://android/schedule?days=1.2.3.4.5&start=22.0&end=7.0&exitAtAlarm=false,ok
09-22 07:09:32.202  1690  1846 E WVMExtractor: Failed to open libwvm.so: dlopen failed: library "libwvm.so" not found
09-22 07:09:32.201  1810  1810 W System  : ClassLoader referenced unknown path: /system/priv-app/TeleService/lib/x86
09-22 07:09:32.202  1349  1740 I SoftMPEG4Encoder: Construct SoftMPEG4Encoder
09-22 07:09:32.203  1352  1352 W ACodec  : do not know color format 0x7f000789 = 2130708361
09-22 07:09:32.203  1349  1349 E OMXNodeInstance: getConfig(5450015:google.h263.encoder, ConfigAndroidIntraRefresh(0x6f60000a)) ERROR: Undefined(0x80001001)
09-22 07:09:32.204  1352  1352 I MediaPlayerService: MediaPlayerService::getOMX
09-22 07:09:32.204  1352  1352 I OMXClient: MuxOMX ctor
09-22 07:09:32.204  1349  1740 I OMXMaster: makeComponentInstance(OMX.google.h264.encoder) in mediacodec process
09-22 07:09:32.215  1352  1352 W ACodec  : do not know color format 0x7f000789 = 2130708361
09-22 07:09:32.216  1352  1352 I MediaPlayerService: MediaPlayerService::getOMX
09-22 07:09:32.216  1352  1352 I OMXClient: MuxOMX ctor
09-22 07:09:32.216  1349  1740 I OMXMaster: makeComponentInstance(OMX.google.mpeg4.encoder) in mediacodec process
09-22 07:09:32.217  1601  1601 D RttService: SCAN_AVAILABLE : 1
09-22 07:09:32.217  1601  1601 D ZenLog  : set_zen_mode: off,cleanUpZenRules
09-22 07:09:32.217  1601  1656 I WifiScanningService: wifi driver unloaded
09-22 07:09:32.219  1601  1657 D RttService: DefaultState got{ when=0 what=160513 target=com.android.internal.util.StateMachine$SmHandler }
09-22 07:09:32.222  1828  1828 W System  : ClassLoader referenced unknown path: /system/priv-app/Settings/lib/x86
09-22 07:09:32.225  1349  1740 I SoftMPEG4Encoder: Construct SoftMPEG4Encoder
09-22 07:09:32.226  1352  1352 W ACodec  : do not know color format 0x7f000789 = 2130708361
09-22 07:09:32.226  1349  1377 E OMXNodeInstance: getConfig(5450017:google.mpeg4.encoder, ConfigAndroidIntraRefresh(0x6f60000a)) ERROR: Undefined(0x80001001)
09-22 07:09:32.227  1352  1352 I MediaPlayerService: MediaPlayerService::getOMX
09-22 07:09:32.227  1352  1352 I OMXClient: MuxOMX ctor
09-22 07:09:32.228  1349  1740 I OMXMaster: makeComponentInstance(OMX.google.vp8.encoder) in mediacodec process
09-22 07:09:32.233  1601  1601 W System  : ClassLoader referenced unknown path: /system/priv-app/Telecom/lib/x86
09-22 07:09:32.234  1601  1601 D ApplicationLoaders: ignored Vulkan layer search path /system/priv-app/Telecom/lib/x86:/system/priv-app/Telecom/Telecom.apk!/lib/x86:/system/lib:/vendor/lib for namespace 0xadbbb110
09-22 07:09:32.238  1352  1352 W ACodec  : do not know color format 0x7f000789 = 2130708361
09-22 07:09:32.238  1349  1377 E OMXNodeInstance: getConfig(5450018:google.vp8.encoder, ConfigAndroidIntraRefresh(0x6f60000a)) ERROR: Undefined(0x80001001)
09-22 07:09:32.240  1352  1352 I MediaPlayerService: MediaPlayerService::getOMX
09-22 07:09:32.241  1352  1352 I OMXClient: MuxOMX ctor
09-22 07:09:32.241  1352  1352 W MediaCodecList: unable to open media codecs configuration xml file: /etc/media_codecs_performance.xml
09-22 07:09:32.241  1352  1352 I MediaPlayerService: MediaPlayerService::getOMX
09-22 07:09:32.241  1352  1352 I OMXClient: MuxOMX ctor
09-22 07:09:32.242  1352  1352 W MediaCodecList: unable to open media codecs configuration xml file: /data/misc/media/media_codecs_profiling_results.xml
09-22 07:09:32.243  1352  1352 I MediaPlayerService: MediaPlayerService::getOMX
09-22 07:09:32.243  1352  1382 I MediaPlayerService: MediaPlayerService::getOMX
09-22 07:09:32.243  1690  1861 I OMXClient: MuxOMX ctor
09-22 07:09:32.243  1601  1730 I OMXClient: MuxOMX ctor
09-22 07:09:32.244  1349  1377 I OMXMaster: makeComponentInstance(OMX.google.vorbis.decoder) in mediacodec process
09-22 07:09:32.252  1327  1366 E SurfaceFlinger: ro.sf.lcd_density must be defined as a build property
09-22 07:09:32.254  1349  1740 I OMXMaster: makeComponentInstance(OMX.google.vorbis.decoder) in mediacodec process
09-22 07:09:32.255  1601  1601 E BluetoothAdapter: Bluetooth binder is null
09-22 07:09:32.259  1601  1601 I Telecom : SystemStateProvider: Registering car mode receiver: android.content.IntentFilter@13e7ae8: TS.init@AAA
09-22 07:09:32.263  1601  1873 I Telecom : Telecom: Non-call EVENT: AUDIO_ROUTE, Entering state QuiescentEarpieceRoute
09-22 07:09:32.266  1601  1874 I Telecom : CallAudioModeStateMachine: Message received: null.: TS.init->CAMSM.pM_1@AAA_0
09-22 07:09:32.267  1690  1690 I vol.Events: writeEvent collection_started
09-22 07:09:32.268  1601  1875 E ActivityThread: Failed to find provider info for call_log
09-22 07:09:32.268  1601  1601 E BluetoothAdapter: Bluetooth binder is null
09-22 07:09:32.271  1601  1601 I Telecom : Class: TelecomSystem.INSTANCE being set
09-22 07:09:32.271  1601  1601 E BluetoothAdapter: Bluetooth binder is null
09-22 07:09:32.274  1690  1876 I vol.Events: writeEvent external_ringer_mode_changed normal
09-22 07:09:32.275  1690  1876 I vol.Events: writeEvent internal_ringer_mode_changed normal
09-22 07:09:32.278  1601  1601 W ContextImpl: Calling a method in the system process without a qualified user: android.app.ContextImpl.startService:1357 com.android.server.content.SyncManager$13.run:658 android.os.Handler.handleCallback:751 android.os.Handler.dispatchMessage:95 android.os.Looper.loop:154 
09-22 07:09:32.289  1601  1601 W System  : ClassLoader referenced unknown path: /system/priv-app/FusedLocation/lib/x86
09-22 07:09:32.290  1601  1601 D ApplicationLoaders: ignored Vulkan layer search path /system/priv-app/FusedLocation/lib/x86:/system/priv-app/FusedLocation/FusedLocation.apk!/lib/x86:/system/lib:/vendor/lib for namespace 0xadbbb150
09-22 07:09:32.292  1828  1828 D         : HostConnection::get() New Host Connection established 0xa127fec0, tid 1828
09-22 07:09:32.293  1601  1601 D GpsNetInitiatedHandler: location enabled :true
09-22 07:09:32.293  1601  1601 V WiredAccessoryManager: init()
09-22 07:09:32.302  1352  1382 I MediaPlayerService: MediaPlayerService::getOMX
09-22 07:09:32.302  1690  1890 I OMXClient: MuxOMX ctor
09-22 07:09:32.303  1349  1377 I OMXMaster: makeComponentInstance(OMX.google.vorbis.decoder) in mediacodec process
09-22 07:09:32.303  1352  1352 I MediaPlayerService: MediaPlayerService::getOMX
09-22 07:09:32.303  1601  1891 I OMXClient: MuxOMX ctor
09-22 07:09:32.311  1676  1801 I LatinIME:LogUtils: Dictionary info: dictionary = main:en ; version = 54 ; date = 1414726273
09-22 07:09:32.312  1349  1740 I OMXMaster: makeComponentInstance(OMX.google.vorbis.decoder) in mediacodec process
09-22 07:09:32.319  1327  1367 D gralloc_ranchu: gralloc_alloc: format 1 and usage 0x900 imply creation of host color buffer
09-22 07:09:32.320  1828  1867 D         : HostConnection::get() New Host Connection established 0xa9a99a80, tid 1867
09-22 07:09:32.322  1828  1867 I OpenGLRenderer: Initialized EGL, version 1.4
09-22 07:09:32.322  1828  1867 D OpenGLRenderer: Swap behavior 1
09-22 07:09:32.322  1828  1867 W OpenGLRenderer: Failed to choose config with EGL_SWAP_BEHAVIOR_PRESERVED, retrying without...
09-22 07:09:32.322  1828  1867 D OpenGLRenderer: Swap behavior 0
09-22 07:09:32.329  1810  1810 W System  : ClassLoader referenced unknown path: /system/priv-app/TelephonyProvider/lib/x86
09-22 07:09:32.329  1601  1601 D AccessibilityManagerService: Ignoring non-encryption-aware service ComponentInfo{com.example.android.apis/com.example.android.apis.accessibility.ClockBackService}
09-22 07:09:32.329  1601  1601 D AccessibilityManagerService: Ignoring non-encryption-aware service ComponentInfo{com.example.android.apis/com.example.android.apis.accessibility.MagnificationService}
09-22 07:09:32.329  1601  1601 D AccessibilityManagerService: Ignoring non-encryption-aware service ComponentInfo{com.example.android.apis/com.example.android.apis.accessibility.TaskBackService}
09-22 07:09:32.329  1810  1810 D ApplicationLoaders: ignored Vulkan layer search path /system/priv-app/TelephonyProvider/lib/x86:/system/lib:/vendor/lib for namespace 0xada85090
09-22 07:09:32.336  1601  1601 W VibratorService: Tried to stop vibrating but there is no vibrator device.
09-22 07:09:32.337  1327  1367 D gralloc_ranchu: gralloc_alloc: format 1 and usage 0x900 imply creation of host color buffer
09-22 07:09:32.340  1601  1601 D ConditionProviders.SCP: onSubscribe condition://android/schedule?days=6.7&start=23.30&end=10.0&exitAtAlarm=false
09-22 07:09:32.340  1601  1601 D ConditionProviders.SCP: setRegistered true
09-22 07:09:32.340  1601  1601 D ConditionProviders.SCP: notifyCondition condition://android/schedule?days=6.7&start=23.30&end=10.0&exitAtAlarm=false STATE_FALSE reason=!meetsSchedule
09-22 07:09:32.341  1601  1601 D ConditionProviders.SCP: Scheduling evaluate for Fri Sep 22 10:00:00 GMT+00:00 2017 (1506074400000), in +2h50m27s660ms, now=Fri Sep 22 07:09:32 GMT+00:00 2017 (1506064172340)
09-22 07:09:32.341  1601  1601 D ConditionProviders.SCP: onSubscribe condition://android/schedule?days=1.2.3.4.5&start=22.0&end=7.0&exitAtAlarm=false
09-22 07:09:32.341  1601  1601 D ConditionProviders.SCP: notifyCondition condition://android/schedule?days=6.7&start=23.30&end=10.0&exitAtAlarm=false STATE_FALSE reason=!meetsSchedule
09-22 07:09:32.341  1601  1601 D ConditionProviders.SCP: notifyCondition condition://android/schedule?days=1.2.3.4.5&start=22.0&end=7.0&exitAtAlarm=false STATE_FALSE reason=!meetsSchedule
09-22 07:09:32.342  1601  1601 D ConditionProviders.SCP: Scheduling evaluate for Fri Sep 22 10:00:00 GMT+00:00 2017 (1506074400000), in +2h50m27s659ms, now=Fri Sep 22 07:09:32 GMT+00:00 2017 (1506064172341)
09-22 07:09:32.343  1601  1601 I Telecom : WiredHeadsetManager: ACTION_HEADSET_PLUG event, plugged in: false, : WHC.oADA@AAE
09-22 07:09:32.345  1810  1810 D TelephonyProvider: dbh.onOpen: ok, queried table=siminfo
09-22 07:09:32.345  1810  1810 D TelephonyProvider: dbh.onOpen: ok, queried table=carriers
09-22 07:09:32.346  1601  1601 I ActivityManager: user 0 is still locked. Cannot load recents
09-22 07:09:32.348  1601  1665 E ActivityThread: Failed to find provider info for com.android.calendar
09-22 07:09:32.350  1601  1665 E ActivityThread: Failed to find provider info for com.android.calendar
09-22 07:09:32.351  1327  1367 D gralloc_ranchu: gralloc_alloc: format 1 and usage 0x900 imply creation of host color buffer
09-22 07:09:32.353  1601  1614 I SyncManager: Got SyncJobService instance.
09-22 07:09:32.355  1601  1601 I FusedLocation: engine started (com.android.location.fused)
09-22 07:09:32.355  1352  1745 I MediaPlayerService: MediaPlayerService::getOMX
09-22 07:09:32.355  1601  1910 I OMXClient: MuxOMX ctor
09-22 07:09:32.355  1349  1896 I OMXMaster: makeComponentInstance(OMX.google.vorbis.decoder) in mediacodec process
09-22 07:09:32.380  1352  1352 I MediaPlayerService: MediaPlayerService::getOMX
09-22 07:09:32.381  1690  1913 I OMXClient: MuxOMX ctor
09-22 07:09:32.381  1349  1897 I OMXMaster: makeComponentInstance(OMX.google.vorbis.decoder) in mediacodec process
09-22 07:09:32.388  1690  1876 I vol.Events: writeEvent level_changed STREAM_ALARM 6
09-22 07:09:32.389  1690  1876 I vol.Events: writeEvent level_changed STREAM_BLUETOOTH_SCO 7
09-22 07:09:32.389  1690  1876 I vol.Events: writeEvent level_changed STREAM_MUSIC 11
09-22 07:09:32.393  1690  1876 I vol.Events: writeEvent level_changed STREAM_RING 5
09-22 07:09:32.394  1352  1865 I MediaPlayerService: MediaPlayerService::getOMX
09-22 07:09:32.394  1690  1876 I vol.Events: writeEvent level_changed STREAM_SYSTEM 5
09-22 07:09:32.394  1601  1919 I OMXClient: MuxOMX ctor
09-22 07:09:32.394  1349  1377 I OMXMaster: makeComponentInstance(OMX.google.vorbis.decoder) in mediacodec process
09-22 07:09:32.395  1690  1876 I vol.Events: writeEvent level_changed STREAM_VOICE_CALL 4
09-22 07:09:32.397  1327  1366 E SurfaceFlinger: ro.sf.lcd_density must be defined as a build property
09-22 07:09:32.402  1690  1690 D         : HostConnection::get() New Host Connection established 0x9de1adc0, tid 1690
09-22 07:09:32.411  1690  1690 D StorageNotification: Notifying about private volume: VolumeInfo{private}:
09-22 07:09:32.411  1690  1690 D StorageNotification:     type=PRIVATE diskId=null partGuid=null mountFlags=0 mountUserId=-1 
09-22 07:09:32.411  1690  1690 D StorageNotification:     state=MOUNTED 
09-22 07:09:32.411  1690  1690 D StorageNotification:     fsType=null fsUuid=null fsLabel=null 
09-22 07:09:32.411  1690  1690 D StorageNotification:     path=/data internalPath=null 
09-22 07:09:32.411  1690  1690 D StorageNotification: Notifying about public volume: VolumeInfo{public:253,48}:
09-22 07:09:32.411  1690  1690 D StorageNotification:     type=PUBLIC diskId=disk:253,48 partGuid=null mountFlags=VISIBLE 
09-22 07:09:32.411  1690  1690 D StorageNotification:     mountUserId=0 state=MOUNTED 
09-22 07:09:32.411  1690  1690 D StorageNotification:     fsType=vfat fsUuid=110A-3C16 fsLabel=SDCARD 
09-22 07:09:32.411  1690  1690 D StorageNotification:     path=/storage/110A-3C16 internalPath=/mnt/media_rw/110A-3C16 
09-22 07:09:32.424  1352  1382 I MediaPlayerService: MediaPlayerService::getOMX
09-22 07:09:32.424  1601  1925 I OMXClient: MuxOMX ctor
09-22 07:09:32.425  1349  1377 I OMXMaster: makeComponentInstance(OMX.google.vorbis.decoder) in mediacodec process
09-22 07:09:32.441  1601  1622 I ActivityManager: Displayed com.android.settings/.FallbackHome: +266ms
09-22 07:09:32.441  1601  1615 V KeyguardServiceDelegate: *** Keyguard started
09-22 07:09:32.441  1601  1615 W KeyguardServiceDelegate: onScreenTurningOn(): no keyguard service!
09-22 07:09:32.443  1327  1367 I SurfaceFlinger: Boot is finished (2926 ms)
09-22 07:09:32.445  1601  1622 I SystemServiceManager: Starting phase 1000
09-22 07:09:32.453  1936  1936 W art     : Unexpected CPU variant for X86 using defaults: x86
09-22 07:09:32.456  1601  1622 I ActivityManager: Start proc 1936:android.ext.services/u0a10 for on-hold
09-22 07:09:32.458  1601  1622 D ActivityManager: Finishing user boot 0
09-22 07:09:32.458  1601  1622 D CryptdConnector: SND -> {3 cryptfs prepare_user_storage ! 0 0 2}
09-22 07:09:32.459  1284  1320 D vold    : e4crypt_prepare_user_storage for volume null, user 0, serial 0, flags 2
09-22 07:09:32.459  1284  1320 D vold    : Preparing: /data/system_ce/0
09-22 07:09:32.459  1284  1320 D vold    : Preparing: /data/misc_ce/0
09-22 07:09:32.459  1284  1320 D vold    : Preparing: /data/media/0
09-22 07:09:32.459  1284  1320 D vold    : Preparing: /data/data
09-22 07:09:32.459  1601  1647 D CryptdConnector: RCV <- {200 3 Command succeeded}
09-22 07:09:32.461  1601  1622 V UserManagerService: Found /data/user/0 with serial number 0
09-22 07:09:32.461  1601  1622 V UserManagerService: Found /data/system_ce/0 with serial number 0
09-22 07:09:32.461  1601  1622 V PackageManager: reconcileAppsData for null u0 0x2
09-22 07:09:32.494  1352  1382 I MediaPlayerService: MediaPlayerService::getOMX
09-22 07:09:32.494  1601  1952 I OMXClient: MuxOMX ctor
09-22 07:09:32.494  1349  1377 I OMXMaster: makeComponentInstance(OMX.google.vorbis.decoder) in mediacodec process
09-22 07:09:32.514  1601  1622 V PackageManager: reconcileAppsData finished 94 packages
09-22 07:09:32.515  1601  1615 D MountService: onUnlockUser 0
09-22 07:09:32.515  1601  1615 D VoldConnector: SND -> {7 volume user_started 0}
09-22 07:09:32.515  1284  1319 D vold    : Linking /storage/emulated/0 to /mnt/user/0/primary
09-22 07:09:32.515  1601  1654 D WIFI    : Registering NetworkFactory
09-22 07:09:32.516  1601  1646 D VoldConnector: RCV <- {200 7 Command succeeded}
09-22 07:09:32.516  1601  1654 D WIFI_UT : Registering NetworkFactory
09-22 07:09:32.516  1601  1658 D ConnectivityService: Got NetworkFactory Messenger for WIFI
09-22 07:09:32.516  1601  1658 D ConnectivityService: Got NetworkFactory Messenger for WIFI_UT
09-22 07:09:32.516  1601  1654 D WIFI    : got request NetworkRequest [ REQUEST id=1, [ Capabilities: INTERNET&NOT_RESTRICTED&TRUSTED&NOT_VPN] ] with score 0
09-22 07:09:32.516  1601  1654 D WIFI_UT : got request NetworkRequest [ REQUEST id=1, [ Capabilities: INTERNET&NOT_RESTRICTED&TRUSTED&NOT_VPN] ] with score 0
09-22 07:09:32.516  1601  1645 D MountService: Volume public:253,48 broadcasting mounted to UserHandle{0}
09-22 07:09:32.520  1956  1956 W art     : Unexpected CPU variant for X86 using defaults: x86
09-22 07:09:32.526  1601  1601 I ActivityManager: Start proc 1956:com.android.deskclock/u0a33 for broadcast com.android.deskclock/.AlarmInitReceiver
09-22 07:09:32.529  1601  1645 D MountService: Volume emulated broadcasting mounted to UserHandle{0}
09-22 07:09:32.531  1936  1936 W System  : ClassLoader referenced unknown path: /system/priv-app/ExtServices/lib/x86
09-22 07:09:32.536  1601  1791 I StatusBarManagerService: registerStatusBar bar=com.android.internal.statusbar.IStatusBar$Stub$Proxy@8097e6
09-22 07:09:32.541  1956  1956 W System  : ClassLoader referenced unknown path: /system/app/DeskClock/lib/x86
09-22 07:09:32.550  1676  1676 I InputAttributes: InputType.TYPE_NULL is specified
09-22 07:09:32.551  1601  1615 V BackupManagerService: No ancestral data
09-22 07:09:32.554  1601  1615 V BackupManagerService: Starting with transport com.google.android.gms/.backup.BackupTransportService
09-22 07:09:32.554  1601  1615 V BackupManagerService: Found transports: 2
09-22 07:09:32.561  1975  1975 W art     : Unexpected CPU variant for X86 using defaults: x86
09-22 07:09:32.567  1601  1615 I ActivityManager: Start proc 1975:com.google.android.gms.persistent/u0a12 for service com.google.android.gms/.backup.BackupTransportService
09-22 07:09:32.567  1601  1615 I BackupManagerService: Backup enabled => false
09-22 07:09:32.568  1601  1601 V BackupManagerService: Connected to transport ComponentInfo{android/com.android.internal.backup.LocalTransportService}
09-22 07:09:32.568  1601  1601 V BackupManagerService: Registering transport android/com.android.internal.backup.LocalTransportService::android/com.android.internal.backup.LocalTransport = android.app.backup.BackupTransport$TransportImpl@f788cc9
09-22 07:09:32.575  1601  1971 V KeyValueBackupJob: Scheduling k/v pass in 244 minutes
09-22 07:09:32.588  1975  1975 W System  : ClassLoader referenced unknown path: /system/priv-app/PrebuiltGmsCore/lib/x86
09-22 07:09:32.593  1601  1971 V KeyValueBackupJob: Scheduling k/v pass in 243 minutes
09-22 07:09:32.598  1810  1810 D PhoneSwitcherNetworkRequstListener: Registering NetworkFactory
09-22 07:09:32.598  1601  1658 D ConnectivityService: Got NetworkFactory Messenger for PhoneSwitcherNetworkRequstListener
09-22 07:09:32.602  1601  1658 D ConnectivityService: Got NetworkFactory Messenger for TelephonyNetworkFactory[0]
09-22 07:09:32.613  1999  1999 W art     : Unexpected CPU variant for X86 using defaults: x86
09-22 07:09:32.618  1601  1615 I ActivityManager: Start proc 1999:com.google.android.googlequicksearchbox:interactor/u0a22 for service com.google.android.googlequicksearchbox/com.google.android.voiceinteraction.GsaVoiceInteractionService
09-22 07:09:32.619  1601  1615 I ActivityManager: Loading recents for user 0 into memory.
09-22 07:09:32.624  1601  1615 D ActivityManager: Sending BOOT_COMPLETE user #0
09-22 07:09:32.629  1975  1975 I LoadedApk: No resource references to update in package FFFFFFFFFFFFFFFFFFFFFF
09-22 07:09:32.635  2017  2017 W art     : Unexpected CPU variant for X86 using defaults: x86
09-22 07:09:32.637  1601  1698 I ActivityManager: Start proc 2017:android.process.acore/u0a1 for content provider com.android.providers.contacts/.ContactsProvider2
09-22 07:09:32.639  1810  1810 D CarrierConfigLoader: CarrierConfigLoader has started
09-22 07:09:32.639  1810  1810 E BluetoothAdapter: Bluetooth binder is null
09-22 07:09:32.644  1601  1971 I BackupManagerService: Found stale backup journal, scheduling
09-22 07:09:32.645  1956  1956 I AlarmClock: AlarmInitReceiver android.intent.action.LOCKED_BOOT_COMPLETED
09-22 07:09:32.658  2017  2017 W System  : ClassLoader referenced unknown path: /system/priv-app/ContactsProvider/lib/x86
09-22 07:09:32.668  1828  1828 D FallbackHome: User unlocked and real home found; let's go!
09-22 07:09:32.695  1956  1956 D AlarmClock/Events: [Stopwatch] [Reset] [Reboot]
09-22 07:09:32.697  1601  1611 I art     : Background partial concurrent mark sweep GC freed 9040(494KB) AllocSpace objects, 10(8MB) LOS objects, 24% free, 12MB/16MB, paused 22.347ms total 68.879ms
09-22 07:09:32.700  2046  2046 W art     : Unexpected CPU variant for X86 using defaults: x86
09-22 07:09:32.702  1810  1810 I Telephony: TtyManager: updateUiTtyMode -1 -> 0
09-22 07:09:32.708  1601  1667 I ActivityManager: Start proc 2046:com.android.keychain/1000 for service com.android.keychain/.KeyChainService
