09-22 07:09:32.708  1601  1842 I ActivityManager: START u0 {act=android.intent.action.MAIN cat=[android.intent.category.HOME] flg=0x10000100 cmp=com.google.android.apps.nexuslauncher/.NexusLauncherActivity} from uid 0 on display 0
09-22 07:09:32.709  1601  1601 I AccountManagerService: User 0 is unlocked - opening CE database
09-22 07:09:32.717  2065  2065 W art     : Unexpected CPU variant for X86 using defaults: x86
09-22 07:09:32.724  1601  1842 I ActivityManager: Start proc 2065:com.google.android.apps.nexuslauncher/u0a14 for activity com.google.android.apps.nexuslauncher/.NexusLauncherActivity
09-22 07:09:32.728  2086  2086 W art     : Unexpected CPU variant for X86 using defaults: x86
09-22 07:09:32.736  1601  1614 I ActivityManager: Start proc 2086:com.android.printspooler/u0a58 for service com.android.printspooler/.model.PrintSpoolerService
09-22 07:09:32.745  2046  2046 W System  : ClassLoader referenced unknown path: /system/app/KeyChain/lib/x86
09-22 07:09:32.748  2065  2065 W System  : ClassLoader referenced unknown path: /system/priv-app/NexusLauncherPrebuilt/lib/x86
09-22 07:09:32.752  2104  2104 W art     : Unexpected CPU variant for X86 using defaults: x86
09-22 07:09:32.753  1601  2058 D AlarmManagerService: Kernel timezone updated to 0 minutes west of GMT
09-22 07:09:32.758  1601  2044 I ActivityManager: Start proc 2104:com.google.process.gapps/u0a12 for content provider com.google.android.gsf/.gservices.GservicesProvider
09-22 07:09:32.766  1601  1791 D AlarmManagerService: Setting time of day to sec=1506064172
09-22 07:09:32.757  1601  1791 W AlarmManagerService: Unable to set rtc to 1506064172: No such device
09-22 07:09:32.757  2017  2017 I ContactsPerf: VoicemailContentProvider.onCreate start
09-22 07:09:32.760  2017  2017 I ContactsPerf: VoicemailContentProvider.onCreate finish
09-22 07:09:32.762  1601  1601 D ConditionProviders.SCP: onReceive android.intent.action.TIME_SET
09-22 07:09:32.762  1601  1601 D ConditionProviders.SCP: notifyCondition condition://android/schedule?days=6.7&start=23.30&end=10.0&exitAtAlarm=false STATE_FALSE reason=!meetsSchedule
09-22 07:09:32.762  1601  1601 D ConditionProviders.SCP: notifyCondition condition://android/schedule?days=1.2.3.4.5&start=22.0&end=7.0&exitAtAlarm=false STATE_FALSE reason=!meetsSchedule
09-22 07:09:32.762  1601  1601 D ConditionProviders.SCP: Scheduling evaluate for Fri Sep 22 10:00:00 GMT+00:00 2017 (1506074400000), in +2h50m27s238ms, now=Fri Sep 22 07:09:32 GMT+00:00 2017 (1506064172762)
09-22 07:09:32.763  2017  2017 W System  : ClassLoader referenced unknown path: /system/priv-app/BlockedNumberProvider/lib/x86
09-22 07:09:32.763  2017  2017 D ApplicationLoaders: ignored Vulkan layer search path /system/priv-app/BlockedNumberProvider/lib/x86:/system/lib:/vendor/lib for namespace 0xada85090
09-22 07:09:32.766  1956  2045 V AlarmClock: AlarmInitReceiver finished
09-22 07:09:32.768  2121  2121 W art     : Unexpected CPU variant for X86 using defaults: x86
09-22 07:09:32.775  1601  1665 I ActivityManager: Start proc 2121:com.android.providers.calendar/u0a2 for content provider com.android.providers.calendar/.CalendarProvider2
09-22 07:09:32.776  1690  1690 I OpaLayout: Setting opa enabled to false
09-22 07:09:32.778  1690  1690 I OpaLayout: Setting opa enabled to false
09-22 07:09:32.782  2017  2017 W System  : ClassLoader referenced unknown path: /system/app/UserDictionaryProvider/lib/x86
09-22 07:09:32.782  2017  2017 D ApplicationLoaders: ignored Vulkan layer search path /system/app/UserDictionaryProvider/lib/x86:/system/lib:/vendor/lib for namespace 0xada850d0
09-22 07:09:32.785  2065  2065 V Launcher: LauncherAppState inited
09-22 07:09:32.789  2121  2121 W System  : ClassLoader referenced unknown path: /system/priv-app/CalendarProvider/lib/x86
09-22 07:09:32.791  2104  2104 W System  : ClassLoader referenced unknown path: /system/priv-app/GoogleServicesFramework/lib/x86
09-22 07:09:32.812  2121  2121 I CalendarProvider2: Created com.android.providers.calendar.CalendarAlarmManager@629d1af(com.android.providers.calendar.CalendarProvider2@a0bc9bc)
09-22 07:09:32.821  1690  1690 E BluetoothAdapter: Bluetooth binder is null
09-22 07:09:32.824  2141  2141 W art     : Unexpected CPU variant for X86 using defaults: x86
09-22 07:09:32.825  2104  2104 I GservicesProvider: Gservices pushing to system: true; secure/global: true
09-22 07:09:32.831  1601  2061 I ActivityManager: Start proc 2141:com.google.android.googlequicksearchbox:search/u0a22 for service com.google.android.googlequicksearchbox/com.google.android.hotword.service.HotwordService
09-22 07:09:32.846  1690  1690 I CameraManagerGlobal: Connecting to camera service
09-22 07:09:32.848  1345  1345 V EmulatedCamera_Camera: getCameraInfo
09-22 07:09:32.848  1345  1345 V EmulatedCamera_BaseCamera: getCameraInfo
09-22 07:09:32.848  1345  1345 I CameraService: getCameraCharacteristics: Switching to HAL1 shim implementation...
09-22 07:09:32.848  1345  1345 V EmulatedCamera_Camera: getCameraInfo
09-22 07:09:32.848  1345  1345 V EmulatedCamera_BaseCamera: getCameraInfo
09-22 07:09:32.848  1345  1345 I CameraService: CameraService::connect call (PID -1 "cameraserver", camera ID 0) for HAL version default and Camera API version 1
09-22 07:09:32.849  1345  1345 E CameraService: getCameraPriorityFromProcState: Received invalid process state -1 from ActivityManagerService!
09-22 07:09:32.849  1345  1345 V EmulatedCamera_Camera: getCameraInfo
09-22 07:09:32.849  1345  1345 V EmulatedCamera_BaseCamera: getCameraInfo
09-22 07:09:32.853  1810  1810 D PhoneSwitcherNetworkRequstListener: got request NetworkRequest [ REQUEST id=1, [ Capabilities: INTERNET&NOT_RESTRICTED&TRUSTED&NOT_VPN] ] with score 0
09-22 07:09:32.854  1810  1810 D TelephonyDebugService: TelephonyDebugService()
09-22 07:09:32.855  1352  2162 E WVMExtractor: Failed to open libwvm.so: dlopen failed: library "libwvm.so" not found
09-22 07:09:32.858  1352  2160 D NuPlayerDriver: notifyListener_l(0xaaa8c000), (1, 0, 0), loop setting(0, 0)
09-22 07:09:32.861  1352  2163 D NuPlayerDriver: notifyListener_l(0xaaa8c0c0), (1, 0, 0), loop setting(0, 0)
09-22 07:09:32.862  1601  1601 I FusedLocation: engine stopped (com.android.location.fused)
09-22 07:09:32.864  1352  2165 D NuPlayerDriver: notifyListener_l(0xaaa8c120), (1, 0, 0), loop setting(0, 0)
09-22 07:09:32.865  1345  1345 I CameraFlashlight: Opening camera 0
09-22 07:09:32.865  1345  1345 V EmulatedCamera_Camera: getCameraInfo
09-22 07:09:32.865  1345  1345 V EmulatedCamera_BaseCamera: getCameraInfo
09-22 07:09:32.865  1345  1345 V EmulatedCamera_Camera: connectCamera
09-22 07:09:32.865  1345  1345 V EmulatedCamera_FakeDevice: connectDevice
09-22 07:09:32.865  1345  1345 V EmulatedCamera_CallbackNotifier: setCallbacks: 0xae297000, 0xae297050, 0xae297170, 0xae297290 (0xadf43320)
09-22 07:09:32.865  1345  1345 V EmulatedCamera_CallbackNotifier: enableMessage: msg_type = 0xc0d
09-22 07:09:32.865  1345  1345 V EmulatedCamera_CallbackNotifier:     CAMERA_MSG_ERROR
09-22 07:09:32.865  1345  1345 V EmulatedCamera_CallbackNotifier:     CAMERA_MSG_FOCUS
09-22 07:09:32.865  1345  1345 V EmulatedCamera_CallbackNotifier:     CAMERA_MSG_ZOOM
09-22 07:09:32.865  1345  1345 V EmulatedCamera_CallbackNotifier:     CAMERA_MSG_PREVIEW_METADATA
09-22 07:09:32.865  1345  1345 V EmulatedCamera_CallbackNotifier: **** Currently enabled messages:
09-22 07:09:32.865  1345  1345 V EmulatedCamera_CallbackNotifier:     CAMERA_MSG_ERROR
09-22 07:09:32.865  1345  1345 V EmulatedCamera_CallbackNotifier:     CAMERA_MSG_FOCUS
09-22 07:09:32.865  1345  1345 V EmulatedCamera_CallbackNotifier:     CAMERA_MSG_ZOOM
09-22 07:09:32.865  1345  1345 V EmulatedCamera_CallbackNotifier:     CAMERA_MSG_PREVIEW_METADATA
09-22 07:09:32.865  1345  1345 V EmulatedCamera_CallbackNotifier: disableMessage: msg_type = 0xffff
09-22 07:09:32.865  1345  1345 V EmulatedCamera_CallbackNotifier:     CAMERA_MSG_ERROR
09-22 07:09:32.865  1345  1345 V EmulatedCamera_CallbackNotifier:     CAMERA_MSG_SHUTTER
09-22 07:09:32.865  1345  1345 V EmulatedCamera_CallbackNotifier:     CAMERA_MSG_FOCUS
09-22 07:09:32.865  1345  1345 V EmulatedCamera_CallbackNotifier:     CAMERA_MSG_ZOOM
09-22 07:09:32.865  1345  1345 V EmulatedCamera_CallbackNotifier:     CAMERA_MSG_PREVIEW_FRAME
09-22 07:09:32.865  1345  1345 V EmulatedCamera_CallbackNotifier:     CAMERA_MSG_VIDEO_FRAME
09-22 07:09:32.865  1345  1345 V EmulatedCamera_CallbackNotifier:     CAMERA_MSG_POSTVIEW_FRAME
09-22 07:09:32.865  1345  1345 V EmulatedCamera_CallbackNotifier:     CAMERA_MSG_RAW_IMAGE
09-22 07:09:32.865  1345  1345 V EmulatedCamera_CallbackNotifier:     CAMERA_MSG_COMPRESSED_IMAGE
09-22 07:09:32.865  1345  1345 V EmulatedCamera_CallbackNotifier:     CAMERA_MSG_RAW_IMAGE_NOTIFY
09-22 07:09:32.865  1345  1345 V EmulatedCamera_CallbackNotifier:     CAMERA_MSG_PREVIEW_METADATA
09-22 07:09:32.865  1345  1345 V EmulatedCamera_CallbackNotifier: **** Currently enabled messages:
09-22 07:09:32.865  1345  1345 V EmulatedCamera_Camera: doStopPreview
09-22 07:09:32.865  1345  1345 V EmulatedCamera_Camera: cancelPicture
09-22 07:09:32.865  1345  1345 V EmulatedCamera_Camera: releaseCamera
09-22 07:09:32.865  1345  1345 V EmulatedCamera_Camera: doStopPreview
09-22 07:09:32.865  1345  1345 V EmulatedCamera_FakeDevice: disconnectDevice
09-22 07:09:32.865  1345  1345 I CameraFlashlight: Destroying camera 0
09-22 07:09:32.865  1345  1345 V EmulatedCamera_Camera: closeCamera
09-22 07:09:32.865  1345  1345 V EmulatedCamera_Camera: doStopPreview
09-22 07:09:32.866  1345  1345 I CameraService: disconnect: Disconnected client for camera 0 for PID 1345
09-22 07:09:32.866  1352  1352 D NuPlayerDriver: reset(0xaaa8c000) at state 4
09-22 07:09:32.866  1352  1352 D NuPlayerDriver: notifyListener_l(0xaaa8c000), (8, 0, 0), loop setting(0, 0)
09-22 07:09:32.866  1352  2160 D NuPlayerDriver: notifyResetComplete(0xaaa8c000)
09-22 07:09:32.866  1352  1382 D NuPlayerDriver: reset(0xaaa8c0c0) at state 4
09-22 07:09:32.866  1352  1382 D NuPlayerDriver: notifyListener_l(0xaaa8c0c0), (8, 0, 0), loop setting(0, 0)
09-22 07:09:32.866  1352  2163 D NuPlayerDriver: notifyResetComplete(0xaaa8c0c0)
09-22 07:09:32.867  1352  1352 D NuPlayerDriver: reset(0xaaa8c120) at state 4
09-22 07:09:32.867  1352  1352 D NuPlayerDriver: notifyListener_l(0xaaa8c120), (8, 0, 0), loop setting(0, 0)
09-22 07:09:32.867  1352  2165 D NuPlayerDriver: notifyResetComplete(0xaaa8c120)
09-22 07:09:32.867  1345  1659 V EmulatedCamera_Camera: getCameraInfo
09-22 07:09:32.867  1345  1659 V EmulatedCamera_BaseCamera: getCameraInfo
09-22 07:09:32.867  1345  1659 I CameraService: getCameraCharacteristics: Switching to HAL1 shim implementation...
09-22 07:09:32.867  1345  1659 V EmulatedCamera_Camera: getCameraInfo
09-22 07:09:32.867  1345  1659 V EmulatedCamera_BaseCamera: getCameraInfo
09-22 07:09:32.868  1345  1659 I CameraService: CameraService::connect call (PID -1 "cameraserver", camera ID 1) for HAL version default and Camera API version 1
09-22 07:09:32.868  1345  1659 E CameraService: getCameraPriorityFromProcState: Received invalid process state -1 from ActivityManagerService!
09-22 07:09:32.868  1345  1659 V EmulatedCamera_Camera: getCameraInfo
09-22 07:09:32.868  1345  1659 V EmulatedCamera_BaseCamera: getCameraInfo
09-22 07:09:32.872  1352  2167 D NuPlayerDriver: notifyListener_l(0xaaa8c600), (1, 0, 0), loop setting(0, 0)
09-22 07:09:32.874  1352  2169 D NuPlayerDriver: notifyListener_l(0xaaa8c180), (1, 0, 0), loop setting(0, 0)
09-22 07:09:32.879  1810  1810 D CarrierConfigLoader: mHandler: 12 phoneId: 0
09-22 07:09:32.883  1352  2171 D NuPlayerDriver: notifyListener_l(0xaaa8c1e0), (1, 0, 0), loop setting(0, 0)
09-22 07:09:32.884  1345  1659 I CameraFlashlight: Opening camera 1
09-22 07:09:32.884  1345  1659 V EmulatedCamera_Camera: getCameraInfo
09-22 07:09:32.884  1345  1659 V EmulatedCamera_BaseCamera: getCameraInfo
09-22 07:09:32.884  1345  1659 V EmulatedCamera_Camera: connectCamera
09-22 07:09:32.884  1345  1659 V EmulatedCamera_FakeDevice: connectDevice
09-22 07:09:32.884  1345  1659 V EmulatedCamera_CallbackNotifier: setCallbacks: 0xae297000, 0xae297050, 0xae297170, 0xae297290 (0xadbb11e0)
09-22 07:09:32.884  1345  1659 V EmulatedCamera_CallbackNotifier: enableMessage: msg_type = 0xc0d
09-22 07:09:32.884  1345  1659 V EmulatedCamera_CallbackNotifier:     CAMERA_MSG_ERROR
09-22 07:09:32.884  1345  1659 V EmulatedCamera_CallbackNotifier:     CAMERA_MSG_FOCUS
09-22 07:09:32.884  1345  1659 V EmulatedCamera_CallbackNotifier:     CAMERA_MSG_ZOOM
09-22 07:09:32.884  1345  1659 V EmulatedCamera_CallbackNotifier:     CAMERA_MSG_PREVIEW_METADATA
09-22 07:09:32.884  1345  1659 V EmulatedCamera_CallbackNotifier: **** Currently enabled messages:
09-22 07:09:32.884  1345  1659 V EmulatedCamera_CallbackNotifier:     CAMERA_MSG_ERROR
09-22 07:09:32.884  1345  1659 V EmulatedCamera_CallbackNotifier:     CAMERA_MSG_FOCUS
09-22 07:09:32.884  1345  1659 V EmulatedCamera_CallbackNotifier:     CAMERA_MSG_ZOOM
09-22 07:09:32.884  1345  1659 V EmulatedCamera_CallbackNotifier:     CAMERA_MSG_PREVIEW_METADATA
09-22 07:09:32.884  1345  1659 V EmulatedCamera_CallbackNotifier: disableMessage: msg_type = 0xffff
09-22 07:09:32.884  1345  1659 V EmulatedCamera_CallbackNotifier:     CAMERA_MSG_ERROR
09-22 07:09:32.884  1345  1659 V EmulatedCamera_CallbackNotifier:     CAMERA_MSG_SHUTTER
09-22 07:09:32.884  1345  1659 V EmulatedCamera_CallbackNotifier:     CAMERA_MSG_FOCUS
09-22 07:09:32.884  1345  1659 V EmulatedCamera_CallbackNotifier:     CAMERA_MSG_ZOOM
09-22 07:09:32.884  1345  1659 V EmulatedCamera_CallbackNotifier:     CAMERA_MSG_PREVIEW_FRAME
09-22 07:09:32.884  1345  1659 V EmulatedCamera_CallbackNotifier:     CAMERA_MSG_VIDEO_FRAME
09-22 07:09:32.884  1345  1659 V EmulatedCamera_CallbackNotifier:     CAMERA_MSG_POSTVIEW_FRAME
09-22 07:09:32.884  1345  1659 V EmulatedCamera_CallbackNotifier:     CAMERA_MSG_RAW_IMAGE
09-22 07:09:32.884  1345  1659 V EmulatedCamera_CallbackNotifier:     CAMERA_MSG_COMPRESSED_IMAGE
09-22 07:09:32.884  1345  1659 V EmulatedCamera_CallbackNotifier:     CAMERA_MSG_RAW_IMAGE_NOTIFY
09-22 07:09:32.884  1345  1659 V EmulatedCamera_CallbackNotifier:     CAMERA_MSG_PREVIEW_METADATA
09-22 07:09:32.884  1345  1659 V EmulatedCamera_CallbackNotifier: **** Currently enabled messages:
09-22 07:09:32.884  1345  1659 V EmulatedCamera_Camera: doStopPreview
09-22 07:09:32.884  1345  1659 V EmulatedCamera_Camera: cancelPicture
09-22 07:09:32.884  1345  1659 V EmulatedCamera_Camera: releaseCamera
09-22 07:09:32.884  1345  1659 V EmulatedCamera_Camera: doStopPreview
09-22 07:09:32.884  1345  1659 V EmulatedCamera_FakeDevice: disconnectDevice
09-22 07:09:32.884  1345  1659 I CameraFlashlight: Destroying camera 1
09-22 07:09:32.884  1345  1659 V EmulatedCamera_Camera: closeCamera
09-22 07:09:32.884  1345  1659 V EmulatedCamera_Camera: doStopPreview
09-22 07:09:32.885  1345  1659 I CameraService: disconnect: Disconnected client for camera 1 for PID 1345
09-22 07:09:32.885  1352  1352 D NuPlayerDriver: reset(0xaaa8c600) at state 4
09-22 07:09:32.885  1352  1352 D NuPlayerDriver: notifyListener_l(0xaaa8c600), (8, 0, 0), loop setting(0, 0)
09-22 07:09:32.885  1810  1810 D CarrierSvcBindHelper: Received android.intent.action.USER_UNLOCKED
09-22 07:09:32.885  1352  2167 D NuPlayerDriver: notifyResetComplete(0xaaa8c600)
09-22 07:09:32.886  1810  1810 E PhoneInterfaceManager: [PhoneIntfMgr] getCarrierPackageNamesForIntent: No UICC
09-22 07:09:32.886  1352  1382 D NuPlayerDriver: reset(0xaaa8c180) at state 4
09-22 07:09:32.886  1352  1382 D NuPlayerDriver: notifyListener_l(0xaaa8c180), (8, 0, 0), loop setting(0, 0)
09-22 07:09:32.886  1352  2169 D NuPlayerDriver: notifyResetComplete(0xaaa8c180)
09-22 07:09:32.886  2017  2103 I ContactLocale: AddressBook Labels [[en_US]]: [, A, B, C, D, E, F, G, H, I, J, K, L, M, N, O, P, Q, R, S, T, U, V, W, X, Y, Z, , , , , , , , , , , , , , , , , , , , , , , , , , , , , , , , , , , , , , , , , , , , , , , , , , , , , , , , , , , , , , , , , , , , , , , , , , , , , , , , , , , , , , , , , , , , , , , , , , , , , , , , , , , , , , , , , , , , , , , , , , , , , , , , , , , , , , , , , , , , , , , , , , , , , , , , , , , , , , , , , , , , , , , , , , , , , , , , , , , , , , , , , , , #, ]
09-22 07:09:32.886  1352  1745 D NuPlayerDriver: reset(0xaaa8c1e0) at state 4
09-22 07:09:32.886  1352  1745 D NuPlayerDriver: notifyListener_l(0xaaa8c1e0), (8, 0, 0), loop setting(0, 0)
09-22 07:09:32.887  1810  1810 D CarrierSvcBindHelper: No carrier app for: 0
09-22 07:09:32.887  1352  2171 D NuPlayerDriver: notifyResetComplete(0xaaa8c1e0)
09-22 07:09:32.888  1345  1345 V EmulatedCamera_Camera: getCameraInfo
09-22 07:09:32.888  1345  1345 V EmulatedCamera_BaseCamera: getCameraInfo
09-22 07:09:32.888  1345  1659 V EmulatedCamera_Camera: getCameraInfo
09-22 07:09:32.888  1345  1659 V EmulatedCamera_BaseCamera: getCameraInfo
09-22 07:09:32.892  1345  1345 V EmulatedCamera_Camera: getCameraInfo
09-22 07:09:32.892  1345  1345 V EmulatedCamera_BaseCamera: getCameraInfo
09-22 07:09:32.893  1345  1659 V EmulatedCamera_Camera: getCameraInfo
09-22 07:09:32.893  1345  1659 V EmulatedCamera_BaseCamera: getCameraInfo
09-22 07:09:32.903  1345  1345 V EmulatedCamera_Camera: getCameraInfo
09-22 07:09:32.904  1345  1345 V EmulatedCamera_BaseCamera: getCameraInfo
09-22 07:09:32.904  1345  1659 V EmulatedCamera_Camera: getCameraInfo
09-22 07:09:32.904  1345  1659 V EmulatedCamera_BaseCamera: getCameraInfo
09-22 07:09:32.905  2104  2104 I GoogleHttpClient: GMS http client unavailable, use old client
09-22 07:09:32.905  1345  1345 V EmulatedCamera_Camera: getCameraInfo
09-22 07:09:32.905  1345  1345 V EmulatedCamera_BaseCamera: getCameraInfo
09-22 07:09:32.905  1345  1659 V EmulatedCamera_Camera: getCameraInfo
09-22 07:09:32.905  1345  1659 V EmulatedCamera_BaseCamera: getCameraInfo
09-22 07:09:32.919  2182  2182 W art     : Unexpected CPU variant for X86 using defaults: x86
09-22 07:09:32.925  1601  1612 I ActivityManager: Start proc 2182:com.google.android.gms/u0a12 for broadcast com.google.android.gms/.checkin.CheckinServiceTriggerReceiver
09-22 07:09:32.933  1601  1601 I GnssLocationProvider: WakeLock acquired by sendMessage(12, 0, null)
09-22 07:09:32.945  1810  1810 D MccTable: updateMccMncConfiguration mccmnc='310260' fromServiceState=true
09-22 07:09:32.946  1810  1810 D MccTable: updateMccMncConfiguration defaultMccMnc=
09-22 07:09:32.946  1810  1810 D MccTable: updateMccMncConfiguration: mcc=310, mnc=260
09-22 07:09:32.946  1810  1810 D MccTable: WIFI_COUNTRY_CODE set to us
09-22 07:09:32.949  1601  2044 I WifiService: WifiService trying to set country code to us with persist set to false
09-22 07:09:32.951  1690  1922 D OpenGLRenderer: profile bars disabled
09-22 07:09:32.951  1690  1922 D OpenGLRenderer: ambientRatio = 1.50
09-22 07:09:32.954  1690  1690 D PhoneStatusBar: disable: < EXPAND* icons alerts system_info BACK* HOME* RECENT* clock SEARCH* quick_settings >
09-22 07:09:32.970  2182  2182 W System  : ClassLoader referenced unknown path: /system/priv-app/PrebuiltGmsCore/lib/x86
09-22 07:09:32.980  1327  1644 E SurfaceFlinger: ro.sf.lcd_density must be defined as a build property
09-22 07:09:32.990  1810  1810 E PhoneInterfaceManager: [PhoneIntfMgr] getIccId: No UICC
09-22 07:09:32.991  1975  1975 W linker  : /system/priv-app/PrebuiltGmsCore/PrebuiltGmsCore.apk!/lib/x86/libgmscore.so: unused DT entry: type 0x7ffffffd arg 0x754
09-22 07:09:32.995  1690  1690 D PhoneStatusBar: heads up is enabled
09-22 07:09:32.996  1601  2044 I Telecom : PhoneAccountRegistrar: [ComponentInfo{com.android.phone/com.android.services.telephony.TelephonyConnectionService}, [e0184adedf913b076626646d3f52c3b49c39ad6d], UserHandle{0}(icon: Icon(typ=BITMAP size=57x72) -> Icon(typ=BITMAP size=57x72))]: TSI.rPA@AAU
09-22 07:09:32.997  1975  1975 W linker  : /system/priv-app/PrebuiltGmsCore/PrebuiltGmsCore.apk!/lib/x86/libconscrypt_gmscore_jni.so: unused DT entry: type 0x7ffffffd arg 0x174
09-22 07:09:32.997  1975  1975 V JNIHelp : Registering com/google/android/gms/org/conscrypt/NativeCrypto's 242 native methods...
09-22 07:09:33.006  2065  2065 D         : HostConnection::get() New Host Connection established 0x91cab300, tid 2065
09-22 07:09:33.013  2182  2182 I LoadedApk: No resource references to update in package FFFFFFFFFFFFFFFFFFFFFF
09-22 07:09:33.017  1975  1975 D NetworkSecurityConfig: No Network Security Config specified, using platform default
09-22 07:09:33.021  1975  1975 I ProviderInstaller: Installed default security provider GmsCore_OpenSSL
09-22 07:09:33.031  1601  1614 I GnssLocationProvider: WakeLock released by handleMessage(12, 0, null)
09-22 07:09:33.035  2065  2139 V GridSizeMigrationTask: Workspace migration completed in 74
09-22 07:09:33.036  2065  2139 D Launcher.Model: loadWorkspace: loading default favorites
09-22 07:09:33.043  1327  1644 D gralloc_ranchu: gralloc_alloc: format 1 and usage 0x900 imply creation of host color buffer
09-22 07:09:33.044  2065  2203 D         : HostConnection::get() New Host Connection established 0x91caba80, tid 2203
09-22 07:09:33.044  1601  2044 I Telecom : : Sending phone-account registered intent as user: TSI.rPA@AAU
09-22 07:09:33.045  2065  2203 I OpenGLRenderer: Initialized EGL, version 1.4
09-22 07:09:33.045  2065  2203 D OpenGLRenderer: Swap behavior 1
09-22 07:09:33.045  2065  2203 W OpenGLRenderer: Failed to choose config with EGL_SWAP_BEHAVIOR_PRESERVED, retrying without...
09-22 07:09:33.045  2065  2203 D OpenGLRenderer: Swap behavior 0
09-22 07:09:33.047  1810  1810 I Telephony: AccountEntry: Registered phoneAccount: [[ ] PhoneAccount: ComponentInfo{com.android.phone/com.android.services.telephony.TelephonyConnectionService}, [e0184adedf913b076626646d3f52c3b49c39ad6d], UserHandle{0} Capabilities: CallProvider MultiUser PlaceEmerg SimSub  Schemes: tel voicemail  Extras: null GroupId: [da39a3ee5e6b4b0d3255bfef95601890afd80709]] with handle: ComponentInfo{com.android.phone/com.android.services.telephony.TelephonyConnectionService}, [e0184adedf913b076626646d3f52c3b49c39ad6d], UserHandle{0}
09-22 07:09:33.056  1327  1644 D gralloc_ranchu: gralloc_alloc: format 1 and usage 0x900 imply creation of host color buffer
09-22 07:09:33.061  1327  1366 D gralloc_ranchu: gralloc_alloc: format 1 and usage 0x933 imply creation of host color buffer
09-22 07:09:33.061  1327  1366 D         : HostConnection::get() New Host Connection established 0xb3f9c280, tid 1366
09-22 07:09:33.063  1810  1810 I Telephony: PstnIncomingCallNotifier: Registering: Handler (com.android.internal.telephony.GsmCdmaPhone) {545c35a}
09-22 07:09:33.075  1327  1367 D gralloc_ranchu: gralloc_alloc: format 2 and usage 0x933 imply creation of host color buffer
09-22 07:09:33.078  1327  1644 D gralloc_ranchu: gralloc_alloc: format 1 and usage 0x900 imply creation of host color buffer
09-22 07:09:33.119  2182  2182 W linker  : /system/priv-app/PrebuiltGmsCore/PrebuiltGmsCore.apk!/lib/x86/libgmscore.so: unused DT entry: type 0x7ffffffd arg 0x754
09-22 07:09:33.124  2182  2182 W linker  : /system/priv-app/PrebuiltGmsCore/PrebuiltGmsCore.apk!/lib/x86/libconscrypt_gmscore_jni.so: unused DT entry: type 0x7ffffffd arg 0x174
09-22 07:09:33.126  2182  2182 V JNIHelp : Registering com/google/android/gms/org/conscrypt/NativeCrypto's 242 native methods...
09-22 07:09:33.139  1810  1810 E PhoneInterfaceManager: [PhoneIntfMgr] getIccId: No UICC
09-22 07:09:33.141  1601  2061 I Telecom : PhoneAccountRegistrar: [ComponentInfo{com.android.phone/com.android.services.telephony.TelephonyConnectionService}, [e0184adedf913b076626646d3f52c3b49c39ad6d], UserHandle{0}(icon: Icon(typ=BITMAP size=57x72) -> Icon(typ=BITMAP size=57x72))]: TSI.rPA@AAg
09-22 07:09:33.142  1601  2061 I Telecom : : Sending phone-account registered intent as user: TSI.rPA@AAg
09-22 07:09:33.180  2182  2182 D NetworkSecurityConfig: No Network Security Config specified, using platform default
09-22 07:09:33.182  2182  2182 I ProviderInstaller: Installed default security provider GmsCore_OpenSSL
09-22 07:09:33.185  1810  1810 D MccTable: updateMccMncConfiguration mccmnc='310260' fromServiceState=false
09-22 07:09:33.198  1810  1810 D MccTable: updateMccMncConfiguration defaultMccMnc=
09-22 07:09:33.198  1810  1810 D MccTable: updateMccMncConfiguration: mcc=310, mnc=260
09-22 07:09:33.199  1810  1810 D MccTable: updateMccMncConfiguration updateConfig config={1.0 310mcc260mnc ?localeList ?layoutDir ?swdp ?wdp ?hdp ?density ?lsize ?long ?orien ?uimode ?night ?touch ?keyb/?/? ?nav/?}
09-22 07:09:33.199  1601  1791 I ActivityManager: Config changes=3 {1.0 310mcc260mnc [en_US] ldltr sw360dp w360dp h568dp 480dpi nrml port finger qwerty/v/v -nav/h s.6}
09-22 07:09:33.227  2065  2076 I art     : Background partial concurrent mark sweep GC freed 4071(208KB) AllocSpace objects, 12(2MB) LOS objects, 35% free, 7MB/11MB, paused 7.815ms total 27.453ms
09-22 07:09:33.248  1601  1601 I GnssLocationProvider: WakeLock acquired by sendMessage(12, 0, null)
09-22 07:09:33.250  1810  1810 I Telephony: PstnIncomingCallNotifier: Unregistering: Handler (com.android.internal.telephony.GsmCdmaPhone) {545c35a}
09-22 07:09:33.253  1810  1810 E PhoneInterfaceManager: [PhoneIntfMgr] getIccId: No UICC
09-22 07:09:33.256  1601  1613 I Telecom : PhoneAccountRegistrar: [ComponentInfo{com.android.phone/com.android.services.telephony.TelephonyConnectionService}, [e0184adedf913b076626646d3f52c3b49c39ad6d], UserHandle{0}(addr: tel:*********** -> tel:)(icon: Icon(typ=BITMAP size=57x72) -> Icon(typ=BITMAP size=57x72))(subAddr: tel:*********** -> tel:)]: TSI.rPA@AAk
09-22 07:09:33.259  1601  1613 I Telecom : : Sending phone-account registered intent as user: TSI.rPA@AAk
09-22 07:09:33.259  1810  1810 I Telephony: AccountEntry: Registered phoneAccount: [[ ] PhoneAccount: ComponentInfo{com.android.phone/com.android.services.telephony.TelephonyConnectionService}, [e0184adedf913b076626646d3f52c3b49c39ad6d], UserHandle{0} Capabilities: CallProvider MultiUser PlaceEmerg SimSub  Schemes: tel voicemail  Extras: null GroupId: [da39a3ee5e6b4b0d3255bfef95601890afd80709]] with handle: ComponentInfo{com.android.phone/com.android.services.telephony.TelephonyConnectionService}, [e0184adedf913b076626646d3f52c3b49c39ad6d], UserHandle{0}
09-22 07:09:33.260  1810  1810 I Telephony: PstnIncomingCallNotifier: Registering: Handler (com.android.internal.telephony.GsmCdmaPhone) {545c35a}
09-22 07:09:33.263  1999  1999 W KeyphraseEnrollmentInfo: No Enrollment application supports the given keyphrase/locale
09-22 07:09:33.265  1601  1601 I GnssLocationProvider: WakeLock acquired by sendMessage(12, 0, null)
09-22 07:09:33.266  1810  1810 E PhoneInterfaceManager: [PhoneIntfMgr] getIccId: No UICC
09-22 07:09:33.269  1601  2030 I Telecom : PhoneAccountRegistrar: [ComponentInfo{com.android.phone/com.android.services.telephony.TelephonyConnectionService}, [e0184adedf913b076626646d3f52c3b49c39ad6d], UserHandle{0}(icon: Icon(typ=BITMAP size=57x72) -> Icon(typ=BITMAP size=57x72))]: TSI.rPA@AAw
09-22 07:09:33.270  1601  2030 I Telecom : : Sending phone-account registered intent as user: TSI.rPA@AAw
09-22 07:09:33.277  1810  1810 I Telephony: PstnIncomingCallNotifier: Unregistering: Handler (com.android.internal.telephony.GsmCdmaPhone) {545c35a}
09-22 07:09:33.277  1810  1810 E PhoneInterfaceManager: [PhoneIntfMgr] getIccId: No UICC
09-22 07:09:33.279  1601  2064 I Telecom : PhoneAccountRegistrar: [ComponentInfo{com.android.phone/com.android.services.telephony.TelephonyConnectionService}, [e0184adedf913b076626646d3f52c3b49c39ad6d], UserHandle{0}(icon: Icon(typ=BITMAP size=57x72) -> Icon(typ=BITMAP size=57x72))]: TSI.rPA@AA0
09-22 07:09:33.280  1601  2064 I Telecom : : Sending phone-account registered intent as user: TSI.rPA@AA0
09-22 07:09:33.283  1810  1810 I Telephony: AccountEntry: Registered phoneAccount: [[ ] PhoneAccount: ComponentInfo{com.android.phone/com.android.services.telephony.TelephonyConnectionService}, [e0184adedf913b076626646d3f52c3b49c39ad6d], UserHandle{0} Capabilities: CallProvider MultiUser PlaceEmerg SimSub  Schemes: tel voicemail  Extras: null GroupId: [da39a3ee5e6b4b0d3255bfef95601890afd80709]] with handle: ComponentInfo{com.android.phone/com.android.services.telephony.TelephonyConnectionService}, [e0184adedf913b076626646d3f52c3b49c39ad6d], UserHandle{0}
09-22 07:09:33.287  1810  1810 I Telephony: PstnIncomingCallNotifier: Registering: Handler (com.android.internal.telephony.GsmCdmaPhone) {545c35a}
09-22 07:09:33.303  1690  1690 D ViewRootImpl[StatusBar]: changeCanvasOpacity: opaque=true
09-22 07:09:33.308  1810  1810 D MccTable: updateMccMncConfiguration mccmnc='310260' fromServiceState=false
09-22 07:09:33.308  1601  1601 V BackupManagerService: Connected to transport ComponentInfo{com.google.android.gms/com.google.android.gms.backup.BackupTransportService}
09-22 07:09:33.308  1810  1810 D MccTable: updateMccMncConfiguration defaultMccMnc=310260
09-22 07:09:33.308  1810  1810 D MccTable: updateMccMncConfiguration: mcc=310, mnc=260
09-22 07:09:33.309  1810  1810 D MccTable: updateMccMncConfiguration updateConfig config={1.0 310mcc260mnc ?localeList ?layoutDir ?swdp ?wdp ?hdp ?density ?lsize ?long ?orien ?uimode ?night ?touch ?keyb/?/? ?nav/?}
09-22 07:09:33.309  1601  1601 V BackupManagerService: Registering transport com.google.android.gms/.backup.BackupTransportService::com.google.android.gms/.backup.BackupTransportService = com.android.internal.backup.IBackupTransport$Stub$Proxy@58dae7f
09-22 07:09:33.310  1601  1614 I GnssLocationProvider: WakeLock released by handleMessage(12, 0, null)
09-22 07:09:33.314  1601  1616 V KeyguardServiceDelegate: *** Keyguard connected (yay!)
09-22 07:09:33.328  1601  1614 W GnssLocationProvider: Could not open GPS configuration file /etc/gps.conf
09-22 07:09:33.329  1601  1614 E GnssLocationProvider: no AGPS interface in set_agps_server
09-22 07:09:33.329  1601  1614 I GnssLocationProvider: WakeLock released by handleMessage(12, 0, null)
09-22 07:09:33.336  1975  1975 I GCoreNlp: shouldConfirmNlp, NLP off. Ensuring opt-in disabled
09-22 07:09:33.353  2241  2241 W art     : Unexpected CPU variant for X86 using defaults: x86
09-22 07:09:33.359  1601  1698 I ActivityManager: Start proc 2241:android.process.media/u0a8 for broadcast com.android.providers.downloads/.DownloadReceiver
09-22 07:09:33.362  2141  2240 E ActivityThread: Failed to find provider info for com.google.android.partnersetup.rlzappprovider
09-22 07:09:33.378  2065  2139 W Launcher.Model: LoaderTask running with no launcher (loadAllApps)
09-22 07:09:33.383  2141  2141 E OverlaySController: Calling with an invalid UID, the interface will not work
09-22 07:09:33.390  2241  2241 W System  : ClassLoader referenced unknown path: /system/priv-app/DownloadProvider/lib/x86
09-22 07:09:33.399  2241  2241 W System  : ClassLoader referenced unknown path: /system/priv-app/MediaProvider/lib/x86
09-22 07:09:33.400  2241  2241 D ApplicationLoaders: ignored Vulkan layer search path /system/priv-app/MediaProvider/lib/x86:/system/priv-app/MediaProvider/MediaProvider.apk!/lib/x86:/system/lib:/vendor/lib for namespace 0xada85090
09-22 07:09:33.406  1690  1922 D         : HostConnection::get() New Host Connection established 0x9de1abc0, tid 1922
09-22 07:09:33.408  1690  1922 I OpenGLRenderer: Initialized EGL, version 1.4
09-22 07:09:33.408  1690  1922 D OpenGLRenderer: Swap behavior 1
09-22 07:09:33.409  1690  1922 W OpenGLRenderer: Failed to choose config with EGL_SWAP_BEHAVIOR_PRESERVED, retrying without...
09-22 07:09:33.409  1690  1922 D OpenGLRenderer: Swap behavior 0
09-22 07:09:33.412  1327  1643 D gralloc_ranchu: gralloc_alloc: format 1 and usage 0x900 imply creation of host color buffer
09-22 07:09:33.417  1601  1601 I GnssLocationProvider: WakeLock acquired by sendMessage(12, 0, null)
09-22 07:09:33.417  1810  1810 D MccTable: updateMccMncConfiguration mccmnc='310260' fromServiceState=false
09-22 07:09:33.418  1810  1810 D MccTable: updateMccMncConfiguration defaultMccMnc=310260
09-22 07:09:33.418  1810  1810 D MccTable: updateMccMncConfiguration: mcc=310, mnc=260
09-22 07:09:33.418  1810  1810 D MccTable: updateMccMncConfiguration updateConfig config={1.0 310mcc260mnc ?localeList ?layoutDir ?swdp ?wdp ?hdp ?density ?lsize ?long ?orien ?uimode ?night ?touch ?keyb/?/? ?nav/?}
09-22 07:09:33.432  1601  1616 W WindowManager: Keyguard drawn timeout. Setting mKeyguardDrawComplete
09-22 07:09:33.433  1601  1614 W GnssLocationProvider: Could not open GPS configuration file /etc/gps.conf
09-22 07:09:33.433  1601  1614 E GnssLocationProvider: no AGPS interface in set_agps_server
09-22 07:09:33.434  1601  1614 I GnssLocationProvider: WakeLock released by handleMessage(12, 0, null)
09-22 07:09:33.444  1327  1643 D gralloc_ranchu: gralloc_alloc: format 1 and usage 0x900 imply creation of host color buffer
09-22 07:09:33.455  1327  1643 D gralloc_ranchu: gralloc_alloc: format 1 and usage 0x900 imply creation of host color buffer
09-22 07:09:33.474  1601  1601 I GnssLocationProvider: WakeLock acquired by sendMessage(12, 0, null)
09-22 07:09:33.482  1690  1690 I OpaLayout: Setting opa enabled to false
09-22 07:09:33.483  1690  1690 I OpaLayout: Setting opa enabled to false
09-22 07:09:33.489  1601  1614 W GnssLocationProvider: Could not open GPS configuration file /etc/gps.conf
09-22 07:09:33.490  1601  1614 E GnssLocationProvider: no AGPS interface in set_agps_server
09-22 07:09:33.490  1601  1614 I GnssLocationProvider: WakeLock released by handleMessage(12, 0, null)
09-22 07:09:33.490  1601  1601 D WifiService: resetting networks because SIM was loaded
09-22 07:09:33.492  1810  1810 D CarrierConfigLoader: update config for phoneId: 0 simState: LOADED
09-22 07:09:33.492  1810  1810 D CarrierSvcBindHelper: update binding for phoneId: 0 simState: LOADED
09-22 07:09:33.505  1327  1644 D gralloc_ranchu: gralloc_alloc: format 1 and usage 0x900 imply creation of host color buffer
09-22 07:09:33.507  1327  1644 D gralloc_ranchu: gralloc_alloc: format 1 and usage 0x900 imply creation of host color buffer
09-22 07:09:33.508  1327  1644 D gralloc_ranchu: gralloc_alloc: format 1 and usage 0x900 imply creation of host color buffer
09-22 07:09:33.511  1327  1643 D gralloc_ranchu: gralloc_alloc: format 1 and usage 0x900 imply creation of host color buffer
09-22 07:09:33.523  1601  1614 W GnssLocationProvider: Could not open GPS configuration file /etc/gps.conf
09-22 07:09:33.523  1601  1614 E GnssLocationProvider: no AGPS interface in set_agps_server
09-22 07:09:33.524  1601  2030 I Telecom : PhoneAccountRegistrar: [ComponentInfo{com.android.phone/com.android.services.telephony.TelephonyConnectionService}, [e0184adedf913b076626646d3f52c3b49c39ad6d], UserHandle{0}(icon: Icon(typ=BITMAP size=57x72) -> Icon(typ=BITMAP size=57x72))]: TSI.rPA@ABA
09-22 07:09:33.526  1601  2030 I Telecom : : Sending phone-account registered intent as user: TSI.rPA@ABA
09-22 07:09:33.527  1327  1643 D gralloc_ranchu: gralloc_alloc: format 1 and usage 0x900 imply creation of host color buffer
09-22 07:09:33.533  2141  2232 I GrammarCompilationSvcCt: Grammar compilation alarm set for interval 604800000
09-22 07:09:33.537  1999  1999 I GsaVoiceInteractionSrv: Not calling getSupportedRecognitionModes. Availability: -2
09-22 07:09:33.553  1810  1810 D TelephonyProvider: subIdString = 1 subId = 1
09-22 07:09:33.554  1327  1643 D gralloc_ranchu: gralloc_alloc: format 1 and usage 0x900 imply creation of host color buffer
09-22 07:09:33.580  1601  1653 D WifiService: New client listening to asynchronous messages
09-22 07:09:33.598  1810  1810 I Telephony: PstnIncomingCallNotifier: Unregistering: Handler (com.android.internal.telephony.GsmCdmaPhone) {545c35a}
09-22 07:09:33.606  1601  2061 I Telecom : PhoneAccountRegistrar: New phone account registered: [[ ] PhoneAccount: ComponentInfo{com.android.phone/com.android.services.telephony.TelephonyConnectionService}, [e2f7d48dd2b5ca523e7313cf4ba0f6ea830b6281], UserHandle{0} Capabilities: CallProvider MultiUser PlaceEmerg SimSub  Schemes: tel voicemail  Extras: null GroupId: [da39a3ee5e6b4b0d3255bfef95601890afd80709]]: TSI.rPA@ABE
09-22 07:09:33.608  1601  2061 I Telecom : : Sending phone-account registered intent as user: TSI.rPA@ABE
09-22 07:09:33.609  1810  1810 I Telephony: AccountEntry: Registered phoneAccount: [[ ] PhoneAccount: ComponentInfo{com.android.phone/com.android.services.telephony.TelephonyConnectionService}, [e2f7d48dd2b5ca523e7313cf4ba0f6ea830b6281], UserHandle{0} Capabilities: CallProvider MultiUser PlaceEmerg SimSub  Schemes: tel voicemail  Extras: null GroupId: [da39a3ee5e6b4b0d3255bfef95601890afd80709]] with handle: ComponentInfo{com.android.phone/com.android.services.telephony.TelephonyConnectionService}, [e2f7d48dd2b5ca523e7313cf4ba0f6ea830b6281], UserHandle{0}
09-22 07:09:33.609  1810  1810 I Telephony: PstnIncomingCallNotifier: Registering: Handler (com.android.internal.telephony.GsmCdmaPhone) {545c35a}
09-22 07:09:33.613  1690  1705 I art     : Background sticky concurrent mark sweep GC freed 2628(196KB) AllocSpace objects, 5(108KB) LOS objects, 0% free, 15MB/15MB, paused 25.024ms total 40.508ms
09-22 07:09:33.615  1810  1810 I Telephony: TelecomAccountRegistry: Unregistering phone account ComponentInfo{com.android.phone/com.android.services.telephony.TelephonyConnectionService}, [e0184adedf913b076626646d3f52c3b49c39ad6d], UserHandle{0}.
09-22 07:09:33.617  1601  2044 I Telecom : : Sending phone-account unregistered intent as user: TSI.uPA@ABM
09-22 07:09:33.627  2241  2241 D MediaScannerReceiver: action: android.intent.action.MEDIA_MOUNTED path: /storage/110A-3C16
09-22 07:09:33.629  1601  1601 I GnssLocationProvider: WakeLock acquired by sendMessage(12, 0, null)
09-22 07:09:33.634  1601  1614 W GnssLocationProvider: Could not open GPS configuration file /etc/gps.conf
09-22 07:09:33.634  1601  1614 E GnssLocationProvider: no AGPS interface in set_agps_server
09-22 07:09:33.635  1601  1614 I GnssLocationProvider: WakeLock released by handleMessage(12, 0, null)
09-22 07:09:33.644  1601  1601 I GnssLocationProvider: WakeLock acquired by sendMessage(12, 0, null)
09-22 07:09:33.655  1601  1622 I ActivityManager: Displayed com.google.android.apps.nexuslauncher/.NexusLauncherActivity: +951ms
09-22 07:09:33.656  1810  1810 D TelephonyProvider: subIdString = 1 subId = 1
09-22 07:09:33.667  1601  1614 W GnssLocationProvider: Could not open GPS configuration file /etc/gps.conf
09-22 07:09:33.667  1601  1614 E GnssLocationProvider: no AGPS interface in set_agps_server
09-22 07:09:33.669  1601  1614 I GnssLocationProvider: WakeLock released by handleMessage(12, 0, null)
09-22 07:09:33.688  1975  1975 W Settings: Setting airplane_mode_on has moved from android.provider.Settings.System to android.provider.Settings.Global, returning read-only value.
09-22 07:09:33.694  1690  1690 W KeyguardUpdateMonitor: invalid subId in handleSimStateChange()
09-22 07:09:33.704  1810  1810 I Telephony: PstnIncomingCallNotifier: Unregistering: Handler (com.android.internal.telephony.GsmCdmaPhone) {545c35a}
09-22 07:09:33.705  1975  2261 W GCoreFlp: No location to return for getLastLocation()
09-22 07:09:33.719  1975  1975 W Backup  : [GmsBackupAccountManager] Backup account not found in gmscore.
09-22 07:09:33.725  1601  2061 I Telecom : PhoneAccountRegistrar: [ComponentInfo{com.android.phone/com.android.services.telephony.TelephonyConnectionService}, [e2f7d48dd2b5ca523e7313cf4ba0f6ea830b6281], UserHandle{0}(icon: Icon(typ=BITMAP size=57x72) -> Icon(typ=BITMAP size=57x72))]: TSI.rPA@ABU
09-22 07:09:33.726  1601  2061 I Telecom : : Sending phone-account registered intent as user: TSI.rPA@ABU
09-22 07:09:33.728  1810  1810 I Telephony: AccountEntry: Registered phoneAccount: [[ ] PhoneAccount: ComponentInfo{com.android.phone/com.android.services.telephony.TelephonyConnectionService}, [e2f7d48dd2b5ca523e7313cf4ba0f6ea830b6281], UserHandle{0} Capabilities: CallProvider MultiUser PlaceEmerg SimSub  Schemes: tel voicemail  Extras: null GroupId: [da39a3ee5e6b4b0d3255bfef95601890afd80709]] with handle: ComponentInfo{com.android.phone/com.android.services.telephony.TelephonyConnectionService}, [e2f7d48dd2b5ca523e7313cf4ba0f6ea830b6281], UserHandle{0}
09-22 07:09:33.728  1810  1810 I Telephony: PstnIncomingCallNotifier: Registering: Handler (com.android.internal.telephony.GsmCdmaPhone) {545c35a}
09-22 07:09:33.730  1327  1366 E SurfaceFlinger: ro.sf.lcd_density must be defined as a build property
09-22 07:09:33.736  2141  2141 D         : HostConnection::get() New Host Connection established 0x8c44e100, tid 2141
09-22 07:09:33.751  1810  1810 I Telephony: PstnIncomingCallNotifier: Unregistering: Handler (com.android.internal.telephony.GsmCdmaPhone) {545c35a}
09-22 07:09:33.756  1601  2044 I Telecom : PhoneAccountRegistrar: [ComponentInfo{com.android.phone/com.android.services.telephony.TelephonyConnectionService}, [e2f7d48dd2b5ca523e7313cf4ba0f6ea830b6281], UserHandle{0}(icon: Icon(typ=BITMAP size=57x72) -> Icon(typ=BITMAP size=57x72))]: TSI.rPA@ABg
09-22 07:09:33.757  1601  2044 I Telecom : : Sending phone-account registered intent as user: TSI.rPA@ABg
09-22 07:09:33.757  1810  1810 I Telephony: AccountEntry: Registered phoneAccount: [[ ] PhoneAccount: ComponentInfo{com.android.phone/com.android.services.telephony.TelephonyConnectionService}, [e2f7d48dd2b5ca523e7313cf4ba0f6ea830b6281], UserHandle{0} Capabilities: CallProvider MultiUser PlaceEmerg SimSub  Schemes: tel voicemail  Extras: null GroupId: [da39a3ee5e6b4b0d3255bfef95601890afd80709]] with handle: ComponentInfo{com.android.phone/com.android.services.telephony.TelephonyConnectionService}, [e2f7d48dd2b5ca523e7313cf4ba0f6ea830b6281], UserHandle{0}
09-22 07:09:33.758  1810  1810 I Telephony: PstnIncomingCallNotifier: Registering: Handler (com.android.internal.telephony.GsmCdmaPhone) {545c35a}
09-22 07:09:33.760  1810  1810 D CarrierConfigLoader: mHandler: 7 phoneId: 0
09-22 07:09:33.760  1810  1810 E CarrierConfigLoader: Failed to get package version for: com.android.carrierconfig
09-22 07:09:33.760  1810  1810 D CarrierConfigLoader: Binding to com.android.carrierconfig for phone 0
09-22 07:09:33.761  1601  1613 W ActivityManager: Unable to start service Intent { act=android.service.carrier.CarrierService pkg=com.android.carrierconfig } U=0: not found
09-22 07:09:33.761  1810  1810 D CarrierSvcBindHelper: mHandler: 0
09-22 07:09:33.761  1810  1810 D CarrierSvcBindHelper: Rebinding if necessary for phoneId: 0
09-22 07:09:33.762  1810  1810 D CarrierSvcBindHelper: No carrier app for: 0
09-22 07:09:33.765  1601  1601 I Telecom : PhoneAccountRegistrar: SimCallManager queried, returning: null: TSI.gSCMFU@ABs
09-22 07:09:33.770  1327  1643 D gralloc_ranchu: gralloc_alloc: format 1 and usage 0x900 imply creation of host color buffer
09-22 07:09:33.774  2141  2292 D         : HostConnection::get() New Host Connection established 0x8caa8a00, tid 2292
09-22 07:09:33.776  2141  2292 I OpenGLRenderer: Initialized EGL, version 1.4
09-22 07:09:33.776  2141  2292 D OpenGLRenderer: Swap behavior 1
09-22 07:09:33.776  2141  2292 W OpenGLRenderer: Failed to choose config with EGL_SWAP_BEHAVIOR_PRESERVED, retrying without...
09-22 07:09:33.776  2141  2292 D OpenGLRenderer: Swap behavior 0
09-22 07:09:33.780  1810  1810 I Telephony: PstnIncomingCallNotifier: Unregistering: Handler (com.android.internal.telephony.GsmCdmaPhone) {545c35a}
09-22 07:09:33.792  2241  2241 D MediaScannerReceiver: action: android.intent.action.MEDIA_MOUNTED path: /storage/emulated/0
09-22 07:09:33.802  1601  2063 I Telecom : PhoneAccountRegistrar: [ComponentInfo{com.android.phone/com.android.services.telephony.TelephonyConnectionService}, [e2f7d48dd2b5ca523e7313cf4ba0f6ea830b6281], UserHandle{0}(icon: Icon(typ=BITMAP size=57x72) -> Icon(typ=BITMAP size=57x72))]: TSI.rPA@ABw
09-22 07:09:33.803  1601  2063 I Telecom : : Sending phone-account registered intent as user: TSI.rPA@ABw
09-22 07:09:33.804  1810  1810 I Telephony: AccountEntry: Registered phoneAccount: [[ ] PhoneAccount: ComponentInfo{com.android.phone/com.android.services.telephony.TelephonyConnectionService}, [e2f7d48dd2b5ca523e7313cf4ba0f6ea830b6281], UserHandle{0} Capabilities: CallProvider MultiUser PlaceEmerg SimSub  Schemes: tel voicemail  Extras: null GroupId: [da39a3ee5e6b4b0d3255bfef95601890afd80709]] with handle: ComponentInfo{com.android.phone/com.android.services.telephony.TelephonyConnectionService}, [e2f7d48dd2b5ca523e7313cf4ba0f6ea830b6281], UserHandle{0}
09-22 07:09:33.804  1810  1810 I Telephony: PstnIncomingCallNotifier: Registering: Handler (com.android.internal.telephony.GsmCdmaPhone) {545c35a}
09-22 07:09:33.807  1327  1643 D gralloc_ranchu: gralloc_alloc: format 1 and usage 0x900 imply creation of host color buffer
09-22 07:09:33.811  1810  1810 I Telephony: PstnIncomingCallNotifier: Unregistering: Handler (com.android.internal.telephony.GsmCdmaPhone) {545c35a}
09-22 07:09:33.817  1601  2061 I Telecom : PhoneAccountRegistrar: [ComponentInfo{com.android.phone/com.android.services.telephony.TelephonyConnectionService}, [e2f7d48dd2b5ca523e7313cf4ba0f6ea830b6281], UserHandle{0}(icon: Icon(typ=BITMAP size=57x72) -> Icon(typ=BITMAP size=57x72))]: TSI.rPA@AB8
09-22 07:09:33.817  1601  2061 I Telecom : : Sending phone-account registered intent as user: TSI.rPA@AB8
09-22 07:09:33.818  1810  1810 I Telephony: AccountEntry: Registered phoneAccount: [[ ] PhoneAccount: ComponentInfo{com.android.phone/com.android.services.telephony.TelephonyConnectionService}, [e2f7d48dd2b5ca523e7313cf4ba0f6ea830b6281], UserHandle{0} Capabilities: CallProvider MultiUser PlaceEmerg SimSub  Schemes: tel voicemail  Extras: null GroupId: [da39a3ee5e6b4b0d3255bfef95601890afd80709]] with handle: ComponentInfo{com.android.phone/com.android.services.telephony.TelephonyConnectionService}, [e2f7d48dd2b5ca523e7313cf4ba0f6ea830b6281], UserHandle{0}
09-22 07:09:33.818  1810  1810 I Telephony: PstnIncomingCallNotifier: Registering: Handler (com.android.internal.telephony.GsmCdmaPhone) {545c35a}
09-22 07:09:33.821  1810  1810 I NotificationMgr: updateMwi(): subId 1 update to false
09-22 07:09:33.822  1327  1643 D gralloc_ranchu: gralloc_alloc: format 1 and usage 0x900 imply creation of host color buffer
09-22 07:09:33.833  1601  2058 I Telecom : PhoneAccountRegistrar: [ComponentInfo{com.android.phone/com.android.services.telephony.TelephonyConnectionService}, [e2f7d48dd2b5ca523e7313cf4ba0f6ea830b6281], UserHandle{0}(icon: Icon(typ=BITMAP size=57x72) -> Icon(typ=BITMAP size=57x72))]: TSI.rPA@ACI
09-22 07:09:33.834  1601  2058 I Telecom : : Sending phone-account registered intent as user: TSI.rPA@ACI
09-22 07:09:33.836  1810  1810 D TelephonyProvider: subIdString = 1 subId = 1
09-22 07:09:33.840  1975  2276 I GeofencerStateMachine: Network location disabled.
09-22 07:09:33.853  1975  2300 E BluetoothAdapter: Bluetooth binder is null
09-22 07:09:33.875  1601  2016 D ConnectivityService: registerNetworkAgent NetworkAgentInfo{ ni{[type: MOBILE[LTE], state: CONNECTED/CONNECTED, reason: connected, extra: epc.tmobile.com, failover: false, available: true, roaming: false, metered: true]}  network{100}  nethandle{429513165534}  lp{{InterfaceName: eth0 LinkAddresses: [10.0.2.15/32,]  Routes: [0.0.0.0/0 -> 10.0.2.2 eth0,] DnsAddresses: [10.0.2.3,] Domains: null MTU: 1500 TcpBufferSizes: 524288,1048576,2097152,262144,524288,1048576}}  nc{[ Transports: CELLULAR Capabilities: MMS&SUPL&FOTA&IMS&CBS&IA&INTERNET&NOT_RESTRICTED&TRUSTED&NOT_VPN LinkUpBandwidth>=51200Kbps LinkDnBandwidth>=102400Kbps Specifier: <1>]}  Score{10}  everValidated{false}  lastValidated{false}  created{false} lingering{false} explicitlySelected{false} acceptUnvalidated{false} everCaptivePortalDetected{false} lastCaptivePortalDetected{false} }
09-22 07:09:33.882  1601  1612 V KeyguardServiceDelegate: **** SHOWN CALLED ****
09-22 07:09:33.884  1601  1612 D NetworkNotificationManager: clearNotification id=65537
09-22 07:09:33.888  1810  1821 I art     : Background partial concurrent mark sweep GC freed 28424(3MB) AllocSpace objects, 34(784KB) LOS objects, 39% free, 6MB/10MB, paused 7.048ms total 33.557ms
09-22 07:09:33.888  2121  2121 I CalendarProvider2: Sending notification intent: Intent { act=android.intent.action.PROVIDER_CHANGED dat=content://com.android.calendar flg=0x20000000 }
09-22 07:09:33.888  2121  2121 W ContentResolver: Failed to get type for: content://com.android.calendar (Unknown URL content://com.android.calendar)
09-22 07:09:33.892  1601  1658 D ConnectivityService: NetworkAgentInfo [MOBILE (LTE) - 100] EVENT_NETWORK_INFO_CHANGED, going from null to CONNECTED
09-22 07:09:33.893  1601  1658 D ConnectivityService: Adding iface eth0 to network 100
09-22 07:09:33.905  1601  1658 D ConnectivityService: Setting DNS servers for network 100 to [/10.0.2.3]
09-22 07:09:33.911  1690  1690 E SignalClusterView: Unexpected subscription 1
09-22 07:09:33.911  1690  1690 E SignalClusterView: Unexpected subscription 1
09-22 07:09:33.913  1690  1690 W KeyguardUpdateMonitor: invalid subId in handleSimStateChange()
09-22 07:09:33.915  1601  1658 D ConnectivityService: Switching to new default network: NetworkAgentInfo{ ni{[type: MOBILE[LTE], state: CONNECTED/CONNECTED, reason: connected, extra: epc.tmobile.com, failover: false, available: true, roaming: false, metered: true]}  network{100}  nethandle{429513165534}  lp{{InterfaceName: eth0 LinkAddresses: [10.0.2.15/32,]  Routes: [0.0.0.0/0 -> 10.0.2.2 eth0,] DnsAddresses: [10.0.2.3,] Domains: null MTU: 1500 TcpBufferSizes: 524288,1048576,2097152,262144,524288,1048576}}  nc{[ Transports: CELLULAR Capabilities: MMS&SUPL&FOTA&IMS&CBS&IA&INTERNET&NOT_RESTRICTED&TRUSTED&NOT_VPN&FOREGROUND LinkUpBandwidth>=51200Kbps LinkDnBandwidth>=102400Kbps Specifier: <1>]}  Score{10}  everValidated{false}  lastValidated{false}  created{true} lingering{false} explicitlySelected{false} acceptUnvalidated{false} everCaptivePortalDetected{false} lastCaptivePortalDetected{false} }
